Component: ARM Compiler 5.06 update 3 (build 300) Tool: armlink [4d35c9]

==============================================================================

Section Cross References

    startup_stm32f10x_hd.o(RESET) refers to startup_stm32f10x_hd.o(.text) for Reset_Handler
    startup_stm32f10x_hd.o(RESET) refers to stm32f10x_it.o(.text) for NMI_Handler
    startup_stm32f10x_hd.o(RESET) refers to rtc.o(.text) for RTC_IRQHandler
    startup_stm32f10x_hd.o(RESET) refers to bsp_usart.o(.text) for USART1_IRQHandler
    startup_stm32f10x_hd.o(.text) refers to system_stm32f10x.o(.text) for SystemInit
    startup_stm32f10x_hd.o(.text) refers to entry.o(.ARM.Collect$$$$00000000) for __main
    system_stm32f10x.o(.text) refers to system_stm32f10x.o(.data) for SystemCoreClock
    stm32f10x_adc.o(.text) refers to stm32f10x_rcc.o(.text) for RCC_APB2PeriphResetCmd
    stm32f10x_bkp.o(.text) refers to stm32f10x_rcc.o(.text) for RCC_BackupResetCmd
    stm32f10x_can.o(.text) refers to stm32f10x_rcc.o(.text) for RCC_APB1PeriphResetCmd
    stm32f10x_cec.o(.text) refers to stm32f10x_rcc.o(.text) for RCC_APB1PeriphResetCmd
    stm32f10x_dac.o(.text) refers to stm32f10x_rcc.o(.text) for RCC_APB1PeriphResetCmd
    stm32f10x_gpio.o(.text) refers to stm32f10x_rcc.o(.text) for RCC_APB2PeriphResetCmd
    stm32f10x_i2c.o(.text) refers to stm32f10x_rcc.o(.text) for RCC_APB1PeriphResetCmd
    stm32f10x_pwr.o(.text) refers to stm32f10x_rcc.o(.text) for RCC_APB1PeriphResetCmd
    stm32f10x_rcc.o(.text) refers to stm32f10x_rcc.o(.data) for APBAHBPrescTable
    stm32f10x_spi.o(.text) refers to stm32f10x_rcc.o(.text) for RCC_APB2PeriphResetCmd
    stm32f10x_tim.o(.text) refers to stm32f10x_rcc.o(.text) for RCC_APB2PeriphResetCmd
    stm32f10x_usart.o(.text) refers to stm32f10x_rcc.o(.text) for RCC_APB2PeriphResetCmd
    stm32f10x_wwdg.o(.text) refers to stm32f10x_rcc.o(.text) for RCC_APB1PeriphResetCmd
    usb_core.o(.text) refers to usb_regs.o(.text) for ClearDTOG_TX
    usb_core.o(.text) refers to usb_init.o(.data) for pInformation
    usb_core.o(.text) refers to usb_prop.o(.data) for Device_Table
    usb_core.o(.text) refers to usb_core.o(.data) for StatusInfo
    usb_core.o(.text) refers to usb_mem.o(.text) for PMAToUserBufferCopy
    usb_core.o(.text) refers to usb_int.o(.data) for SaveRState
    usb_init.o(.text) refers to usb_init.o(.bss) for Device_Info
    usb_init.o(.text) refers to usb_init.o(.data) for pInformation
    usb_init.o(.text) refers to usb_prop.o(.data) for Device_Property
    usb_int.o(.text) refers to usb_core.o(.text) for In0_Process
    usb_int.o(.text) refers to usb_istr.o(.data) for wIstr
    usb_int.o(.text) refers to usb_init.o(.data) for EPindex
    usb_int.o(.text) refers to usb_int.o(.data) for SaveRState
    usb_sil.o(.text) refers to usb_regs.o(.text) for GetEPTxAddr
    usb_sil.o(.text) refers to usb_mem.o(.text) for UserToPMABufferCopy
    usb_sil.o(.text) refers to usb_init.o(.data) for wInterrupt_Mask
    hw_config.o(.text) refers to mass_mal.o(.text) for MAL_Init
    hw_config.o(.text) refers to stm32f10x_rcc.o(.text) for RCC_USBCLKConfig
    hw_config.o(.text) refers to misc.o(.text) for NVIC_PriorityGroupConfig
    hw_config.o(.text) refers to stm32f10x_gpio.o(.text) for GPIO_Init
    hw_config.o(.text) refers to usb_pwr.o(.data) for bDeviceState
    hw_config.o(.text) refers to usb_init.o(.bss) for Device_Info
    hw_config.o(.text) refers to usb_desc.o(.data) for MASS_StringSerial
    mass_mal.o(.text) refers to bsp_sdio_sdcard.o(.text) for SD_Init
    mass_mal.o(.text) refers to mass_mal.o(.data) for Status
    mass_mal.o(.text) refers to bsp_sdio_sdcard.o(.bss) for SDCardInfo
    memory.o(.text) refers to mass_mal.o(.text) for MAL_Read
    memory.o(.text) refers to usb_sil.o(.text) for USB_SIL_Write
    memory.o(.text) refers to usb_regs.o(.text) for SetEPTxCount
    memory.o(.text) refers to usb_bot.o(.text) for Set_CSW
    memory.o(.text) refers to memory.o(.data) for TransferState
    memory.o(.text) refers to mass_mal.o(.data) for Mass_Block_Size
    memory.o(.text) refers to memory.o(.bss) for Data_Buffer
    memory.o(.text) refers to usb_bot.o(.bss) for CSW
    memory.o(.text) refers to usb_bot.o(.data) for Bot_State
    usb_bot.o(.text) refers to usb_sil.o(.text) for USB_SIL_Write
    usb_bot.o(.text) refers to usb_regs.o(.text) for SetEPTxStatus
    usb_bot.o(.text) refers to usb_scsi.o(.text) for SCSI_Read10_Cmd
    usb_bot.o(.text) refers to usb_bot.o(.bss) for CSW
    usb_bot.o(.text) refers to usb_bot.o(.data) for Bot_State
    usb_bot.o(.text) refers to usb_prop.o(.data) for Max_Lun
    usb_endp.o(.text) refers to usb_bot.o(.text) for Mass_Storage_In
    usb_istr.o(.text) refers to usb_int.o(.text) for CTR_LP
    usb_istr.o(.text) refers to usb_istr.o(.data) for wIstr
    usb_istr.o(.text) refers to usb_init.o(.data) for wInterrupt_Mask
    usb_istr.o(.text) refers to usb_prop.o(.data) for Device_Property
    usb_istr.o(.data) refers to usb_endp.o(.text) for EP1_IN_Callback
[...]
    0x0803047c   0x000000b0   Code   RO         6920    i.ecma_regex_test   libqml.lib(ecma_regexp.o)
    0x0803052c   0x00000098   Code   RO         5835    i.ecma_setInterval  libqml.lib(ecma.o)
    0x080305c4   0x00000098   Code   RO         5836    i.ecma_setTimeout   libqml.lib(ecma.o)
    0x0803065c   0x00000110   Code   RO         5837    i.ecma_set_prototype  libqml.lib(ecma.o)
    0x0803076c   0x0000005c   Code   RO         6931    i.ecma_string       libqml.lib(ecma_string.o)
    0x080307c8   0x0000006c   Code   RO         6932    i.ecma_string_attrs_apply  libqml.lib(ecma_string.o)
    0x08030834   0x00000068   Code   RO         6933    i.ecma_string_charAt  libqml.lib(ecma_string.o)
    0x0803089c   0x00000064   Code   RO         6934    i.ecma_string_init  libqml.lib(ecma_string.o)
    0x08030900   0x0000008c   Code   RO         5838    i.ecma_timer_poll   libqml.lib(ecma.o)
    0x0803098c   0x000000d0   Code   RO         5839    i.ecma_typeof       libqml.lib(ecma.o)
    0x08030a5c   0x00000008   Code   RO         5437    i.evm_2_double      libqml.lib(evm.o)
    0x08030a64   0x00000010   Code   RO         5438    i.evm_2_integer     libqml.lib(evm.o)
    0x08030a74   0x00000010   Code   RO         5840    i.evm_2_integer     libqml.lib(ecma.o)
    0x08030a84   0x00000010   Code   RO         5895    i.evm_2_integer     libqml.lib(qml_module.o)
    0x08030a94   0x00000010   Code   RO         6376    i.evm_2_integer     libqml.lib(native.o)
    0x08030aa4   0x00000010   Code   RO         6729    i.evm_2_integer     libqml.lib(ecma_array.o)
    0x08030ab4   0x00000010   Code   RO         6843    i.evm_2_integer     libqml.lib(ecma_number.o)
    0x08030ac4   0x00000010   Code   RO         6935    i.evm_2_integer     libqml.lib(ecma_string.o)
    0x08030ad4   0x00000006   Code   RO         5439    i.evm_2_intptr      libqml.lib(evm.o)
    0x08030ada   0x00000006   Code   RO         5896    i.evm_2_intptr      libqml.lib(qml_module.o)
    0x08030ae0   0x00000006   Code   RO         6026    i.evm_2_intptr      libqml.lib(gc.o)
    0x08030ae6   0x00000006   Code   RO         6377    i.evm_2_intptr      libqml.lib(native.o)
    0x08030aec   0x00000006   Code   RO         6868    i.evm_2_intptr      libqml.lib(ecma_object.o)
    0x08030af2   0x00000006   Code   RO         6921    i.evm_2_intptr      libqml.lib(ecma_regexp.o)
    0x08030af8   0x00000050   Code   RO         5440    i.evm_2_string      libqml.lib(evm.o)
    0x08030b48   0x0000011c   Code   RO         5442    i.evm_attr_append_with_key  libqml.lib(evm.o)
    0x08030c64   0x000000c8   Code   RO         5443    i.evm_attr_create   libqml.lib(evm.o)
    0x08030d2c   0x00000030   Code   RO         5444    i.evm_attr_get      libqml.lib(evm.o)
    0x08030d5c   0x0000002c   Code   RO         5445    i.evm_attr_get_by_index  libqml.lib(evm.o)
    0x08030d88   0x0000004a   Code   RO         5446    i.evm_attr_get_by_key  libqml.lib(evm.o)
    0x08030dd2   0x00000016   Code   RO         5447    i.evm_attr_len      libqml.lib(evm.o)
    0x08030de8   0x00000044   Code   RO         5448    i.evm_attr_set      libqml.lib(evm.o)
    0x08030e2c   0x00000032   Code   RO         5449    i.evm_attr_set_by_index  libqml.lib(evm.o)
    0x08030e5e   0x0000003a   Code   RO         5450    i.evm_attr_set_key_value  libqml.lib(evm.o)
    0x08030e98   0x0000016c   Code   RO         5451    i.evm_boot          libqml.lib(evm.o)
    0x08031004   0x00000010   Code   RO         5452    i.evm_buffer_addr   libqml.lib(evm.o)
    0x08031014   0x00000084   Code   RO         5453    i.evm_buffer_create  libqml.lib(evm.o)
    0x08031098   0x0000001e   Code   RO         5454    i.evm_buffer_len    libqml.lib(evm.o)
    0x080310b6   0x0000004e   Code   RO         5455    i.evm_buffer_set    libqml.lib(evm.o)
    0x08031104   0x0000000c   Code   RO         5457    i.evm_class_get_native  libqml.lib(evm.o)
    0x08031110   0x00000044   Code   RO         5461    i.evm_deinit        libqml.lib(evm.o)
    0x08031154   0x00000204   Code   RO         5462    i.evm_errcode_print  libqml.lib(evm.o)
    0x08031358   0x00000114   Code   RO         5463    i.evm_function_duplicate  libqml.lib(evm.o)
    0x0803146c   0x000000be   Code   RO         6027    i.evm_gc_protect    libqml.lib(gc.o)
    0x0803152a   0x00000050   Code   RO         5464    i.evm_get_gc_type   libqml.lib(evm.o)
    0x0803157a   0x00000074   Code   RO         5465    i.evm_get_parent    libqml.lib(evm.o)
    0x080315ee   0x0000002a   Code   RO         5466    i.evm_hash_pjw      libqml.lib(evm.o)
    0x08031618   0x0000002c   Code   RO         5467    i.evm_heap_alloc    libqml.lib(evm.o)
    0x08031644   0x0000000c   Code   RO         5468    i.evm_heap_gc       libqml.lib(evm.o)
    0x08031650   0x00000044   Code   RO         5469    i.evm_heap_prepare  libqml.lib(evm.o)
    0x08031694   0x000000a4   Code   RO         5471    i.evm_heap_string_create  libqml.lib(evm.o)
    0x08031738   0x00000018   Code   RO         5473    i.evm_htbl_key      libqml.lib(evm.o)
    0x08031750   0x00000164   Code   RO         5474    i.evm_init          libqml.lib(evm.o)
    0x080318b4   0x00000028   Code   RO         5475    i.evm_is_boolean    libqml.lib(evm.o)
    0x080318dc   0x00000028   Code   RO         6378    i.evm_is_boolean    libqml.lib(native.o)
    0x08031904   0x00000028   Code   RO         6869    i.evm_is_boolean    libqml.lib(ecma_object.o)
    0x0803192c   0x00000028   Code   RO         5476    i.evm_is_buffer     libqml.lib(evm.o)
    0x08031954   0x00000028   Code   RO         6028    i.evm_is_buffer     libqml.lib(gc.o)
    0x0803197c   0x00000028   Code   RO         6379    i.evm_is_buffer     libqml.lib(native.o)
    0x080319a4   0x00000024   Code   RO         5477    i.evm_is_class      libqml.lib(evm.o)
    0x080319c8   0x00000024   Code   RO         5897    i.evm_is_class      libqml.lib(qml_module.o)
    0x080319ec   0x00000024   Code   RO         6029    i.evm_is_class      libqml.lib(gc.o)
    0x08031a10   0x00000024   Code   RO         6380    i.evm_is_class      libqml.lib(native.o)
    0x08031a34   0x00000020   Code   RO         5478    i.evm_is_foreign    libqml.lib(evm.o)
    0x08031a54   0x00000028   Code   RO         5479    i.evm_is_foreign_string  libqml.lib(evm.o)
    0x08031a7c   0x00000024   Code   RO         6030    i.evm_is_frame      libqml.lib(gc.o)
    0x08031aa0   0x00000028   Code   RO         5481    i.evm_is_heap_string  libqml.lib(evm.o)
    0x08031ac8   0x00000028   Code   RO         6031    i.evm_is_heap_string  libqml.lib(gc.o)
    0x08031af0   0x00000048   Code   RO         5482    i.evm_is_integer    libqml.lib(evm.o)
    0x08031b38   0x00000046   Code   RO         6381    i.evm_is_integer    libqml.lib(native.o)
    0x08031b7e   0x00000002   PAD
    0x08031b80   0x00000064   Code   RO         6936    i.evm_is_integer    libqml.lib(ecma_string.o)
    0x08031be4   0x00000028   Code   RO         5483    i.evm_is_list       libqml.lib(evm.o)
    0x08031c0c   0x00000028   Code   RO         6032    i.evm_is_list       libqml.lib(gc.o)
    0x08031c34   0x00000028   Code   RO         6382    i.evm_is_list       libqml.lib(native.o)
    0x08031c5c   0x00000028   Code   RO         6730    i.evm_is_list       libqml.lib(ecma_array.o)
    0x08031c84   0x00000028   Code   RO         6870    i.evm_is_list       libqml.lib(ecma_object.o)
    0x08031cac   0x00000024   Code   RO         6383    i.evm_is_nan        libqml.lib(native.o)
    0x08031cd0   0x00000028   Code   RO         5484    i.evm_is_native     libqml.lib(evm.o)
    0x08031cf8   0x00000028   Code   RO         6384    i.evm_is_null       libqml.lib(native.o)
    0x08031d20   0x00000020   Code   RO         5485    i.evm_is_number     libqml.lib(evm.o)
    0x08031d40   0x00000020   Code   RO         5898    i.evm_is_number     libqml.lib(qml_module.o)
    0x08031d60   0x00000020   Code   RO         6385    i.evm_is_number     libqml.lib(native.o)
    0x08031d80   0x00000020   Code   RO         6731    i.evm_is_number     libqml.lib(ecma_array.o)
    0x08031da0   0x00000020   Code   RO         6844    i.evm_is_number     libqml.lib(ecma_number.o)
    0x08031dc0   0x00000028   Code   RO         5486    i.evm_is_object     libqml.lib(evm.o)
    0x08031de8   0x00000028   Code   RO         5841    i.evm_is_object     libqml.lib(ecma.o)
    0x08031e10   0x00000028   Code   RO         5899    i.evm_is_object     libqml.lib(qml_module.o)
    0x08031e38   0x00000028   Code   RO         6033    i.evm_is_object     libqml.lib(gc.o)
    0x08031e60   0x00000028   Code   RO         6386    i.evm_is_object     libqml.lib(native.o)
    0x08031e88   0x00000028   Code   RO         6871    i.evm_is_object     libqml.lib(ecma_object.o)
    0x08031eb0   0x00000028   Code   RO         5487    i.evm_is_script     libqml.lib(evm.o)
    0x08031ed8   0x00000028   Code   RO         5842    i.evm_is_script     libqml.lib(ecma.o)
    0x08031f00   0x00000028   Code   RO         5900    i.evm_is_script     libqml.lib(qml_module.o)
    0x08031f28   0x00000028   Code   RO         6034    i.evm_is_script     libqml.lib(gc.o)
    0x08031f50   0x00000028   Code   RO         6387    i.evm_is_script     libqml.lib(native.o)
    0x08031f78   0x0000001c   Code   RO         5488    i.evm_is_string     libqml.lib(evm.o)
    0x08031f94   0x00000050   Code   RO         5843    i.evm_is_string     libqml.lib(ecma.o)
    0x08031fe4   0x00000050   Code   RO         5901    i.evm_is_string     libqml.lib(qml_module.o)
    0x08032034   0x00000050   Code   RO         6388    i.evm_is_string     libqml.lib(native.o)
    0x08032084   0x00000050   Code   RO         6732    i.evm_is_string     libqml.lib(ecma_array.o)
    0x080320d4   0x00000050   Code   RO         6872    i.evm_is_string     libqml.lib(ecma_object.o)
    0x08032124   0x00000050   Code   RO         6937    i.evm_is_string     libqml.lib(ecma_string.o)
    0x08032174   0x00000028   Code   RO         5489    i.evm_is_undefined  libqml.lib(evm.o)
    0x0803219c   0x00000028   Code   RO         5844    i.evm_is_undefined  libqml.lib(ecma.o)
    0x080321c4   0x00000028   Code   RO         5902    i.evm_is_undefined  libqml.lib(qml_module.o)
    0x080321ec   0x00000028   Code   RO         6389    i.evm_is_undefined  libqml.lib(native.o)
    0x08032214   0x000000b8   Code   RO         5490    i.evm_list_create   libqml.lib(evm.o)
    0x080322cc   0x0000003c   Code   RO         5491    i.evm_list_get      libqml.lib(evm.o)
    0x08032308   0x00000028   Code   RO         5492    i.evm_list_len      libqml.lib(evm.o)
    0x08032330   0x000000e4   Code   RO         5494    i.evm_list_push     libqml.lib(evm.o)
    0x08032414   0x00000046   Code   RO         5495    i.evm_list_set      libqml.lib(evm.o)
    0x0803245a   0x00000002   PAD
    0x0803245c   0x00000010   Code   RO         6035    i.evm_mk_buffer     libqml.lib(gc.o)
    0x0803246c   0x00000010   Code   RO         6036    i.evm_mk_class      libqml.lib(gc.o)
    0x0803247c   0x0000000c   Code   RO         6873    i.evm_mk_false      libqml.lib(ecma_object.o)
    0x08032488   0x00000010   Code   RO         5845    i.evm_mk_foreign_string  libqml.lib(ecma.o)
    0x08032498   0x00000010   Code   RO         6793    i.evm_mk_foreign_string  libqml.lib(ecma_math.o)
    0x080324a8   0x00000010   Code   RO         6037    i.evm_mk_heap_string  libqml.lib(gc.o)
    0x080324b8   0x00000010   Code   RO         6038    i.evm_mk_list       libqml.lib(gc.o)
    0x080324c8   0x00000010   Code   RO         5846    i.evm_mk_native     libqml.lib(ecma.o)
    0x080324d8   0x00000010   Code   RO         5903    i.evm_mk_native     libqml.lib(qml_module.o)
    0x080324e8   0x00000010   Code   RO         6390    i.evm_mk_native     libqml.lib(native.o)
    0x080324f8   0x00000010   Code   RO         6733    i.evm_mk_native     libqml.lib(ecma_array.o)
    0x08032508   0x00000010   Code   RO         6794    i.evm_mk_native     libqml.lib(ecma_math.o)
    0x08032518   0x00000010   Code   RO         6845    i.evm_mk_native     libqml.lib(ecma_number.o)
    0x08032528   0x00000010   Code   RO         6874    i.evm_mk_native     libqml.lib(ecma_object.o)
    0x08032538   0x00000010   Code   RO         6922    i.evm_mk_native     libqml.lib(ecma_regexp.o)
    0x08032548   0x00000010   Code   RO         6938    i.evm_mk_native     libqml.lib(ecma_string.o)
    0x08032558   0x00000010   Code   RO         6954    i.evm_mk_native     libqml.lib(ecma_date.o)
    0x08032568   0x00000008   Code   RO         5498    i.evm_mk_number     libqml.lib(evm.o)
    0x08032570   0x00000008   Code   RO         5847    i.evm_mk_number     libqml.lib(ecma.o)
    0x08032578   0x00000008   Code   RO         6734    i.evm_mk_number     libqml.lib(ecma_array.o)
    0x08032580   0x00000008   Code   RO         6795    i.evm_mk_number     libqml.lib(ecma_math.o)
    0x08032588   0x00000008   Code   RO         6955    i.evm_mk_number     libqml.lib(ecma_date.o)
    0x08032590   0x00000010   Code   RO         5499    i.evm_mk_object     libqml.lib(evm.o)
    0x080325a0   0x00000010   Code   RO         6039    i.evm_mk_object     libqml.lib(gc.o)
    0x080325b0   0x00000010   Code   RO         5500    i.evm_mk_script     libqml.lib(evm.o)
    0x080325c0   0x00000010   Code   RO         5989    i.evm_mk_script     libqml.lib(compiler.o)
    0x080325d0   0x00000010   Code   RO         6040    i.evm_mk_script     libqml.lib(gc.o)
    0x080325e0   0x0000000c   Code   RO         6875    i.evm_mk_true       libqml.lib(ecma_object.o)
    0x080325ec   0x0000000c   Code   RO         5501    i.evm_mk_undefined  libqml.lib(evm.o)
    0x080325f8   0x0000000c   Code   RO         5848    i.evm_mk_undefined  libqml.lib(ecma.o)
    0x08032604   0x0000000c   Code   RO         6391    i.evm_mk_undefined  libqml.lib(native.o)
    0x08032610   0x0000000c   Code   RO         6735    i.evm_mk_undefined  libqml.lib(ecma_array.o)
    0x0803261c   0x0000000c   Code   RO         6796    i.evm_mk_undefined  libqml.lib(ecma_math.o)
    0x08032628   0x0000000c   Code   RO         6876    i.evm_mk_undefined  libqml.lib(ecma_object.o)
    0x08032634   0x0000000c   Code   RO         6923    i.evm_mk_undefined  libqml.lib(ecma_regexp.o)
    0x08032640   0x00000046   Code   RO         5502    i.evm_module_add    libqml.lib(evm.o)
    0x08032686   0x00000002   PAD
    0x08032688   0x0000005c   Code   RO         5504    i.evm_module_get    libqml.lib(evm.o)
    0x080326e4   0x000000d0   Code   RO         5505    i.evm_native_add    libqml.lib(evm.o)
    0x080327b4   0x000000ac   Code   RO         5506    i.evm_native_function_create  libqml.lib(evm.o)
    0x08032860   0x00000114   Code   RO         5508    i.evm_number_insert  libqml.lib(evm.o)
    0x08032974   0x00000104   Code   RO         5509    i.evm_object_create  libqml.lib(evm.o)
    0x08032a78   0x00000152   Code   RO         5510    i.evm_object_create_by_class  libqml.lib(evm.o)
    0x08032bca   0x0000000a   Code   RO         5512    i.evm_object_deref  libqml.lib(evm.o)
    0x08032bd4   0x000000bc   Code   RO         5513    i.evm_object_duplicate  libqml.lib(evm.o)
    0x08032c90   0x00000024   Code   RO         5515    i.evm_object_get_ext_data  libqml.lib(evm.o)
    0x08032cb4   0x00000024   Code   RO         5517    i.evm_object_set_ext_data  libqml.lib(evm.o)
    0x08032cd8   0x00000024   Code   RO         5518    i.evm_object_set_init  libqml.lib(evm.o)
    0x08032cfc   0x00000052   Code   RO         5519    i.evm_object_set_scope  libqml.lib(evm.o)
    0x08032d4e   0x00000028   Code   RO         5521    i.evm_prop_append   libqml.lib(evm.o)
    0x08032d76   0x00000002   PAD
    0x08032d78   0x000000e8   Code   RO         5522    i.evm_prop_append_with_key  libqml.lib(evm.o)
    0x08032e60   0x00000098   Code   RO         5523    i.evm_prop_create   libqml.lib(evm.o)
    0x08032ef8   0x00000028   Code   RO         5524    i.evm_prop_get      libqml.lib(evm.o)
    0x08032f20   0x00000022   Code   RO         5525    i.evm_prop_get_by_index  libqml.lib(evm.o)
    0x08032f42   0x000000c8   Code   RO         5526    i.evm_prop_get_by_key  libqml.lib(evm.o)
    0x0803300a   0x00000024   Code   RO         5527    i.evm_prop_get_key_by_index  libqml.lib(evm.o)
    0x0803302e   0x00000016   Code   RO         5528    i.evm_prop_len      libqml.lib(evm.o)
    0x08033044   0x00000048   Code   RO         5529    i.evm_prop_set      libqml.lib(evm.o)
    0x0803308c   0x00000024   Code   RO         5530    i.evm_prop_set_key_by_index  libqml.lib(evm.o)
    0x080330b0   0x0000003e   Code   RO         5531    i.evm_prop_set_key_value  libqml.lib(evm.o)
    0x080330ee   0x0000002c   Code   RO         5532    i.evm_prop_set_value  libqml.lib(evm.o)
    0x0803311a   0x00000036   Code   RO         5533    i.evm_prop_set_value_by_index  libqml.lib(evm.o)
    0x08033150   0x000001a4   Code   RO         5904    i.evm_qml_bind      libqml.lib(qml_module.o)
    0x080332f4   0x0000002a   Code   RO         5906    i.evm_qml_object_get_pointer  libqml.lib(qml_module.o)
    0x0803331e   0x0000002a   Code   RO         5907    i.evm_qml_object_set_pointer  libqml.lib(qml_module.o)
    0x08033348   0x000001a0   Code   RO         5908    i.evm_qml_register  libqml.lib(qml_module.o)
    0x080334e8   0x00000128   Code   RO         5909    i.evm_qml_run       libqml.lib(qml_module.o)
    0x08033610   0x000000c0   Code   RO         5910    i.evm_qml_write     libqml.lib(qml_module.o)
    0x080336d0   0x0000004c   Code   RO         5911    i.evm_qml_write_value  libqml.lib(qml_module.o)
    0x0803371c   0x0000000c   Code   RO         5534    i.evm_register_file_load  libqml.lib(evm.o)
    0x08033728   0x0000000c   Code   RO         5535    i.evm_register_free  libqml.lib(evm.o)
    0x08033734   0x0000000c   Code   RO         5536    i.evm_register_malloc  libqml.lib(evm.o)
    0x08033740   0x0000000c   Code   RO         5537    i.evm_register_print  libqml.lib(evm.o)
    0x0803374c   0x000000e0   Code   RO         5538    i.evm_run_callback  libqml.lib(evm.o)
    0x0803382c   0x00000024   Code   RO         5545    i.evm_script_get_native  libqml.lib(evm.o)
    0x08033850   0x0000001c   Code   RO         5547    i.evm_set_boolean   libqml.lib(evm.o)
    0x0803386c   0x00000014   Code   RO         6041    i.evm_set_buffer    libqml.lib(gc.o)
    0x08033880   0x00000014   Code   RO         6042    i.evm_set_class     libqml.lib(gc.o)
    0x08033894   0x00000020   Code   RO         5548    i.evm_set_cval      libqml.lib(evm.o)
    0x080338b4   0x0000000a   Code   RO         5549    i.evm_set_err       libqml.lib(evm.o)
    0x080338be   0x00000002   PAD
    0x080338c0   0x00000014   Code   RO         5550    i.evm_set_foreign_string  libqml.lib(evm.o)
    0x080338d4   0x00000014   Code   RO         5551    i.evm_set_frame     libqml.lib(evm.o)
    0x080338e8   0x00000052   Code   RO         5552    i.evm_set_gc_type   libqml.lib(evm.o)
    0x0803393a   0x00000002   PAD
    0x0803393c   0x00000014   Code   RO         6043    i.evm_set_heap_string  libqml.lib(gc.o)
    0x08033950   0x00000014   Code   RO         5553    i.evm_set_list      libqml.lib(evm.o)
    0x08033964   0x00000014   Code   RO         6044    i.evm_set_list      libqml.lib(gc.o)
    0x08033978   0x00000010   Code   RO         5554    i.evm_set_null      libqml.lib(evm.o)
    0x08033988   0x00000006   Code   RO         5555    i.evm_set_number    libqml.lib(evm.o)
    0x0803398e   0x00000002   PAD
    0x08033990   0x00000014   Code   RO         6045    i.evm_set_object    libqml.lib(gc.o)
    0x080339a4   0x0000004a   Code   RO         5556    i.evm_set_parent    libqml.lib(evm.o)
    0x080339ee   0x00000002   PAD
    0x080339f0   0x00000014   Code   RO         6046    i.evm_set_script    libqml.lib(gc.o)
    0x08033a04   0x00000010   Code   RO         5557    i.evm_set_undefined  libqml.lib(evm.o)
    0x08033a14   0x00000044   Code   RO         5558    i.evm_start         libqml.lib(evm.o)
    0x08033a58   0x00000158   Code   RO         5559    i.evm_str_insert    libqml.lib(evm.o)
    0x08033bb0   0x0000007a   Code   RO         5560    i.evm_str_lookup    libqml.lib(evm.o)
    0x08033c2a   0x00000024   Code   RO         5561    i.evm_string_get    libqml.lib(evm.o)
    0x08033c4e   0x0000002e   Code   RO         5562    i.evm_string_len    libqml.lib(evm.o)
    0x08033c7c   0x00000010   Code   RO         5563    i.evm_string_pool_get  libqml.lib(evm.o)
    0x08033c8c   0x0000001e   Code   RO         5564    i.evm_type          libqml.lib(evm.o)
    0x08033caa   0x0000001e   Code   RO         6736    i.evm_type          libqml.lib(ecma_array.o)
    0x08033cc8   0x00002670   Code   RO         5565    i.evm_vm_run        libqml.lib(evm.o)
    0x08036338   0x00000284   Code   RO         7096    i.exp               m_ws.l(exp.o)
    0x080365bc   0x00000004   Code   RO         7106    i.expm1             m_ws.l(expm1.o)
    0x080365c0   0x000000dc   Code   RO         7110    i.floor             m_ws.l(floor.o)
    0x0803669c   0x00000050   Code   RO         7523    i.free              mc_w.l(malloc.o)
    0x080366ec   0x00000058   Code   RO         7615    i.frexp             m_ws.l(frexp.o)
    0x08036744   0x00000048   Code   RO         6877    i.fsort             libqml.lib(ecma_object.o)
    0x0803678c   0x00000180   Code   RO         6047    i.gc_calc_relocate  libqml.lib(gc.o)
    0x0803690c   0x00000088   Code   RO         6048    i.gc_collect        libqml.lib(gc.o)
    0x08036994   0x0000033c   Code   RO         6049    i.gc_compact        libqml.lib(gc.o)
    0x08036cd0   0x0000002a   Code   RO         6050    i.gc_mark_buffer    libqml.lib(gc.o)
    0x08036cfa   0x000000e4   Code   RO         6051    i.gc_mark_members   libqml.lib(gc.o)
    0x08036dde   0x00000020   Code   RO         6052    i.gc_mark_modules   libqml.lib(gc.o)
    0x08036dfe   0x000000d4   Code   RO         6053    i.gc_mark_natives   libqml.lib(gc.o)
    0x08036ed2   0x0000007c   Code   RO         6054    i.gc_mark_object    libqml.lib(gc.o)
    0x08036f4e   0x0000016c   Code   RO         6055    i.gc_mark_stack     libqml.lib(gc.o)
    0x080370ba   0x00000032   Code   RO         6056    i.gc_relocate_buffer_vals  libqml.lib(gc.o)
    0x080370ec   0x0000012c   Code   RO         6057    i.gc_relocate_members  libqml.lib(gc.o)
    0x08037218   0x00000020   Code   RO         6058    i.gc_relocate_modules  libqml.lib(gc.o)
    0x08037238   0x000000f4   Code   RO         6059    i.gc_relocate_natives  libqml.lib(gc.o)
    0x0803732c   0x000000cc   Code   RO         6060    i.gc_relocate_object_vals  libqml.lib(gc.o)
    0x080373f8   0x000001d0   Code   RO         6061    i.gc_relocate_stack  libqml.lib(gc.o)
    0x080375c8   0x0000002a   Code   RO         5566    i.heap_alloc        libqml.lib(evm.o)
    0x080375f2   0x00000020   Code   RO         5567    i.heap_init         libqml.lib(evm.o)
    0x08037612   0x00000002   PAD
    0x08037614   0x00000030   Code   RO         6878    i.index_2_string    libqml.lib(ecma_object.o)
    0x08037644   0x00000022   Code   RO         6966    i.ismetachar        libqml.lib(re.o)
    0x08037666   0x00000076   Code   RO         6099    i.jsparser_Comment  libqml.lib(jsparser.o)
    0x080376dc   0x0000006a   Code   RO         6100    i.jsparser_LT_NL    libqml.lib(jsparser.o)
    0x08037746   0x00000002   PAD
    0x08037748   0x00000060   Code   RO         6101    i.jsparser_LineComment  libqml.lib(jsparser.o)
    0x080377a8   0x00000090   Code   RO         6102    i.jsparser_exportStatement  libqml.lib(jsparser.o)
    0x08037838   0x00000038   Code   RO         6103    i.jsparser_importStatement  libqml.lib(jsparser.o)
    0x08037870   0x00000088   Code   RO         6104    i.jsparser_run      libqml.lib(jsparser.o)
    0x080378f8   0x0000003e   Code   RO         6105    i.jsparser_space    libqml.lib(jsparser.o)
    0x08037936   0x00000002   PAD
    0x08037938   0x0000035c   Code   RO         7114    i.log               m_ws.l(log.o)
    0x08037c94   0x000000e4   Code   RO         7124    i.log10             m_ws.l(log10.o)
    0x08037d78   0x00000004   Code   RO         7136    i.log1p             m_ws.l(log1p.o)
    0x08037d7c   0x00000098   Code   RO         7131    i.log2              m_ws.l(log2.o)
    0x08037e14   0x0000006c   Code   RO         7524    i.malloc            mc_w.l(malloc.o)
    0x08037e80   0x0000001a   Code   RO         6967    i.matchalpha        libqml.lib(re.o)
    0x08037e9a   0x00000020   Code   RO         6968    i.matchalphanum     libqml.lib(re.o)
    0x08037eba   0x0000006a   Code   RO         6969    i.matchcharclass    libqml.lib(re.o)
    0x08037f24   0x00000012   Code   RO         6970    i.matchdigit        libqml.lib(re.o)
    0x08037f36   0x0000007c   Code   RO         6971    i.matchmetachar     libqml.lib(re.o)
    0x08037fb2   0x00000098   Code   RO         6972    i.matchone          libqml.lib(re.o)
    0x0803804a   0x0000007e   Code   RO         6973    i.matchpattern      libqml.lib(re.o)
    0x080380c8   0x00000030   Code   RO         6974    i.matchplus         libqml.lib(re.o)
    0x080380f8   0x00000040   Code   RO         6975    i.matchquestion     libqml.lib(re.o)
    0x08038138   0x00000032   Code   RO         6976    i.matchrange        libqml.lib(re.o)
    0x0803816a   0x00000030   Code   RO         6977    i.matchstar         libqml.lib(re.o)
    0x0803819a   0x00000022   Code   RO         6978    i.matchwhitespace   libqml.lib(re.o)
    0x080381bc   0x00000022   Code   RO         6879    i.mk_string         libqml.lib(ecma_object.o)
    0x080381de   0x00000002   PAD
    0x080381e0   0x000000a8   Code   RO         6392    i.native_assert     libqml.lib(native.o)
    0x08038288   0x00000034   Code   RO         6393    i.native_clock      libqml.lib(native.o)
    0x080382bc   0x0000001a   Code   RO         6394    i.native_gc         libqml.lib(native.o)
    0x080382d6   0x00000002   PAD
    0x080382d8   0x00000074   Code   RO         6395    i.native_init       libqml.lib(native.o)
    0x0803834c   0x0000031c   Code   RO         6396    i.native_print      libqml.lib(native.o)
    0x08038668   0x0000007c   Code   RO         6397    i.native_require    libqml.lib(native.o)
    0x080386e4   0x00000074   Code   RO         6398    i.native_show       libqml.lib(native.o)
    0x08038758   0x000000f4   Code   RO         6880    i.object_prototype_hasOwnProperty  libqml.lib(ecma_object.o)
    0x0803884c   0x0000007c   Code   RO         6881    i.object_prototype_isPrototypeOf  libqml.lib(ecma_object.o)
    0x080388c8   0x00000074   Code   RO         6882    i.object_prototype_propertyIsEnumerable  libqml.lib(ecma_object.o)
    0x0803893c   0x00000040   Code   RO         6883    i.object_prototype_toString  libqml.lib(ecma_object.o)
    0x0803897c   0x00000040   Code   RO         6884    i.object_prototype_valueOf  libqml.lib(ecma_object.o)
    0x080389bc   0x0000027c   Code   RO         6106    i.p_anoymousFunction  libqml.lib(jsparser.o)
    0x08038c38   0x00000038   Code   RO         6107    i.p_arrowFunctionBody  libqml.lib(jsparser.o)
    0x08038c70   0x0000001a   Code   RO         6108    i.p_arrowFunctionParameters  libqml.lib(jsparser.o)
    0x08038c8a   0x00000002   PAD
    0x08038c8c   0x000000b8   Code   RO         6109    i.p_classDeclaration  libqml.lib(jsparser.o)
    0x08038d44   0x00000080   Code   RO         6110    i.p_classElement    libqml.lib(jsparser.o)
    0x08038dc4   0x000000ac   Code   RO         6111    i.p_classTail       libqml.lib(jsparser.o)
    0x08038e70   0x000000ec   Code   RO         6112    i.p_methodDefinition  libqml.lib(jsparser.o)
    0x08038f5c   0x00000088   Code   RO         6113    i.parser_DecimalDigit  libqml.lib(jsparser.o)
    0x08038fe4   0x000000f8   Code   RO         6114    i.parser_ExponentPart  libqml.lib(jsparser.o)
    0x080390dc   0x00000076   Code   RO         6115    i.parser_Identifier  libqml.lib(jsparser.o)
    0x08039152   0x00000076   Code   RO         6429    i.parser_Identifier  libqml.lib(qmlparser.o)
    0x080391c8   0x0000005c   Code   RO         6116    i.parser_LT_or_semicolon  libqml.lib(jsparser.o)
    0x08039224   0x000000dc   Code   RO         6117    i.parser_NumericLiteral  libqml.lib(jsparser.o)
    0x08039300   0x000000dc   Code   RO         6430    i.parser_NumericLiteral  libqml.lib(qmlparser.o)
    0x080393dc   0x000000a0   Code   RO         6118    i.parser_StringLiteral  libqml.lib(jsparser.o)
    0x0803947c   0x000000a0   Code   RO         6431    i.parser_StringLiteral  libqml.lib(qmlparser.o)
    0x0803951c   0x00000018   Code   RO         6119    i.parser_add_argument  libqml.lib(jsparser.o)
    0x08039534   0x00000018   Code   RO         6432    i.parser_add_argument  libqml.lib(qmlparser.o)
    0x0803954c   0x0000001e   Code   RO         6120    i.parser_add_call   libqml.lib(jsparser.o)
    0x0803956a   0x0000001e   Code   RO         6433    i.parser_add_call   libqml.lib(qmlparser.o)
    0x08039588   0x00000026   Code   RO         6121    i.parser_add_call_pop  libqml.lib(jsparser.o)
    0x080395ae   0x00000026   Code   RO         6434    i.parser_add_call_pop  libqml.lib(qmlparser.o)
    0x080395d4   0x0000001e   Code   RO         6122    i.parser_add_call_prop  libqml.lib(jsparser.o)
    0x080395f2   0x0000001e   Code   RO         6435    i.parser_add_call_prop  libqml.lib(qmlparser.o)
    0x08039610   0x00000032   Code   RO         6436    i.parser_add_class  libqml.lib(qmlparser.o)
    0x08039642   0x00000002   PAD
    0x08039644   0x00000030   Code   RO         6123    i.parser_add_double  libqml.lib(jsparser.o)
    0x08039674   0x00000030   Code   RO         6437    i.parser_add_double  libqml.lib(qmlparser.o)
    0x080396a4   0x00000048   Code   RO         6124    i.parser_add_function  libqml.lib(jsparser.o)
    0x080396ec   0x00000048   Code   RO         6438    i.parser_add_function  libqml.lib(qmlparser.o)
    0x08039734   0x00000016   Code   RO         6125    i.parser_add_function_end  libqml.lib(jsparser.o)
    0x0803974a   0x00000016   Code   RO         6439    i.parser_add_function_end  libqml.lib(qmlparser.o)
    0x08039760   0x00000018   Code   RO         6126    i.parser_add_import  libqml.lib(jsparser.o)
    0x08039778   0x00000018   Code   RO         6440    i.parser_add_import  libqml.lib(qmlparser.o)
    0x08039790   0x00000018   Code   RO         6441    i.parser_add_int    libqml.lib(qmlparser.o)
    0x080397a8   0x00000030   Code   RO         6127    i.parser_add_integer  libqml.lib(jsparser.o)
    0x080397d8   0x00000018   Code   RO         6442    i.parser_add_integer  libqml.lib(qmlparser.o)
    0x080397f0   0x00000018   Code   RO         6128    i.parser_add_jump   libqml.lib(jsparser.o)
    0x08039808   0x00000018   Code   RO         6443    i.parser_add_jump   libqml.lib(qmlparser.o)
    0x08039820   0x00000018   Code   RO         6129    i.parser_add_line_info  libqml.lib(jsparser.o)
    0x08039838   0x00000018   Code   RO         6444    i.parser_add_line_info  libqml.lib(qmlparser.o)
    0x08039850   0x00000018   Code   RO         6130    i.parser_add_string  libqml.lib(jsparser.o)
    0x08039868   0x00000018   Code   RO         6445    i.parser_add_string  libqml.lib(qmlparser.o)
    0x08039880   0x00000018   Code   RO         6131    i.parser_add_var    libqml.lib(jsparser.o)
    0x08039898   0x00000018   Code   RO         6446    i.parser_add_var    libqml.lib(qmlparser.o)
    0x080398b0   0x00000020   Code   RO         6132    i.parser_add_var_assign  libqml.lib(jsparser.o)
    0x080398d0   0x00000020   Code   RO         6447    i.parser_add_var_assign  libqml.lib(qmlparser.o)
    0x080398f0   0x00000020   Code   RO         6448    i.parser_add_var_local_assign  libqml.lib(qmlparser.o)
    0x08039910   0x00000018   Code   RO         6133    i.parser_add_var_prop  libqml.lib(jsparser.o)
    0x08039928   0x00000018   Code   RO         6449    i.parser_add_var_prop  libqml.lib(qmlparser.o)
    0x08039940   0x0000008c   Code   RO         6134    i.parser_additiveExpression  libqml.lib(jsparser.o)
    0x080399cc   0x00000090   Code   RO         6135    i.parser_aliasName  libqml.lib(jsparser.o)
    0x08039a5c   0x000000a4   Code   RO         6136    i.parser_arguments  libqml.lib(jsparser.o)
    0x08039b00   0x000000c8   Code   RO         6137    i.parser_arrayLiteral  libqml.lib(jsparser.o)
    0x08039bc8   0x000000b2   Code   RO         6138    i.parser_assignmentExpression  libqml.lib(jsparser.o)
    0x08039c7a   0x000000ae   Code   RO         6139    i.parser_assignmentExpressionNoIn  libqml.lib(jsparser.o)
    0x08039d28   0x00000104   Code   RO         6140    i.parser_assignmentOperator  libqml.lib(jsparser.o)
    0x08039e2c   0x0000007c   Code   RO         6141    i.parser_bitwiseANDExpression  libqml.lib(jsparser.o)
    0x08039ea8   0x0000007c   Code   RO         6142    i.parser_bitwiseANDExpressionNoIn  libqml.lib(jsparser.o)
    0x08039f24   0x0000007c   Code   RO         6143    i.parser_bitwiseORExpression  libqml.lib(jsparser.o)
    0x08039fa0   0x0000007c   Code   RO         6144    i.parser_bitwiseORExpressionNoIn  libqml.lib(jsparser.o)
    0x0803a01c   0x0000007c   Code   RO         6145    i.parser_bitwiseXORExpression  libqml.lib(jsparser.o)
    0x0803a098   0x0000007c   Code   RO         6146    i.parser_bitwiseXORExpressionNoIn  libqml.lib(jsparser.o)
    0x0803a114   0x0000003c   Code   RO         6147    i.parser_breakStatement  libqml.lib(jsparser.o)
    0x0803a150   0x00000098   Code   RO         6148    i.parser_callExpression  libqml.lib(jsparser.o)
    0x0803a1e8   0x0000002e   Code   RO         6149    i.parser_callExpressionSuffix  libqml.lib(jsparser.o)
    0x0803a216   0x00000002   PAD
    0x0803a218   0x000000b0   Code   RO         6150    i.parser_caseBlock  libqml.lib(jsparser.o)
    0x0803a2c8   0x0000009c   Code   RO         6151    i.parser_caseClause  libqml.lib(jsparser.o)
    0x0803a364   0x000000cc   Code   RO         6152    i.parser_catchClause  libqml.lib(jsparser.o)
    0x0803a430   0x000000b4   Code   RO         6153    i.parser_conditionalExpression  libqml.lib(jsparser.o)
    0x0803a4e4   0x0000008c   Code   RO         6154    i.parser_conditionalExpressionNoIn  libqml.lib(jsparser.o)
    0x0803a570   0x0000004c   Code   RO         6155    i.parser_continueStatement  libqml.lib(jsparser.o)
    0x0803a5bc   0x0000002c   Code   RO         6156    i.parser_declaration  libqml.lib(jsparser.o)
    0x0803a5e8   0x00000084   Code   RO         6157    i.parser_defaultClause  libqml.lib(jsparser.o)
    0x0803a66c   0x00000104   Code   RO         6158    i.parser_doWhileStatement  libqml.lib(jsparser.o)
    0x0803a770   0x00000008   Code   RO         6159    i.parser_eat_token  libqml.lib(jsparser.o)
    0x0803a778   0x00000008   Code   RO         6450    i.parser_eat_token  libqml.lib(qmlparser.o)
    0x0803a780   0x00000024   Code   RO         6160    i.parser_emptyStatement  libqml.lib(jsparser.o)
    0x0803a7a4   0x000000a4   Code   RO         6161    i.parser_equalityExpression  libqml.lib(jsparser.o)
    0x0803a848   0x0000000c   Code   RO         6162    i.parser_equalityExpressionNoIn  libqml.lib(jsparser.o)
    0x0803a854   0x0000004a   Code   RO         6163    i.parser_exportFromBlock  libqml.lib(jsparser.o)
    0x0803a89e   0x00000002   PAD
    0x0803a8a0   0x00000058   Code   RO         6164    i.parser_expression  libqml.lib(jsparser.o)
    0x0803a8f8   0x00000058   Code   RO         6165    i.parser_expressionNoIn  libqml.lib(jsparser.o)
    0x0803a950   0x00000022   Code   RO         6166    i.parser_expressionStatement  libqml.lib(jsparser.o)
    0x0803a972   0x00000002   PAD
    0x0803a974   0x00000038   Code   RO         6167    i.parser_finallyClause  libqml.lib(jsparser.o)
    0x0803a9ac   0x00000124   Code   RO         6168    i.parser_forInStatement  libqml.lib(jsparser.o)
    0x0803aad0   0x0000004c   Code   RO         6169    i.parser_forInStatementInitialiserPart  libqml.lib(jsparser.o)
    0x0803ab1c   0x0000018c   Code   RO         6170    i.parser_forStatement  libqml.lib(jsparser.o)
    0x0803aca8   0x00000054   Code   RO         6171    i.parser_forStatementInitialiserPart  libqml.lib(jsparser.o)
    0x0803acfc   0x00000114   Code   RO         6172    i.parser_formalParameterList  libqml.lib(jsparser.o)
    0x0803ae10   0x0000005c   Code   RO         6173    i.parser_functionBody  libqml.lib(jsparser.o)
    0x0803ae6c   0x000000f4   Code   RO         6174    i.parser_functionDeclaration  libqml.lib(jsparser.o)
    0x0803af60   0x0000008c   Code   RO         6175    i.parser_hexLiteral  libqml.lib(jsparser.o)
    0x0803afec   0x0000008c   Code   RO         6451    i.parser_hexLiteral  libqml.lib(qmlparser.o)
    0x0803b078   0x00000072   Code   RO         6176    i.parser_hex_to_int  libqml.lib(jsparser.o)
    0x0803b0ea   0x00000072   Code   RO         6452    i.parser_hex_to_int  libqml.lib(qmlparser.o)
    0x0803b15c   0x00000104   Code   RO         6177    i.parser_ifStatement  libqml.lib(jsparser.o)
    0x0803b260   0x00000034   Code   RO         6178    i.parser_importDefault  libqml.lib(jsparser.o)
    0x0803b294   0x0000005c   Code   RO         6179    i.parser_importFrom  libqml.lib(jsparser.o)
    0x0803b2f0   0x000000c8   Code   RO         6180    i.parser_importFromBlock  libqml.lib(jsparser.o)
    0x0803b3b8   0x00000058   Code   RO         6181    i.parser_importNamespace  libqml.lib(jsparser.o)
    0x0803b410   0x00000068   Code   RO         6182    i.parser_indexSuffix  libqml.lib(jsparser.o)
    0x0803b478   0x00000084   Code   RO         5568    i.parser_init       libqml.lib(evm.o)
    0x0803b4fc   0x0000003c   Code   RO         6183    i.parser_initialiser  libqml.lib(jsparser.o)
    0x0803b538   0x0000003c   Code   RO         6184    i.parser_initialiserNoIn  libqml.lib(jsparser.o)
    0x0803b574   0x0000003c   Code   RO         6185    i.parser_is_hex     libqml.lib(jsparser.o)
    0x0803b5b0   0x0000003c   Code   RO         6453    i.parser_is_hex     libqml.lib(qmlparser.o)
    0x0803b5ec   0x00000042   Code   RO         6187    i.parser_leftHandSideExpression  libqml.lib(jsparser.o)
    0x0803b62e   0x00000002   PAD
    0x0803b630   0x00000210   Code   RO         6188    i.parser_literal    libqml.lib(jsparser.o)
    0x0803b840   0x00000010   Code   RO         6189    i.parser_load       libqml.lib(jsparser.o)
    0x0803b850   0x00000010   Code   RO         6454    i.parser_load       libqml.lib(qmlparser.o)
    0x0803b860   0x0000007c   Code   RO         6190    i.parser_logicalANDExpression  libqml.lib(jsparser.o)
    0x0803b8dc   0x0000007c   Code   RO         6191    i.parser_logicalANDExpressionNoIn  libqml.lib(jsparser.o)
    0x0803b958   0x0000007c   Code   RO         6192    i.parser_logicalORExpression  libqml.lib(jsparser.o)
    0x0803b9d4   0x0000007c   Code   RO         6193    i.parser_logicalORExpressionNoIn  libqml.lib(jsparser.o)
    0x0803ba50   0x000000cc   Code   RO         6194    i.parser_memberExpression  libqml.lib(jsparser.o)
    0x0803bb1c   0x00000088   Code   RO         6195    i.parser_memberExpressionSuffix  libqml.lib(jsparser.o)
    0x0803bba4   0x00000084   Code   RO         6196    i.parser_moduleItems  libqml.lib(jsparser.o)
    0x0803bc28   0x00000090   Code   RO         6197    i.parser_multiplicativeExpression  libqml.lib(jsparser.o)
    0x0803bcb8   0x00000050   Code   RO         6198    i.parser_newExpression  libqml.lib(jsparser.o)
    0x0803bd08   0x00000008   Code   RO         6199    i.parser_next_ch    libqml.lib(jsparser.o)
    0x0803bd10   0x00000008   Code   RO         6455    i.parser_next_ch    libqml.lib(qmlparser.o)
    0x0803bd18   0x000000f4   Code   RO         6200    i.parser_objectLiteral  libqml.lib(jsparser.o)
    0x0803be0c   0x0000004c   Code   RO         6201    i.parser_postfixExpression  libqml.lib(jsparser.o)
    0x0803be58   0x000000d0   Code   RO         6202    i.parser_primaryExpression  libqml.lib(jsparser.o)
    0x0803bf28   0x0000006e   Code   RO         6203    i.parser_program    libqml.lib(jsparser.o)
    0x0803bf96   0x00000002   PAD
    0x0803bf98   0x00000070   Code   RO         6204    i.parser_propertyName  libqml.lib(jsparser.o)
    0x0803c008   0x0000004c   Code   RO         6205    i.parser_propertyNameAndValue  libqml.lib(jsparser.o)
    0x0803c054   0x00000058   Code   RO         6206    i.parser_propertyReferenceSuffix  libqml.lib(jsparser.o)
    0x0803c0ac   0x00000104   Code   RO         6207    i.parser_relationalExpression  libqml.lib(jsparser.o)
    0x0803c1b0   0x00000050   Code   RO         6209    i.parser_returnStatement  libqml.lib(jsparser.o)
    0x0803c200   0x00000010   Code   RO         6210    i.parser_save       libqml.lib(jsparser.o)
    0x0803c210   0x00000010   Code   RO         6456    i.parser_save       libqml.lib(qmlparser.o)
    0x0803c220   0x00000044   Code   RO         6211    i.parser_set_prototype  libqml.lib(jsparser.o)
    0x0803c264   0x00000084   Code   RO         6212    i.parser_shiftExpression  libqml.lib(jsparser.o)
    0x0803c2e8   0x0000003c   Code   RO         6213    i.parser_sourceElement  libqml.lib(jsparser.o)
    0x0803c324   0x00000024   Code   RO         6214    i.parser_sourceElements  libqml.lib(jsparser.o)
    0x0803c348   0x00000008   Code   RO         6215    i.parser_spit_token  libqml.lib(jsparser.o)
    0x0803c350   0x00000008   Code   RO         6457    i.parser_spit_token  libqml.lib(qmlparser.o)
    0x0803c358   0x00000274   Code   RO         6216    i.parser_statement  libqml.lib(jsparser.o)
    0x0803c5cc   0x00000050   Code   RO         6217    i.parser_statementBlock  libqml.lib(jsparser.o)
    0x0803c61c   0x00000030   Code   RO         6218    i.parser_statementList  libqml.lib(jsparser.o)
    0x0803c64c   0x000000ec   Code   RO         6219    i.parser_switchStatement  libqml.lib(jsparser.o)
    0x0803c738   0x00000054   Code   RO         6220    i.parser_throwStatement  libqml.lib(jsparser.o)
    0x0803c78c   0x00000086   Code   RO         6221    i.parser_token      libqml.lib(jsparser.o)
    0x0803c812   0x00000086   Code   RO         6458    i.parser_token      libqml.lib(qmlparser.o)
    0x0803c898   0x0000002c   Code   RO         6222    i.parser_token_add_16  libqml.lib(jsparser.o)
    0x0803c8c4   0x0000002c   Code   RO         6459    i.parser_token_add_16  libqml.lib(qmlparser.o)
    0x0803c8f0   0x00000028   Code   RO         6460    i.parser_token_add_32  libqml.lib(qmlparser.o)
    0x0803c918   0x0000001e   Code   RO         6223    i.parser_token_add_8  libqml.lib(jsparser.o)
    0x0803c936   0x0000001e   Code   RO         6461    i.parser_token_add_8  libqml.lib(qmlparser.o)
    0x0803c954   0x00000058   Code   RO         6224    i.parser_token_id   libqml.lib(jsparser.o)
    0x0803c9ac   0x00000058   Code   RO         6462    i.parser_token_id   libqml.lib(qmlparser.o)
    0x0803ca04   0x00000020   Code   RO         6225    i.parser_token_replace_16  libqml.lib(jsparser.o)
    0x0803ca24   0x00000020   Code   RO         6463    i.parser_token_replace_16  libqml.lib(qmlparser.o)
    0x0803ca44   0x00000014   Code   RO         6226    i.parser_token_replace_8  libqml.lib(jsparser.o)
    0x0803ca58   0x00000014   Code   RO         6464    i.parser_token_replace_8  libqml.lib(qmlparser.o)
    0x0803ca6c   0x00000026   Code   RO         6227    i.parser_token_with_eat  libqml.lib(jsparser.o)
    0x0803ca92   0x00000026   Code   RO         6465    i.parser_token_with_eat  libqml.lib(qmlparser.o)
    0x0803cab8   0x000000ac   Code   RO         6228    i.parser_tryStatement  libqml.lib(jsparser.o)
    0x0803cb64   0x00000170   Code   RO         6229    i.parser_unaryExpression  libqml.lib(jsparser.o)
    0x0803ccd4   0x00000088   Code   RO         6230    i.parser_variableDeclaration  libqml.lib(jsparser.o)
    0x0803cd5c   0x00000054   Code   RO         6231    i.parser_variableDeclarationList  libqml.lib(jsparser.o)
    0x0803cdb0   0x00000054   Code   RO         6232    i.parser_variableDeclarationListNoIn  libqml.lib(jsparser.o)
    0x0803ce04   0x00000078   Code   RO         6233    i.parser_variableDeclarationNoIn  libqml.lib(jsparser.o)
    0x0803ce7c   0x00000088   Code   RO         6234    i.parser_variableStatement  libqml.lib(jsparser.o)
    0x0803cf04   0x000000c8   Code   RO         6235    i.parser_whileStatement  libqml.lib(jsparser.o)
    0x0803cfcc   0x00000090   Code   RO         6236    i.parser_withStatement  libqml.lib(jsparser.o)
    0x0803d05c   0x000009d8   Code   RO         7140    i.pow               m_ws.l(pow.o)
    0x0803da34   0x0000008c   Code   RO         5912    i.qml_module        libqml.lib(qml_module.o)
    0x0803dac0   0x0000003c   Code   RO         5913    i.qml_object_gc_init  libqml.lib(qml_module.o)
    0x0803dafc   0x00000034   Code   RO         5914    i.qml_root_gc_init  libqml.lib(qml_module.o)
    0x0803db30   0x00000076   Code   RO         6466    i.qmlparser_Comment  libqml.lib(qmlparser.o)
    0x0803dba6   0x00000088   Code   RO         6467    i.qmlparser_DecimalDigit  libqml.lib(qmlparser.o)
    0x0803dc2e   0x00000002   PAD
    0x0803dc30   0x000000f8   Code   RO         6468    i.qmlparser_ExponentPart  libqml.lib(qmlparser.o)
    0x0803dd28   0x00000050   Code   RO         6469    i.qmlparser_LineComment  libqml.lib(qmlparser.o)
    0x0803dd78   0x00000002   Code   RO         6470    i.qmlparser_add_bindings  libqml.lib(qmlparser.o)
    0x0803dd7a   0x00000002   PAD
    0x0803dd7c   0x00000084   Code   RO         6471    i.qmlparser_additiveExpression  libqml.lib(qmlparser.o)
    0x0803de00   0x00000090   Code   RO         6472    i.qmlparser_aliasName  libqml.lib(qmlparser.o)
    0x0803de90   0x0000024c   Code   RO         6473    i.qmlparser_anoymousFunction  libqml.lib(qmlparser.o)
    0x0803e0dc   0x00000094   Code   RO         6474    i.qmlparser_arguments  libqml.lib(qmlparser.o)
    0x0803e170   0x000000c8   Code   RO         6475    i.qmlparser_arrayLiteral  libqml.lib(qmlparser.o)
    0x0803e238   0x00000038   Code   RO         6476    i.qmlparser_arrowFunctionBody  libqml.lib(qmlparser.o)
    0x0803e270   0x0000001a   Code   RO         6477    i.qmlparser_arrowFunctionParameters  libqml.lib(qmlparser.o)
    0x0803e28a   0x00000002   PAD
    0x0803e28c   0x000000f4   Code   RO         6478    i.qmlparser_assignmentExpression  libqml.lib(qmlparser.o)
    0x0803e380   0x000000ae   Code   RO         6479    i.qmlparser_assignmentExpressionNoIn  libqml.lib(qmlparser.o)
    0x0803e42e   0x00000002   PAD
    0x0803e430   0x000000fc   Code   RO         6480    i.qmlparser_assignmentOperator  libqml.lib(qmlparser.o)
    0x0803e52c   0x0000007c   Code   RO         6481    i.qmlparser_bitwiseANDExpression  libqml.lib(qmlparser.o)
    0x0803e5a8   0x0000007c   Code   RO         6482    i.qmlparser_bitwiseANDExpressionNoIn  libqml.lib(qmlparser.o)
    0x0803e624   0x0000007c   Code   RO         6483    i.qmlparser_bitwiseORExpression  libqml.lib(qmlparser.o)
    0x0803e6a0   0x0000007c   Code   RO         6484    i.qmlparser_bitwiseORExpressionNoIn  libqml.lib(qmlparser.o)
    0x0803e71c   0x0000007c   Code   RO         6485    i.qmlparser_bitwiseXORExpression  libqml.lib(qmlparser.o)
    0x0803e798   0x0000007c   Code   RO         6486    i.qmlparser_bitwiseXORExpressionNoIn  libqml.lib(qmlparser.o)
    0x0803e814   0x00000034   Code   RO         6487    i.qmlparser_breakStatement  libqml.lib(qmlparser.o)
    0x0803e848   0x00000098   Code   RO         6488    i.qmlparser_callExpression  libqml.lib(qmlparser.o)
    0x0803e8e0   0x0000002e   Code   RO         6489    i.qmlparser_callExpressionSuffix  libqml.lib(qmlparser.o)
    0x0803e90e   0x00000002   PAD
    0x0803e910   0x000000a0   Code   RO         6490    i.qmlparser_caseBlock  libqml.lib(qmlparser.o)
    0x0803e9b0   0x0000008c   Code   RO         6491    i.qmlparser_caseClause  libqml.lib(qmlparser.o)
    0x0803ea3c   0x000000cc   Code   RO         6492    i.qmlparser_catchClause  libqml.lib(qmlparser.o)
    0x0803eb08   0x00000090   Code   RO         6493    i.qmlparser_classDeclaration  libqml.lib(qmlparser.o)
    0x0803eb98   0x00000070   Code   RO         6494    i.qmlparser_classElementl  libqml.lib(qmlparser.o)
    0x0803ec08   0x00000094   Code   RO         6495    i.qmlparser_classTail  libqml.lib(qmlparser.o)
    0x0803ec9c   0x000000a4   Code   RO         6496    i.qmlparser_conditionalExpression  libqml.lib(qmlparser.o)
    0x0803ed40   0x00000084   Code   RO         6497    i.qmlparser_conditionalExpressionNoIn  libqml.lib(qmlparser.o)
    0x0803edc4   0x00000044   Code   RO         6498    i.qmlparser_continueStatement  libqml.lib(qmlparser.o)
    0x0803ee08   0x0000002c   Code   RO         6499    i.qmlparser_declaration  libqml.lib(qmlparser.o)
    0x0803ee34   0x0000006c   Code   RO         6500    i.qmlparser_defaultClause  libqml.lib(qmlparser.o)
    0x0803eea0   0x000000dc   Code   RO         6501    i.qmlparser_doWhileStatement  libqml.lib(qmlparser.o)
    0x0803ef7c   0x0000001c   Code   RO         6502    i.qmlparser_emptyStatement  libqml.lib(qmlparser.o)
    0x0803ef98   0x000000a4   Code   RO         6503    i.qmlparser_equalityExpression  libqml.lib(qmlparser.o)
    0x0803f03c   0x0000000c   Code   RO         6504    i.qmlparser_equalityExpressionNoIn  libqml.lib(qmlparser.o)
    0x0803f048   0x0000004a   Code   RO         6505    i.qmlparser_exportFromBlock  libqml.lib(qmlparser.o)
    0x0803f092   0x00000002   PAD
    0x0803f094   0x00000090   Code   RO         6506    i.qmlparser_exportStatement  libqml.lib(qmlparser.o)
    0x0803f124   0x00000050   Code   RO         6507    i.qmlparser_expression  libqml.lib(qmlparser.o)
    0x0803f174   0x00000050   Code   RO         6508    i.qmlparser_expressionNoIn  libqml.lib(qmlparser.o)
    0x0803f1c4   0x00000028   Code   RO         6509    i.qmlparser_expressionStatement  libqml.lib(qmlparser.o)
    0x0803f1ec   0x00000038   Code   RO         6510    i.qmlparser_finallyClause  libqml.lib(qmlparser.o)
    0x0803f224   0x0000010c   Code   RO         6511    i.qmlparser_forInStatement  libqml.lib(qmlparser.o)
    0x0803f330   0x00000044   Code   RO         6512    i.qmlparser_forInStatementInitialiserPart  libqml.lib(qmlparser.o)
    0x0803f374   0x0000016c   Code   RO         6513    i.qmlparser_forStatement  libqml.lib(qmlparser.o)
    0x0803f4e0   0x00000054   Code   RO         6514    i.qmlparser_forStatementInitialiserPart  libqml.lib(qmlparser.o)
    0x0803f534   0x000000ec   Code   RO         6515    i.qmlparser_formalParameterList  libqml.lib(qmlparser.o)
    0x0803f620   0x00000054   Code   RO         6516    i.qmlparser_functionBody  libqml.lib(qmlparser.o)
    0x0803f674   0x000000f0   Code   RO         6517    i.qmlparser_functionDeclaration  libqml.lib(qmlparser.o)
    0x0803f764   0x0000012c   Code   RO         6518    i.qmlparser_groupValueDeclaration  libqml.lib(qmlparser.o)
    0x0803f890   0x000000e4   Code   RO         6519    i.qmlparser_ifStatement  libqml.lib(qmlparser.o)
    0x0803f974   0x00000034   Code   RO         6520    i.qmlparser_importDefault  libqml.lib(qmlparser.o)
    0x0803f9a8   0x0000005c   Code   RO         6521    i.qmlparser_importFrom  libqml.lib(qmlparser.o)
    0x0803fa04   0x000000c4   Code   RO         6522    i.qmlparser_importFromBlock  libqml.lib(qmlparser.o)
    0x0803fac8   0x00000058   Code   RO         6523    i.qmlparser_importNamespace  libqml.lib(qmlparser.o)
    0x0803fb20   0x00000038   Code   RO         6524    i.qmlparser_importStatement  libqml.lib(qmlparser.o)
    0x0803fb58   0x00000068   Code   RO         6525    i.qmlparser_indexSuffix  libqml.lib(qmlparser.o)
    0x0803fbc0   0x00000034   Code   RO         6526    i.qmlparser_initialiser  libqml.lib(qmlparser.o)
    0x0803fbf4   0x0000003c   Code   RO         6527    i.qmlparser_initialiserNoIn  libqml.lib(qmlparser.o)
    0x0803fc30   0x00000042   Code   RO         6529    i.qmlparser_leftHandSideExpression  libqml.lib(qmlparser.o)
    0x0803fc72   0x00000002   PAD
    0x0803fc74   0x00000210   Code   RO         6530    i.qmlparser_literal  libqml.lib(qmlparser.o)
    0x0803fe84   0x0000007c   Code   RO         6531    i.qmlparser_logicalANDExpression  libqml.lib(qmlparser.o)
    0x0803ff00   0x0000007c   Code   RO         6532    i.qmlparser_logicalANDExpressionNoIn  libqml.lib(qmlparser.o)
    0x0803ff7c   0x0000007c   Code   RO         6533    i.qmlparser_logicalORExpression  libqml.lib(qmlparser.o)
    0x0803fff8   0x0000007c   Code   RO         6534    i.qmlparser_logicalORExpressionNoIn  libqml.lib(qmlparser.o)
    0x08040074   0x000000d0   Code   RO         6535    i.qmlparser_memberExpression  libqml.lib(qmlparser.o)
    0x08040144   0x00000088   Code   RO         6536    i.qmlparser_memberExpressionSuffix  libqml.lib(qmlparser.o)
    0x080401cc   0x000000d4   Code   RO         6537    i.qmlparser_methodDefinitionmentl  libqml.lib(qmlparser.o)
    0x080402a0   0x00000084   Code   RO         6538    i.qmlparser_moduleItems  libqml.lib(qmlparser.o)
    0x08040324   0x00000090   Code   RO         6539    i.qmlparser_multiplicativeExpression  libqml.lib(qmlparser.o)
    0x080403b4   0x00000048   Code   RO         6540    i.qmlparser_newExpression  libqml.lib(qmlparser.o)
    0x080403fc   0x00000140   Code   RO         6541    i.qmlparser_objectDeclaration  libqml.lib(qmlparser.o)
    0x0804053c   0x000000f4   Code   RO         6542    i.qmlparser_objectLiteral  libqml.lib(qmlparser.o)
    0x08040630   0x0000004c   Code   RO         6543    i.qmlparser_postfixExpression  libqml.lib(qmlparser.o)
    0x0804067c   0x000000c8   Code   RO         6544    i.qmlparser_primaryExpression  libqml.lib(qmlparser.o)
    0x08040744   0x0000006e   Code   RO         6545    i.qmlparser_program  libqml.lib(qmlparser.o)
    0x080407b2   0x00000002   PAD
    0x080407b4   0x00000070   Code   RO         6546    i.qmlparser_propertyName  libqml.lib(qmlparser.o)
    0x08040824   0x0000004c   Code   RO         6547    i.qmlparser_propertyNameAndValue  libqml.lib(qmlparser.o)
    0x08040870   0x00000050   Code   RO         6548    i.qmlparser_propertyReferenceSuffix  libqml.lib(qmlparser.o)
    0x080408c0   0x00000104   Code   RO         6549    i.qmlparser_relationalExpression  libqml.lib(qmlparser.o)
    0x080409c4   0x00000048   Code   RO         6551    i.qmlparser_returnStatement  libqml.lib(qmlparser.o)
    0x08040a0c   0x000001a8   Code   RO         6552    i.qmlparser_rootObjectDeclaration  libqml.lib(qmlparser.o)
    0x08040bb4   0x00000088   Code   RO         6553    i.qmlparser_run     libqml.lib(qmlparser.o)
    0x08040c3c   0x0000007c   Code   RO         6554    i.qmlparser_shiftExpression  libqml.lib(qmlparser.o)
    0x08040cb8   0x0000003c   Code   RO         6555    i.qmlparser_sourceElement  libqml.lib(qmlparser.o)
    0x08040cf4   0x00000024   Code   RO         6556    i.qmlparser_sourceElements  libqml.lib(qmlparser.o)
    0x08040d18   0x00000274   Code   RO         6557    i.qmlparser_statement  libqml.lib(qmlparser.o)
    0x08040f8c   0x00000050   Code   RO         6558    i.qmlparser_statementBlock  libqml.lib(qmlparser.o)
    0x08040fdc   0x00000030   Code   RO         6559    i.qmlparser_statementList  libqml.lib(qmlparser.o)
    0x0804100c   0x000000d4   Code   RO         6560    i.qmlparser_switchStatement  libqml.lib(qmlparser.o)
    0x080410e0   0x0000004c   Code   RO         6561    i.qmlparser_throwStatement  libqml.lib(qmlparser.o)
    0x0804112c   0x000000ac   Code   RO         6562    i.qmlparser_tryStatement  libqml.lib(qmlparser.o)
    0x080411d8   0x00000170   Code   RO         6563    i.qmlparser_unaryExpression  libqml.lib(qmlparser.o)
    0x08041348   0x00000218   Code   RO         6564    i.qmlparser_valueDeclaration  libqml.lib(qmlparser.o)
    0x08041560   0x00000268   Code   RO         6565    i.qmlparser_valueStatement  libqml.lib(qmlparser.o)
    0x080417c8   0x00000080   Code   RO         6566    i.qmlparser_variableDeclaration  libqml.lib(qmlparser.o)
    0x08041848   0x00000054   Code   RO         6567    i.qmlparser_variableDeclarationList  libqml.lib(qmlparser.o)
    0x0804189c   0x00000054   Code   RO         6568    i.qmlparser_variableDeclarationListNoIn  libqml.lib(qmlparser.o)
    0x080418f0   0x00000078   Code   RO         6569    i.qmlparser_variableDeclarationNoIn  libqml.lib(qmlparser.o)
    0x08041968   0x00000080   Code   RO         6570    i.qmlparser_variableStatement  libqml.lib(qmlparser.o)
    0x080419e8   0x000000b0   Code   RO         6571    i.qmlparser_whileStatement  libqml.lib(qmlparser.o)
    0x08041a98   0x00000090   Code   RO         6572    i.qmlparser_withStatement  libqml.lib(qmlparser.o)
    0x08041b28   0x000001b0   Code   RO         6979    i.re_compile        libqml.lib(re.o)
    0x08041cd8   0x00000054   Code   RO         6981    i.re_matchp         libqml.lib(re.o)
    0x08041d2c   0x00000094   Code   RO         7149    i.round             m_ws.l(round.o)
    0x08041dc0   0x000000a0   Code   RO         7152    i.sin               m_ws.l(sin.o)
    0x08041e60   0x00000168   Code   RO         7160    i.sinh              m_ws.l(sinh.o)
    0x08041fc8   0x0000004c   Code   RO         7170    i.sqrt              m_ws.l(sqrt.o)
    0x08042014   0x00000064   Code   RO         7178    i.tan               m_ws.l(tan.o)
    0x08042078   0x000000d4   Code   RO         7186    i.tanh              m_ws.l(tanh.o)
    0x0804214c   0x00000064   Code   RO         7193    i.trunc             m_ws.l(trunc.o)
    0x080421b0   0x000002c4   Code   RO         6399    i.val_print         libqml.lib(native.o)
    0x08042474   0x00000020   Code   RO         6400    i.val_print_format  libqml.lib(native.o)
    0x08042494   0x0000000c   Code   RO         5569    i.vm_bytes_2_int    libqml.lib(evm.o)
    0x080424a0   0x00000036   Code   RO         5570    i.vm_check_err      libqml.lib(evm.o)
    0x080424d6   0x00000052   Code   RO         5571    i.vm_function_prop_get  libqml.lib(evm.o)
    0x08042528   0x0000002c   Code   RO         5572    i.vm_get_var        libqml.lib(evm.o)
    0x08042554   0x00000134   Code   RO         5573    i.vm_load_module    libqml.lib(evm.o)
    0x08042688   0x00000264   Code   RO         5574    i.vm_op_aadd        libqml.lib(evm.o)
    0x080428ec   0x00000080   Code   RO         5575    i.vm_op_aand        libqml.lib(evm.o)
    0x0804296c   0x000002f0   Code   RO         5576    i.vm_op_add         libqml.lib(evm.o)
    0x08042c5c   0x000000a8   Code   RO         5577    i.vm_op_adiv        libqml.lib(evm.o)
    0x08042d04   0x00000084   Code   RO         5578    i.vm_op_alsh        libqml.lib(evm.o)
    0x08042d88   0x000000a0   Code   RO         5579    i.vm_op_amod        libqml.lib(evm.o)
    0x08042e28   0x00000078   Code   RO         5580    i.vm_op_amul        libqml.lib(evm.o)
    0x08042ea0   0x0000006e   Code   RO         5581    i.vm_op_and         libqml.lib(evm.o)
    0x08042f0e   0x00000002   PAD
    0x08042f10   0x00000080   Code   RO         5582    i.vm_op_aor         libqml.lib(evm.o)
    0x08042f90   0x00000118   Code   RO         5583    i.vm_op_ap          libqml.lib(evm.o)
    0x080430a8   0x00000080   Code   RO         5584    i.vm_op_arsh        libqml.lib(evm.o)
    0x08043128   0x00000078   Code   RO         5585    i.vm_op_asub        libqml.lib(evm.o)
    0x080431a0   0x000000e4   Code   RO         5586    i.vm_op_av          libqml.lib(evm.o)
    0x08043284   0x00000080   Code   RO         5587    i.vm_op_axor        libqml.lib(evm.o)
    0x08043304   0x0000024c   Code   RO         5588    i.vm_op_call_setup  libqml.lib(evm.o)
    0x08043550   0x0000003c   Code   RO         5589    i.vm_op_class_get_val_from_parents  libqml.lib(evm.o)
    0x0804358c   0x0000007c   Code   RO         5590    i.vm_op_cmp_and     libqml.lib(evm.o)
    0x08043608   0x0000007c   Code   RO         5591    i.vm_op_cmp_or      libqml.lib(evm.o)
    0x08043684   0x000001ac   Code   RO         5592    i.vm_op_div         libqml.lib(evm.o)
    0x08043830   0x000003ba   Code   RO         5593    i.vm_op_end         libqml.lib(evm.o)
    0x08043bea   0x0000018c   Code   RO         5594    i.vm_op_eq          libqml.lib(evm.o)
    0x08043d76   0x00000002   PAD
    0x08043d78   0x00000074   Code   RO         5595    i.vm_op_gt          libqml.lib(evm.o)
    0x08043dec   0x00000074   Code   RO         5596    i.vm_op_gteq        libqml.lib(evm.o)
    0x08043e60   0x0000022c   Code   RO         5597    i.vm_op_in          libqml.lib(evm.o)
    0x0804408c   0x00000062   Code   RO         5598    i.vm_op_list        libqml.lib(evm.o)
    0x080440ee   0x00000002   PAD
    0x080440f0   0x00000158   Code   RO         5599    i.vm_op_lp          libqml.lib(evm.o)
    0x08044248   0x00000068   Code   RO         5600    i.vm_op_lsh         libqml.lib(evm.o)
    0x080442b0   0x00000074   Code   RO         5601    i.vm_op_lt          libqml.lib(evm.o)
    0x08044324   0x00000074   Code   RO         5602    i.vm_op_lteq        libqml.lib(evm.o)
    0x08044398   0x00000080   Code   RO         5603    i.vm_op_mod         libqml.lib(evm.o)
    0x08044418   0x00000138   Code   RO         5604    i.vm_op_mul         libqml.lib(evm.o)
    0x08044550   0x0000018c   Code   RO         5605    i.vm_op_neq         libqml.lib(evm.o)
    0x080446dc   0x00000228   Code   RO         5606    i.vm_op_nin         libqml.lib(evm.o)
    0x08044904   0x00000070   Code   RO         5607    i.vm_op_not         libqml.lib(evm.o)
    0x08044974   0x00000066   Code   RO         5608    i.vm_op_object_get_val_from_parents  libqml.lib(evm.o)
    0x080449da   0x0000006e   Code   RO         5609    i.vm_op_or          libqml.lib(evm.o)
    0x08044a48   0x00000094   Code   RO         5610    i.vm_op_prefix_inc_dec  libqml.lib(evm.o)
    0x08044adc   0x00000144   Code   RO         5611    i.vm_op_prefix_incp_decp  libqml.lib(evm.o)
    0x08044c20   0x00000068   Code   RO         5612    i.vm_op_rsh         libqml.lib(evm.o)
    0x08044c88   0x00000138   Code   RO         5613    i.vm_op_sub         libqml.lib(evm.o)
    0x08044dc0   0x000000b4   Code   RO         5614    i.vm_op_suffix_inc_dec  libqml.lib(evm.o)
    0x08044e74   0x00000144   Code   RO         5615    i.vm_op_suffix_incp_decp  libqml.lib(evm.o)
    0x08044fb8   0x000001d6   Code   RO         5616    i.vm_op_teq         libqml.lib(evm.o)
    0x0804518e   0x000001c6   Code   RO         5617    i.vm_op_tneq        libqml.lib(evm.o)
    0x08045354   0x0000006e   Code   RO         5618    i.vm_op_xor         libqml.lib(evm.o)
    0x080453c2   0x00000002   PAD
    0x080453c4   0x00000088   Code   RO         5619    i.vm_print_exception  libqml.lib(evm.o)
    0x0804544c   0x00000006   Code   RO         5621    i.vm_scope_get_argc  libqml.lib(evm.o)
    0x08045452   0x0000000a   Code   RO         5622    i.vm_scope_get_default_argc  libqml.lib(evm.o)
    0x0804545c   0x00000092   Data   RO          641    .constdata          usb_desc.o
    0x080454ee   0x00000018   Data   RO         1145    .constdata          rtc.o
    0x08045506   0x00003b60   Data   RO         1223    .constdata          fonts.o
    0x08049066   0x00000002   PAD
    0x08049068   0x000000c0   Data   RO         1333    .constdata          qml_lvgl_module.o
    0x08049128   0x0000004e   Data   RO         1621    .constdata          qml_lvgl_utils.o
    0x08049176   0x00000011   Data   RO         1650    .constdata          lv_debug.o
    0x08049187   0x00000001   PAD
    0x08049188   0x0000002e   Data   RO         1780    .constdata          lv_group.o
    0x080491b6   0x00000002   PAD
    0x080491b8   0x00000016   Data   RO         2000    .constdata          lv_style.o
    0x080491ce   0x00000024   Data   RO         2030    .constdata          lv_draw.o
    0x080491f2   0x00000011   Data   RO         2317    .constdata          lv_draw_rect.o
    0x08049203   0x00000001   PAD
    0x08049204   0x00000002   Data   RO         2486    .constdata          lv_hal_disp.o
    0x08049206   0x000000b6   Data   RO         2995    .constdata          lv_math.o
    0x080492bc   0x00000004   PAD
    0x080492c0   0x00000050   Data   RO         3027    .constdata          lv_printf.o
    0x08049310   0x00000002   Data   RO         3722    .constdata          lv_gauge.o
    0x08049312   0x00000002   PAD
    0x08049314   0x000033e8   Data   RO         5204    .constdata          lv_font_roboto_16.o
    0x0804c6fc   0x00000017   Data   RO         5365    .constdata          ff.o
    0x0804c713   0x00000001   PAD
    0x0804c714   0x0000e99e   Data   RO         5392    .constdata          ffunicode.o
    0x0805b0b2   0x00000006   PAD
    0x0805b0b8   0x00000260   Data   RO         5849    .constdata          libqml.lib(ecma.o)
    0x0805b318   0x00000040   Data   RO         5915    .constdata          libqml.lib(qml_module.o)
    0x0805b358   0x00000070   Data   RO         6401    .constdata          libqml.lib(native.o)
    0x0805b3c8   0x00000050   Data   RO         7005    .constdata          m_ws.l(acos.o)
    0x0805b418   0x00000050   Data   RO         7023    .constdata          m_ws.l(asin.o)
    0x0805b468   0x00000098   Data   RO         7041    .constdata          m_ws.l(atan.o)
    0x0805b500   0x00000008   Data   RO         7087    .constdata          m_ws.l(cosh.o)
    0x0805b508   0x00000058   Data   RO         7097    .constdata          m_ws.l(exp.o)
    0x0805b560   0x00000038   Data   RO         7115    .constdata          m_ws.l(log.o)
    0x0805b598   0x00000088   Data   RO         7141    .constdata          m_ws.l(pow.o)
    0x0805b620   0x00000008   Data   RO         7161    .constdata          m_ws.l(sinh.o)
    0x0805b628   0x00000081   Data   RO         7201    .constdata          mc_w.l(ctype_o.o)
    0x0805b6a9   0x00000003   PAD
    0x0805b6ac   0x00000004   Data   RO         7202    .constdata          mc_w.l(ctype_o.o)
    0x0805b6b0   0x0000000c   Data   RO         7238    .constdata          mc_w.l(mktime.o)
    0x0805b6bc   0x00000004   PAD
    0x0805b6c0   0x00000030   Data   RO         7590    .constdata          m_ws.l(cos_i.o)
    0x0805b6f0   0x00000028   Data   RO         7607    .constdata          m_ws.l(expm1_i.o)
    0x0805b718   0x00000038   Data   RO         7619    .constdata          m_ws.l(log1p_i.o)
    0x0805b750   0x00000008   Data   RO         7626    .constdata          m_ws.l(qnan.o)
    0x0805b758   0x000000c8   Data   RO         7629    .constdata          m_ws.l(rred.o)
    0x0805b820   0x00000028   Data   RO         7633    .constdata          m_ws.l(sin_i.o)
    0x0805b848   0x00000060   Data   RO         7639    .constdata          m_ws.l(tan_i.o)
    0x0805b8a8   0x0000000c   Data   RO         7671    .constdata          mc_w.l(localtime_i.o)
    0x0805b8b4   0x00000186   Data   RO         1334    .conststring        qml_lvgl_module.o
    0x0805ba3a   0x00000002   PAD
    0x0805ba3c   0x0000009e   Data   RO         5850    .conststring        libqml.lib(ecma.o)
    0x0805bada   0x00000002   PAD
    0x0805badc   0x00000021   Data   RO         5916    .conststring        libqml.lib(qml_module.o)
    0x0805bafd   0x00000003   PAD
    0x0805bb00   0x00000029   Data   RO         6402    .conststring        libqml.lib(native.o)
    0x0805bb29   0x00000003   PAD
    0x0805bb2c   0x00000020   Data   RO         7718    Region$$Table       anon$$obj.o


    Execution Region RW_RAM1 (Base: 0x68000000, Size: 0x000790e8, Max: 0x00080000, ABSOLUTE, COMPRESSED[0x00000314])

    Base Addr    Size         Type   Attr      Idx    E Section Name        Object

    0x68000000   0x00000014   Data   RW           25    .data               system_stm32f10x.o
    0x68000014   0x00000014   Data   RW          318    .data               stm32f10x_rcc.o
    0x68000028   0x00000003   Data   RW          404    .data               usb_core.o
    0x6800002b   0x00000001   PAD
    0x6800002c   0x00000014   Data   RW          456    .data               usb_init.o
    0x68000040   0x00000004   Data   RW          478    .data               usb_int.o
    0x68000044   0x0000001c   Data   RW          570    .data               mass_mal.o
    0x68000060   0x00000024   Data   RW          587    .data               memory.o
    0x68000084   0x0000007f   Data   RW          612    .data               scsi_data.o
    0x68000103   0x00000001   PAD
    0x68000104   0x0000000c   Data   RW          626    .data               usb_bot.o
    0x68000110   0x0000001a   Data   RW          642    .data               usb_desc.o
    0x6800012a   0x00000002   PAD
    0x6800012c   0x0000003c   Data   RW          670    .data               usb_istr.o
    0x68000168   0x00000094   Data   RW          688    .data               usb_prop.o
    0x680001fc   0x00000007   Data   RW          715    .data               usb_pwr.o
    0x68000203   0x00000001   PAD
    0x68000204   0x00000004   Data   RW          747    .data               main.o
    0x68000208   0x00000004   Data   RW         1112    .data               delay.o
    0x6800020c   0x00000002   Data   RW         1146    .data               rtc.o
    0x6800020e   0x00000002   PAD
    0x68000210   0x00000010   Data   RW         1168    .data               bsp_ili9341_lcd.o
    0x68000220   0x000000d0   Data   RW         1202    .data               bsp_xpt2046_lcd.o
    0x680002f0   0x00000018   Data   RW         1224    .data               fonts.o
    0x68000308   0x00000014   Data   RW         1238    .data               bsp_sdio_sdcard.o
    0x6800031c   0x00000008   Data   RW         1303    .data               lvgl_main.o
    0x68000324   0x00000220   Data   RW         1335    .data               qml_lvgl_module.o
    0x68000544   0x00000008   Data   RW         1855    .data               lv_indev.o
    0x6800054c   0x0000000c   Data   RW         1887    .data               lv_obj.o
    0x68000558   0x00000008   Data   RW         1972    .data               lv_refr.o
    0x68000560   0x00000024   Data   RW         2031    .data               lv_draw.o
    0x68000584   0x00000002   Data   RW         2181    .data               lv_draw_basic.o
    0x68000586   0x00000002   Data   RW         2367    .data               lv_img_cache.o
    0x68000588   0x00000004   Data   RW         2487    .data               lv_hal_disp.o
    0x6800058c   0x00000005   Data   RW         2647    .data               lv_hal_tick.o
    0x68000591   0x00000003   PAD
    0x68000594   0x00000005   Data   RW         2661    .data               lv_anim.o
    0x68000599   0x00000003   PAD
    0x6800059c   0x0000000c   Data   RW         2939    .data               lv_gc.o
    0x680005a8   0x00000008   Data   RW         3013    .data               lv_mem.o
    0x680005b0   0x00000014   Data   RW         3046    .data               lv_task.o
    0x680005c4   0x00000020   Data   RW         3100    .data               lv_txt.o
    0x680005e4   0x00000008   Data   RW         3337    .data               lv_btn.o
    0x680005ec   0x0000000c   Data   RW         3520    .data               lv_cb.o
    0x680005f8   0x00000004   Data   RW         3602    .data               lv_cont.o
    0x680005fc   0x00000008   Data   RW         3723    .data               lv_gauge.o
    0x68000604   0x00000004   Data   RW         3755    .data               lv_img.o
    0x68000608   0x00000004   Data   RW         3854    .data               lv_label.o
    0x6800060c   0x00000004   Data   RW         3970    .data               lv_lmeter.o
    0x68000610   0x00000008   Data   RW         4074    .data               lv_page.o
    0x68000618   0x00000014   Data   RW         4301    .data               lv_ta.o
    0x6800062c   0x00000004   Data   RW         4454    .data               lv_win.o
    0x68000630   0x00000001   Data   RW         4505    .data               lv_theme.o
    0x68000631   0x00000003   PAD
    0x68000634   0x00000010   Data   RW         4843    .data               lv_font_fmt_txt.o
    0x68000644   0x00000030   Data   RW         5205    .data               lv_font_roboto_16.o
    0x68000674   0x00000006   Data   RW         5366    .data               ff.o
    0x6800067a   0x00000002   PAD
    0x6800067c   0x00000018   Data   RW         5623    .data               libqml.lib(evm.o)
    0x68000694   0x0000002c   Data   RW         5851    .data               libqml.lib(ecma.o)
    0x680006c0   0x00000024   Data   RW         5917    .data               libqml.lib(qml_module.o)
    0x680006e4   0x0000001c   Data   RW         5990    .data               libqml.lib(compiler.o)
    0x68000700   0x00000008   Data   RW         6573    .data               libqml.lib(qmlparser.o)
    0x68000708   0x0000000c   Data   RW         6956    .data               libqml.lib(ecma_date.o)
    0x68000714   0x00000004   Data   RW         7231    .data               mc_w.l(rand.o)
    0x68000718   0x00000004   Data   RW         7658    .data               mc_w.l(stdout.o)
    0x6800071c   0x00000004   Data   RW         7673    .data               mc_w.l(mvars.o)
    0x68000720   0x00000004   Data   RW         7674    .data               mc_w.l(mvars.o)
    0x68000724   0x00000004   Data   RW         7678    .data               mc_w.l(errno.o)
    0x68000728   0x0000001c   Zero   RW          455    .bss                usb_init.o
    0x68000744   0x00000200   Zero   RW          586    .bss                memory.o
    0x68000944   0x00000070   Zero   RW          625    .bss                usb_bot.o
    0x680009b4   0x00000234   Zero   RW          746    .bss                main.o
    0x68000be8   0x0000000a   Zero   RW         1144    .bss                rtc.o
    0x68000bf2   0x00000006   PAD
    0x68000bf8   0x000000cc   Zero   RW         1237    .bss                bsp_sdio_sdcard.o
    0x68000cc4   0x00000a1e   Zero   RW         1253    .bss                bsp_usart.o
    0x680016e2   0x00000002   PAD
    0x680016e4   0x00001504   Zero   RW         1302    .bss                lvgl_main.o
    0x68002be8   0x0000000c   Zero   RW         1332    .bss                qml_lvgl_module.o
    0x68002bf4   0x00000340   Zero   RW         1999    .bss                lv_style.o
    0x68002f34   0x000001e0   Zero   RW         2180    .bss                lv_draw_basic.o
    0x68003114   0x00000060   Zero   RW         2938    .bss                lv_gc.o
    0x68003174   0x00014000   Zero   RW         3012    .bss                lv_mem.o
    0x68017174   0x00001c30   Zero   RW         4504    .bss                lv_theme.o
    0x68018da4   0x00000200   Zero   RW         5364    .bss                ff.o
    0x68018fa4   0x00000118   Zero   RW         6983    .bss                libqml.lib(re.o)
    0x680190bc   0x0000002c   Zero   RW         7668    .bss                mc_w.l(localtime_w.o)
    0x680190e8   0x00060000   Zero   RW            2    HEAP                startup_stm32f10x_hd.o


==============================================================================

Image component sizes


      Code (inc. data)   RO Data    RW Data    ZI Data      Debug   Object Name

      2880         64          0         16          0      10315   bsp_ili9341_lcd.o
       104         10          0          0          0       1287   bsp_key.o
       104          4          0          0          0       1200   bsp_led.o
      5880        214          0         20        204      17699   bsp_sdio_sdcard.o
      1456        134          0          0       2590       7259   bsp_usart.o
      1708         36          0        208          0       7256   bsp_xpt2046_lcd.o
         0          0          0          0          0       4508   core_cm3.o
       212         18          0          4          0       1119   delay.o
       556         10          0          0          0       4891   diskio.o
      9474         82         23          6        512      45100   ff.o
       392         28      59806          0          0       2496   ffunicode.o
         0          0      15200         24          0       1557   fonts.o
       340         20          0          0          0       8768   hw_config.o
      1336         32          0          5          0       8421   lv_anim.o
         0          0          0          0          0      28810   lv_arc.o
       568          0          0          0          0       4801   lv_area.o
        92          6          0          0          0       4620   lv_async.o
         0          0          0          0          0       7715   lv_bar.o
         0          0          0          0          0       7328   lv_bidi.o
      1728         88          0          8          0      15494   lv_btn.o
         0          0          0          0          0       4106   lv_calendar.o
      1356         98          0         12          0      21739   lv_cb.o
        98          0          0          0          0       1565   lv_circ.o
      3472         60          0          4          0      16694   lv_cont.o
       448          8         17          0          0      23396   lv_debug.o
       274          0          0          0          0      21129   lv_disp.o
       404         28         36         36          0      19269   lv_draw.o
         0          0          0          0          0       1644   lv_draw_arc.o
      3506         32          0          2        480      26195   lv_draw_basic.o
      2736         84          0          0          0      20746   lv_draw_img.o
      1436         24          0          0          0      14190   lv_draw_label.o
      5252          0          0          0          0       6855   lv_draw_line.o
     11566         16         17          0          0      23461   lv_draw_rect.o
        84          0          0          0          0       3281   lv_font.o
      1784         66          0         16          0      10131   lv_font_fmt_txt.o
         0          0          0          0          0       1820   lv_font_roboto_12.o
         0          0      13288         48          0       2472   lv_font_roboto_16.o
      1476         30          0          0          0      10948   lv_fs.o
      2204         76          2          8          0      10216   lv_gauge.o
       124         44          0         12         96       9122   lv_gc.o
      2244         54         46          0          0      28944   lv_group.o
       792         36          2          4          0      26826   lv_hal_disp.o
       280         24          0          0          0      23772   lv_hal_indev.o
        76         10          0          5          0       1876   lv_hal_tick.o
      1680         60          0          4          0       7213   lv_img.o
       632         30          0          2          0      10268   lv_img_cache.o
      2552         50          0          0          0      19982   lv_img_decoder.o
      5172         38          0          8          0      14554   lv_indev.o
      6428        160          0          4          0      28563   lv_label.o
       888          0          0          0          0       5818   lv_ll.o
      1600         62          0          4          0      26918   lv_lmeter.o
       436          4        182          0          0       2871   lv_math.o
       772         16          0          8      81920       4569   lv_mem.o
      8968        172          0         12          0      43303   lv_obj.o
      6912        144          0          8          0      45737   lv_page.o
      4404        148         80          0          0      10819   lv_printf.o
      2036         14          0          8          0       7017   lv_refr.o
         0          0          0          0          0       5224   lv_roller.o
      2768        106         22          0        832      12073   lv_style.o
      8964        268          0         20          0      36758   lv_ta.o
       976         58          0         20          0       5064   lv_task.o
       144         16          0          1       7216      27702   lv_theme.o
      2000         34          0         32          0      11555   lv_txt.o
       212          0          0          0          0       1515   lv_utils.o
      2586        102          0          4          0      24991   lv_win.o
       524         52          0          8       5380       4846   lvgl_main.o
       612         54          0          4        564      50374   main.o
       356         22          0         28          0       2940   mass_mal.o
       536         60          0         36        512       3686   memory.o
       220         22          0          0          0       2029   misc.o
      3404        160        582        544         12      57624   qml_lvgl_module.o
      3156       1086         78          0          0      11685   qml_lvgl_utils.o
      1092         32         24          2         10       5649   rtc.o
         0          0          0        127          0       1286   scsi_data.o
      1176        190          0          0          0       2764   sram.o
        36          8        304          0     393216        908   startup_stm32f10x_hd.o
       196          8          0          0          0       3724   stm32f10x_bkp.o
       596          8          0          0          0       4594   stm32f10x_dma.o
      1548         18          0          0          0       5603   stm32f10x_fsmc.o
       860         38          0          0          0       5957   stm32f10x_gpio.o
        50          0          0          0          0       1727   stm32f10x_it.o
       204         14          0          0          0       1999   stm32f10x_pwr.o
       932         36          0         20          0       9184   stm32f10x_rcc.o
       328          4          0          0          0       2774   stm32f10x_rtc.o
       468         22          0          0          0       7344   stm32f10x_sdio.o
      1032         22          0          0          0       8688   stm32f10x_usart.o
       600         72          0         20          0     257743   system_stm32f10x.o
      1100         60          0         12        112       3141   usb_bot.o
      2896        114          0          3          0      20535   usb_core.o
         0          0        146         26          0       1192   usb_desc.o
        16          0          0          0          0        643   usb_endp.o
        60         24          0         20         28       4470   usb_init.o
       828         34          0          4          0       2219   usb_int.o
        80         18          0         60          0       1616   usb_istr.o
        92          6          0          0          0       1662   usb_mem.o
       616         48          0        148          0       7448   usb_prop.o
       328         22          0          7          0       3009   usb_pwr.o
      2056         20          0          0          0      12241   usb_regs.o
      1052         48          0          0          0       5286   usb_scsi.o
       128          8          0          0          0       1734   usb_sil.o

    ----------------------------------------------------------------------
    153764       5248      89908       1660     493692    1391879   Object Totals
         0          0         32          0          0          0   (incl. Generated)
        14          0         21         18          8          0   (incl. Padding)

    ----------------------------------------------------------------------

      Code (inc. data)   RO Data    RW Data    ZI Data      Debug   Library Member Name

     10186       2298          0         28          0       2600   compiler.o
      3272        568        766         44          0       2148   ecma.o
      1610        184          0          0          0       1472   ecma_array.o
       540        140          0         12          0        752   ecma_date.o
      4232        642          0          0          0       3404   ecma_math.o
       674        134          0          0          0        568   ecma_number.o
      5190        916          0          0          0       2584   ecma_object.o
       698        220          0          0          0        552   ecma_regexp.o
       616         94          0          0          0        660   ecma_string.o
     32806       4106          0         24          0      14500   evm.o
      4328        198          0          0          0       2832   gc.o
     16874       1268          0          0          0      10988   jsparser.o
      2722        604        153          0          0       1976   native.o
      4672        434         97         36          0       2988   qml_module.o
     18310       1514          0          8          0      11520   qmlparser.o
      1378         24          0          0        280       1164   re.o
       636         62         80          0          0        188   acos.o
       280         22          0          0          0        140   acosh.o
       624         52         80          0          0        168   asin.o
       268         24          0          0          0        104   asinh.o
       544         70        152          0          0        124   atan.o
       384         38          0          0          0        144   atan2.o
       320         30          0          0          0        116   atanh.o
        42          0          0          0          0         84   atof.o
       364         64          0          0          0        120   cbrt.o
       220         16          0          0          0         84   ceil.o
       156          8          0          0          0        104   cos.o
       252         22         48          0          0        124   cos_i.o
       316         38          8          0          0        176   cosh.o
        76         10          0          0          0        476   dunder.o
       644         90         88          0          0        204   exp.o
         4          0          0          0          0         68   expm1.o
       908         96         40          0          0        228   expm1_i.o
       220         16          0          0          0         84   floor.o
        40          0          0          0          0         68   fpclassify.o
        88          8          0          0          0         76   frexp.o
       860         52         56          0          0        256   log.o
       228         30          0          0          0        120   log10.o
         4          0          0          0          0         68   log1p.o
       876         70         56          0          0        244   log1p_i.o
       152         12          0          0          0         88   log2.o
       170          0          0          0          0         96   poly.o
      2520        190        136          0          0        324   pow.o
         0          0          8          0          0          0   qnan.o
       148         12          0          0          0         88   round.o
       904         76        200          0          0        140   rred.o
       160         10          0          0          0        108   sin.o
       236         12         40          0          0        128   sin_i.o
       360         42          8          0          0        184   sinh.o
        76          0          0          0          0         84   sqrt.o
       100         10          0          0          0         96   tan.o
       636         50         96          0          0        168   tan_i.o
       212         14          0          0          0         96   tanh.o
       100          4          0          0          0         84   trunc.o
        86          0          0          0          0          0   __dczerorl2.o
        28          0          0          0          0         68   _chval.o
        64          0          0          0          0         84   _sgetc.o
       158          0          0          0          0         92   _strtoul.o
        26          0          0          0          0         80   atoi.o
         8          4        133          0          0         68   ctype_o.o
         0          0          0          0          0          0   entry.o
         0          0          0          0          0          0   entry10a.o
         0          0          0          0          0          0   entry11a.o
         8          4          0          0          0          0   entry2.o
         4          0          0          0          0          0   entry5.o
         0          0          0          0          0          0   entry7b.o
         0          0          0          0          0          0   entry8b.o
         8          4          0          0          0          0   entry9a.o
        32         16          0          4          0        204   errno.o
        30          0          0          0          0          0   handlers.o
        36          8          0          0          0         68   init.o
        18          0          0          0          0         76   isspace_o.o
         0          0          0          0          0          0   iusefp.o
        30          0          0          0          0         68   llshl.o
        36          0          0          0          0         68   llsshr.o
        32          0          0          0          0         68   llushr.o
       140          6         12          0          0         76   localtime_i.o
        12          6          0          0         44         68   localtime_w.o
       188         20          0          0          0        160   malloc.o
        36          0          0          0          0         68   memcpya.o
        36          0          0          0          0        108   memseta.o
       168         18         12          0          0         80   mktime.o
         0          0          0          8          0          0   mvars.o
      2308         96          0          0          0        604   printfa.o
        36         10          0          4          0        136   rand.o
       838         12          0          0          0        216   scanf_fp.o
         0          0          0          4          0          0   stdout.o
        28          0          0          0          0         76   strcmp.o
        18          0          0          0          0         68   strcpy.o
        34          0          0          0          0         80   strcspn.o
        14          0          0          0          0         68   strlen.o
        24          0          0          0          0         76   strncpy.o
        28          0          0          0          0         80   strspn.o
        36          0          0          0          0         80   strstr.o
       156         12          0          0          0        120   strtod.o
       112          0          0          0          0         88   strtol.o
        12          0          0          0          0         68   tolower.o
        44          0          0          0          0         80   uidiv.o
        98          0          0          0          0         92   uldiv.o
        48          0          0          0          0         68   cdcmple.o
        48          0          0          0          0         68   cdrcmple.o
        20          0          0          0          0         68   cfcmple.o
        56          0          0          0          0         88   d2f.o
       334          0          0          0          0        148   dadd.o
       222          0          0          0          0        100   ddiv.o
       186          0          0          0          0        176   depilogue.o
        62          0          0          0          0         80   dfixi.o
        50          0          0          0          0         76   dfixui.o
        48          0          0          0          0         68   dfixul.o
        34          0          0          0          0         76   dflti.o
        26          0          0          0          0         76   dfltui.o
        24          0          0          0          0         76   dfltul.o
       228          0          0          0          0         96   dmul.o
       136          4          0          0          0         92   drnd.o
        46          0          0          0          0         80   dscalb.o
       162          0          0          0          0        100   dsqrt.o
        38          0          0          0          0         68   f2d.o
       176          0          0          0          0        140   fadd.o
       124          0          0          0          0         88   fdiv.o
       110          0          0          0          0        168   fepilogue.o
        50          0          0          0          0         68   ffixi.o
        18          0          0          0          0         68   fflti.o
        10          0          0          0          0         68   ffltui.o
       100          0          0          0          0         76   fmul.o

    ----------------------------------------------------------------------
    129672      14814       2284        172        324      71676   Library Totals
       110          0         15          0          0          0   (incl. Padding)

    ----------------------------------------------------------------------

      Code (inc. data)   RO Data    RW Data    ZI Data      Debug   Library Name

    108108      13344       1016        152        280      60708   libqml.lib
     14128       1250       1096          0          0       5252   m_ws.l
      4970        216        157         20         44       3436   mc_w.l
      2356          4          0          0          0       2280   mf_w.l

    ----------------------------------------------------------------------
    129672      14814       2284        172        324      71676   Library Totals

    ----------------------------------------------------------------------

==============================================================================


      Code (inc. data)   RO Data    RW Data    ZI Data      Debug   

    283436      20062      92192       1832     494016    1411475   Grand Totals
    283436      20062      92192        788     494016    1411475   ELF Image Totals (compressed)
    283436      20062      92192        788          0          0   ROM Totals

==============================================================================

    Total RO  Size (Code + RO Data)               375628 ( 366.82kB)
    Total RW  Size (RW Data + ZI Data)            495848 ( 484.23kB)
    Total ROM Size (Code + RO Data + RW Data)     376416 ( 367.59kB)

==============================================================================

