Component: ARM Compiler 5.06 update 3 (build 300) Tool: armlink [4d35c9]

==============================================================================

Section Cross References

    startup_stm32f10x_hd.o(RESET) refers to startup_stm32f10x_hd.o(STACK) for __initial_sp
    startup_stm32f10x_hd.o(RESET) refers to startup_stm32f10x_hd.o(.text) for Reset_Handler
    startup_stm32f10x_hd.o(RESET) refers to stm32f10x_it.o(.text) for NMI_Handler
    startup_stm32f10x_hd.o(RESET) refers to rtc.o(.text) for RTC_IRQHandler
    startup_stm32f10x_hd.o(RESET) refers to bsp_adc.o(.text) for ADC1_2_IRQHandler
    startup_stm32f10x_hd.o(RESET) refers to bsp_usart.o(.text) for USART1_IRQHandler
    startup_stm32f10x_hd.o(.text) refers to system_stm32f10x.o(.text) for SystemInit
    startup_stm32f10x_hd.o(.text) refers to entry.o(.ARM.Collect$$$$00000000) for __main
    system_stm32f10x.o(.text) refers to system_stm32f10x.o(.data) for SystemCoreClock
    stm32f10x_adc.o(.text) refers to stm32f10x_rcc.o(.text) for RCC_APB2PeriphResetCmd
    stm32f10x_bkp.o(.text) refers to stm32f10x_rcc.o(.text) for RCC_BackupResetCmd
    stm32f10x_can.o(.text) refers to stm32f10x_rcc.o(.text) for RCC_APB1PeriphResetCmd
    stm32f10x_cec.o(.text) refers to stm32f10x_rcc.o(.text) for RCC_APB1PeriphResetCmd
    stm32f10x_dac.o(.text) refers to stm32f10x_rcc.o(.text) for RCC_APB1PeriphResetCmd
    stm32f10x_gpio.o(.text) refers to stm32f10x_rcc.o(.text) for RCC_APB2PeriphResetCmd
    stm32f10x_i2c.o(.text) refers to stm32f10x_rcc.o(.text) for RCC_APB1PeriphResetCmd
    stm32f10x_pwr.o(.text) refers to stm32f10x_rcc.o(.text) for RCC_APB1PeriphResetCmd
    stm32f10x_rcc.o(.text) refers to stm32f10x_rcc.o(.data) for APBAHBPrescTable
    stm32f10x_spi.o(.text) refers to stm32f10x_rcc.o(.text) for RCC_APB2PeriphResetCmd
    stm32f10x_tim.o(.text) refers to stm32f10x_rcc.o(.text) for RCC_APB2PeriphResetCmd
    stm32f10x_usart.o(.text) refers to stm32f10x_rcc.o(.text) for RCC_APB2PeriphResetCmd
    stm32f10x_wwdg.o(.text) refers to stm32f10x_rcc.o(.text) for RCC_APB1PeriphResetCmd
    usb_core.o(.text) refers to usb_regs.o(.text) for ClearDTOG_TX
    usb_core.o(.text) refers to usb_init.o(.data) for pInformation
    usb_core.o(.text) refers to usb_prop.o(.data) for Device_Table
    usb_core.o(.text) refers to usb_core.o(.data) for StatusInfo
    usb_core.o(.text) refers to usb_mem.o(.text) for PMAToUserBufferCopy
    usb_core.o(.text) refers to usb_int.o(.data) for SaveRState
    usb_init.o(.text) refers to usb_init.o(.bss) for Device_Info
    usb_init.o(.text) refers to usb_init.o(.data) for pInformation
    usb_init.o(.text) refers to usb_prop.o(.data) for Device_Property
    usb_int.o(.text) refers to usb_core.o(.text) for In0_Process
    usb_int.o(.text) refers to usb_istr.o(.data) for wIstr
    usb_int.o(.text) refers to usb_init.o(.data) for EPindex
    usb_int.o(.text) refers to usb_int.o(.data) for SaveRState
    usb_sil.o(.text) refers to usb_regs.o(.text) for GetEPTxAddr
    usb_sil.o(.text) refers to usb_mem.o(.text) for UserToPMABufferCopy
    usb_sil.o(.text) refers to usb_init.o(.data) for wInterrupt_Mask
    hw_config.o(.text) refers to mass_mal.o(.text) for MAL_Init
    hw_config.o(.text) refers to stm32f10x_rcc.o(.text) for RCC_USBCLKConfig
    hw_config.o(.text) refers to misc.o(.text) for NVIC_PriorityGroupConfig
    hw_config.o(.text) refers to stm32f10x_gpio.o(.text) for GPIO_Init
    hw_config.o(.text) refers to usb_pwr.o(.data) for bDeviceState
    hw_config.o(.text) refers to usb_init.o(.bss) for Device_Info
    hw_config.o(.text) refers to usb_desc.o(.data) for MASS_StringSerial
    mass_mal.o(.text) refers to bsp_sdio_sdcard.o(.text) for SD_Init
    mass_mal.o(.text) refers to mass_mal.o(.data) for Status
    mass_mal.o(.text) refers to bsp_sdio_sdcard.o(.bss) for SDCardInfo
    memory.o(.text) refers to mass_mal.o(.text) for MAL_Read
    memory.o(.text) refers to usb_sil.o(.text) for USB_SIL_Write
    memory.o(.text) refers to usb_regs.o(.text) for SetEPTxCount
    memory.o(.text) refers to usb_bot.o(.text) for Set_CSW
    memory.o(.text) refers to memory.o(.data) for TransferState
    memory.o(.text) refers to mass_mal.o(.data) for Mass_Block_Size
    memory.o(.text) refers to memory.o(.bss) for Data_Buffer
    memory.o(.text) refers to usb_bot.o(.bss) for CSW
    memory.o(.text) refers to usb_bot.o(.data) for Bot_State
    usb_bot.o(.text) refers to usb_sil.o(.text) for USB_SIL_Write
    usb_bot.o(.text) refers to usb_regs.o(.text) for SetEPTxStatus
    usb_bot.o(.text) refers to usb_scsi.o(.text) for SCSI_Read10_Cmd
    usb_bot.o(.text) refers to usb_bot.o(.bss) for CSW
    usb_bot.o(.text) refers to usb_bot.o(.data) for Bot_State
    usb_bot.o(.text) refers to usb_prop.o(.data) for Max_Lun
    usb_endp.o(.text) refers to usb_bot.o(.text) for Mass_Storage_In
    usb_istr.o(.text) refers to usb_int.o(.text) for CTR_LP
    usb_istr.o(.text) refers to usb_istr.o(.data) for wIstr
[...]
    get_fattime                              0x0800678f   Thumb Code     4  diskio.o(.text)
    f_mount                                  0x08007f07   Thumb Code    80  ff.o(.text)
    f_open                                   0x08007f57   Thumb Code   484  ff.o(.text)
    f_read                                   0x0800813b   Thumb Code   438  ff.o(.text)
    f_write                                  0x080082f1   Thumb Code   478  ff.o(.text)
    f_sync                                   0x080084cf   Thumb Code   160  ff.o(.text)
    f_close                                  0x0800856f   Thumb Code    34  ff.o(.text)
    f_lseek                                  0x08008591   Thumb Code   388  ff.o(.text)
    f_opendir                                0x08008715   Thumb Code   108  ff.o(.text)
    f_closedir                               0x08008781   Thumb Code    24  ff.o(.text)
    f_readdir                                0x08008799   Thumb Code    78  ff.o(.text)
    f_stat                                   0x080087e7   Thumb Code    62  ff.o(.text)
    f_getfree                                0x08008825   Thumb Code   246  ff.o(.text)
    f_truncate                               0x0800891b   Thumb Code   178  ff.o(.text)
    f_unlink                                 0x080089cd   Thumb Code   170  ff.o(.text)
    f_mkdir                                  0x08008a77   Thumb Code   270  ff.o(.text)
    f_rename                                 0x08008b85   Thumb Code   282  ff.o(.text)
    ff_uni2oem                               0x08008ca1   Thumb Code   110  ffunicode.o(.text)
    ff_oem2uni                               0x08008d0f   Thumb Code    98  ffunicode.o(.text)
    ff_wtoupper                              0x08008d71   Thumb Code   166  ffunicode.o(.text)
    RTC_Get_Week                             0x08008e49   Thumb Code   116  rtc.o(.text)
    Is_Leap_Year                             0x08008ebd   Thumb Code    58  rtc.o(.text)
    RTC_Get                                  0x08008ef7   Thumb Code   240  rtc.o(.text)
    RTC_Set                                  0x08008fe7   Thumb Code   184  rtc.o(.text)
    RTC_Init                                 0x0800909f   Thumb Code   192  rtc.o(.text)
    RTC_IRQHandler                           0x0800915f   Thumb Code    44  rtc.o(.text)
    RTC_Alarm_Set                            0x0800918b   Thumb Code   184  rtc.o(.text)
    upy_delay_ms                             0x08009327   Thumb Code    62  upy.o(.text)
    upy_delay_us                             0x08009365   Thumb Code    62  upy.o(.text)
    upy_led_on                               0x080093a3   Thumb Code    54  upy.o(.text)
    upy_led_off                              0x080093d9   Thumb Code    56  upy.o(.text)
    upy_led_toggle                           0x08009411   Thumb Code    64  upy.o(.text)
    upy_led_init                             0x08009451   Thumb Code    88  upy.o(.text)
    upy_timer_init                           0x080094a9   Thumb Code    88  upy.o(.text)
    upy_timer_setup                          0x08009501   Thumb Code    88  upy.o(.text)
    upy_timer_callback                       0x08009559   Thumb Code    88  upy.o(.text)
    upy_rtc_set_datetime                     0x080095b1   Thumb Code   168  upy.o(.text)
    upy_rtc_get_datetime                     0x08009659   Thumb Code   134  upy.o(.text)
    upy_fs_init                              0x080096df   Thumb Code    78  upy.o(.text)
    upy_fs_open                              0x0800972d   Thumb Code   238  upy.o(.text)
    upy_fs_close                             0x0800981b   Thumb Code    80  upy.o(.text)
    upy_fs_read                              0x0800986b   Thumb Code   184  upy.o(.text)
    upy_fs_write                             0x08009923   Thumb Code   184  upy.o(.text)
    upy_fs_seek                              0x080099db   Thumb Code   128  upy.o(.text)
    upy_fs_tell                              0x08009a5b   Thumb Code    84  upy.o(.text)
    upy_fs_size                              0x08009aaf   Thumb Code   110  upy.o(.text)
    upy_gpio_init                            0x08009b1d   Thumb Code   366  upy.o(.text)
    upy_gpio_write                           0x08009c8b   Thumb Code   336  upy.o(.text)
    upy_gpio_read                            0x08009ddb   Thumb Code   380  upy.o(.text)
    upy_uart___init__                        0x08009f57   Thumb Code    92  upy.o(.text)
    upy_uart_init                            0x08009fb3   Thumb Code   290  upy.o(.text)
    upy_uart_read                            0x0800a0d5   Thumb Code   168  upy.o(.text)
    upy_uart_write                           0x0800a17d   Thumb Code   158  upy.o(.text)
    upy_uart_readchar                        0x0800a21b   Thumb Code    82  upy.o(.text)
    upy_uart_writechar                       0x0800a26d   Thumb Code   110  upy.o(.text)
    upy_uart_any                             0x0800a2db   Thumb Code   102  upy.o(.text)
    upy_uart_deinit                          0x0800a341   Thumb Code    72  upy.o(.text)
    upy_adc___init__                         0x0800a389   Thumb Code   110  upy.o(.text)
    upy_adc_init                             0x0800a3f7   Thumb Code    54  upy.o(.text)
    upy_adc_read                             0x0800a42d   Thumb Code    84  upy.o(.text)
    upy_dac___init__                         0x0800a481   Thumb Code   110  upy.o(.text)
    upy_dac_init                             0x0800a4ef   Thumb Code    54  upy.o(.text)
    upy_dac_write                            0x0800a525   Thumb Code   116  upy.o(.text)
    upy_modules                              0x0800a599   Thumb Code  2392  upy.o(.text)
    __aeabi_uldivmod                         0x0800af99   Thumb Code    98  uldiv.o(.text)
    __rt_ctype_table                         0x0800affd   Thumb Code     4  ctype_o.o(.text)
    isspace                                  0x0800b005   Thumb Code    18  isspace_o.o(.text)
    tolower                                  0x0800b017   Thumb Code    12  tolower.o(.text)
    __aeabi_memcpy                           0x0800b023   Thumb Code    36  memcpya.o(.text)
    __aeabi_memcpy4                          0x0800b023   Thumb Code     0  memcpya.o(.text)
    __aeabi_memcpy8                          0x0800b023   Thumb Code     0  memcpya.o(.text)
    __aeabi_memset                           0x0800b047   Thumb Code    14  memseta.o(.text)
    __aeabi_memset4                          0x0800b047   Thumb Code     0  memseta.o(.text)
    __aeabi_memset8                          0x0800b047   Thumb Code     0  memseta.o(.text)
    __aeabi_memclr                           0x0800b055   Thumb Code     4  memseta.o(.text)
    __aeabi_memclr4                          0x0800b055   Thumb Code     0  memseta.o(.text)
    __aeabi_memclr8                          0x0800b055   Thumb Code     0  memseta.o(.text)
    _memset$wrapper                          0x0800b059   Thumb Code    18  memseta.o(.text)
    strstr                                   0x0800b06b   Thumb Code    36  strstr.o(.text)
    strlen                                   0x0800b08f   Thumb Code    14  strlen.o(.text)
    strcmp                                   0x0800b09d   Thumb Code    28  strcmp.o(.text)
    atoi                                     0x0800b0b9   Thumb Code    26  atoi.o(.text)
    __aeabi_fmul                             0x0800b0d3   Thumb Code   100  fmul.o(.text)
    __aeabi_fdiv                             0x0800b137   Thumb Code   124  fdiv.o(.text)
    __aeabi_dadd                             0x0800b1b3   Thumb Code   322  dadd.o(.text)
    __aeabi_dsub                             0x0800b2f5   Thumb Code     6  dadd.o(.text)
    __aeabi_drsub                            0x0800b2fb   Thumb Code     6  dadd.o(.text)
    __aeabi_dmul                             0x0800b301   Thumb Code   228  dmul.o(.text)
    __aeabi_ddiv                             0x0800b3e5   Thumb Code   222  ddiv.o(.text)
    __aeabi_ui2f                             0x0800b4c3   Thumb Code    10  ffltui.o(.text)
    __aeabi_i2d                              0x0800b4cd   Thumb Code    34  dflti.o(.text)
    __aeabi_ui2d                             0x0800b4ef   Thumb Code    26  dfltui.o(.text)
    __aeabi_f2uiz                            0x0800b509   Thumb Code    40  ffixui.o(.text)
    __aeabi_d2uiz                            0x0800b531   Thumb Code    50  dfixui.o(.text)
    __aeabi_f2d                              0x0800b563   Thumb Code    38  f2d.o(.text)
    __aeabi_cdcmpeq                          0x0800b589   Thumb Code     0  cdcmple.o(.text)
    __aeabi_cdcmple                          0x0800b589   Thumb Code    48  cdcmple.o(.text)
    __aeabi_d2f                              0x0800b5b9   Thumb Code    56  d2f.o(.text)
    __aeabi_cfcmpeq                          0x0800b5f1   Thumb Code     0  cfcmple.o(.text)
    __aeabi_cfcmple                          0x0800b5f1   Thumb Code    20  cfcmple.o(.text)
    fgetc                                    0x0800b605   Thumb Code     8  fgetc.o(.text)
    __aeabi_uidiv                            0x0800b60d   Thumb Code     0  uidiv.o(.text)
    __aeabi_uidivmod                         0x0800b60d   Thumb Code    44  uidiv.o(.text)
    __aeabi_llsl                             0x0800b639   Thumb Code    30  llshl.o(.text)
    _ll_shift_l                              0x0800b639   Thumb Code     0  llshl.o(.text)
    __aeabi_llsr                             0x0800b657   Thumb Code    32  llushr.o(.text)
    _ll_ushift_r                             0x0800b657   Thumb Code     0  llushr.o(.text)
    __aeabi_lasr                             0x0800b677   Thumb Code    36  llsshr.o(.text)
    _ll_sshift_r                             0x0800b677   Thumb Code     0  llsshr.o(.text)
    __strtod_int                             0x0800b6d3   Thumb Code    90  strtod.o(.text)
    strtol                                   0x0800b739   Thumb Code   112  strtol.o(.text)
    __I$use$fp                               0x0800b7a9   Thumb Code     0  iusefp.o(.text)
    _float_round                             0x0800b7a9   Thumb Code    18  fepilogue.o(.text)
    _float_epilogue                          0x0800b7bb   Thumb Code    92  fepilogue.o(.text)
    _double_round                            0x0800b817   Thumb Code    30  depilogue.o(.text)
    _double_epilogue                         0x0800b835   Thumb Code   156  depilogue.o(.text)
    __aeabi_d2ulz                            0x0800b8d1   Thumb Code    48  dfixul.o(.text)
    __aeabi_cdrcmple                         0x0800b901   Thumb Code    48  cdrcmple.o(.text)
    __scatterload                            0x0800b931   Thumb Code    28  init.o(.text)
    __scatterload_rt2                        0x0800b931   Thumb Code     0  init.o(.text)
    __semihosting_library_function           0x0800b955   Thumb Code     0  semi.o(.text)
    _scanf_real                              0x0800ba55   Thumb Code     0  scanf_fp.o(.text)
    _scanf_really_real                       0x0800ba55   Thumb Code   556  scanf_fp.o(.text)
    _sgetc                                   0x0800bc8d   Thumb Code    30  _sgetc.o(.text)
    _sbackspace                              0x0800bcab   Thumb Code    34  _sgetc.o(.text)
    _strtoul                                 0x0800bccd   Thumb Code   158  _strtoul.o(.text)
    __I$use$semihosting$fgetc                0x0800bd6b   Thumb Code     0  iusesemig.o(.text)
    __I$use$semihosting$fputc                0x0800bd6b   Thumb Code     0  iusesemip.o(.text)
    _chval                                   0x0800bd6b   Thumb Code    28  _chval.o(.text)
    __aeabi_ul2d                             0x0800bd87   Thumb Code    24  dfltul.o(.text)
    __decompress                             0x0800bd9f   Thumb Code     0  __dczerorl2.o(.text)
    __decompress1                            0x0800bd9f   Thumb Code    86  __dczerorl2.o(.text)
    __0printf                                0x0800bdf5   Thumb Code    22  printfa.o(i.__0printf)
    __1printf                                0x0800bdf5   Thumb Code     0  printfa.o(i.__0printf)
    __2printf                                0x0800bdf5   Thumb Code     0  printfa.o(i.__0printf)
    __c89printf                              0x0800bdf5   Thumb Code     0  printfa.o(i.__0printf)
    printf                                   0x0800bdf5   Thumb Code     0  printfa.o(i.__0printf)
    __0sprintf                               0x0800be15   Thumb Code    34  printfa.o(i.__0sprintf)
    __1sprintf                               0x0800be15   Thumb Code     0  printfa.o(i.__0sprintf)
    __2sprintf                               0x0800be15   Thumb Code     0  printfa.o(i.__0sprintf)
    __c89sprintf                             0x0800be15   Thumb Code     0  printfa.o(i.__0sprintf)
    sprintf                                  0x0800be15   Thumb Code     0  printfa.o(i.__0sprintf)
    __0vsnprintf                             0x0800be3d   Thumb Code    40  printfa.o(i.__0vsnprintf)
    __1vsnprintf                             0x0800be3d   Thumb Code     0  printfa.o(i.__0vsnprintf)
    __2vsnprintf                             0x0800be3d   Thumb Code     0  printfa.o(i.__0vsnprintf)
    __c89vsnprintf                           0x0800be3d   Thumb Code     0  printfa.o(i.__0vsnprintf)
    vsnprintf                                0x0800be3d   Thumb Code     0  printfa.o(i.__0vsnprintf)
    __aeabi_errno_addr                       0x0800be69   Thumb Code     4  errno.o(i.__aeabi_errno_addr)
    __rt_errno_addr                          0x0800be69   Thumb Code     0  errno.o(i.__aeabi_errno_addr)
    __read_errno                             0x0800be71   Thumb Code     6  errno.o(i.__read_errno)
    __scatterload_copy                       0x0800be7d   Thumb Code    14  handlers.o(i.__scatterload_copy)
    __scatterload_null                       0x0800be8b   Thumb Code     2  handlers.o(i.__scatterload_null)
    __scatterload_zeroinit                   0x0800be8d   Thumb Code    14  handlers.o(i.__scatterload_zeroinit)
    __set_errno                              0x0800be9d   Thumb Code     6  errno.o(i.__set_errno)
    _is_digit                                0x0800c02d   Thumb Code    14  scanf_fp.o(i._is_digit)
    atof                                     0x0800c78b   Thumb Code    42  atof.o(i.atof)
    console_log                              0x0800c7b5   Thumb Code    54  console.o(i.console_log)
    console_output                           0x0800c7f1   Thumb Code    22  console.o(i.console_output)
    env_check_arg_len                        0x0800c809   Thumb Code    30  env.o(i.env_check_arg_len)
    env_check_mem                            0x0800c841   Thumb Code    20  env.o(i.env_check_mem)
    env_create_class                         0x0800c869   Thumb Code    70  env.o(i.env_create_class)
    env_create_module                        0x0800c8af   Thumb Code    86  env.o(i.env_create_module)
    env_create_object                        0x0800c905   Thumb Code    76  env.o(i.env_create_object)
    env_free                                 0x0800c951   Thumb Code    14  env.o(i.env_free)
    env_get_var                              0x0800c95f   Thumb Code    48  env.o(i.env_get_var)
    env_heap_alloc                           0x0800c98f   Thumb Code    44  env.o(i.env_heap_alloc)
    env_heap_gc                              0x0800c9bb   Thumb Code    30  env.o(i.env_heap_gc)
    env_init                                 0x0800c9d9   Thumb Code   246  env.o(i.env_init)
    env_malloc                               0x0800cacf   Thumb Code    26  env.o(i.env_malloc)
    env_module_add                           0x0800cae9   Thumb Code    60  env.o(i.env_module_add)
    env_module_get                           0x0800cb49   Thumb Code    64  env.o(i.env_module_get)
    env_native_add                           0x0800cb89   Thumb Code    38  env.o(i.env_native_add)
    env_native_get                           0x0800cbaf   Thumb Code    54  parser.o(i.env_native_get)
    env_native_index                         0x0800cbe5   Thumb Code    20  env.o(i.env_native_index)
    env_object_prop_append                   0x0800cbf9   Thumb Code   108  env.o(i.env_object_prop_append)
    env_object_prop_get                      0x0800cc65   Thumb Code    86  env.o(i.env_object_prop_get)
    env_object_prop_set                      0x0800ccbb   Thumb Code    62  env.o(i.env_object_prop_set)
    env_object_prop_set_value                0x0800ccf9   Thumb Code    48  env.o(i.env_object_prop_set_value)
    env_parser_alloc                         0x0800cd29   Thumb Code    16  parser.o(i.env_parser_alloc)
    env_scope_get_len                        0x0800cd39   Thumb Code     8  env.o(i.env_scope_get_len)
    env_scope_get_type                       0x0800cd41   Thumb Code     8  env.o(i.env_scope_get_type)
    env_scope_set_argc                       0x0800cd49   Thumb Code    18  env.o(i.env_scope_set_argc)
    env_scope_set_len                        0x0800cd5b   Thumb Code    18  env.o(i.env_scope_set_len)
    env_scope_set_type                       0x0800cd6d   Thumb Code    18  env.o(i.env_scope_set_type)
    env_set_err                              0x0800cd7f   Thumb Code     6  env.o(i.env_set_err)
    env_string_add                           0x0800cd85   Thumb Code   234  env.o(i.env_string_add)
    env_string_get                           0x0800ce6f   Thumb Code    38  env.o(i.env_string_get)
    fputc                                    0x0800ce95   Thumb Code    18  fputc.o(i.fputc)
    free                                     0x0800cea9   Thumb Code    76  malloc.o(i.free)
    gc_collect                               0x0800cef9   Thumb Code    88  gc.o(i.gc_collect)
    gc_copy_array                            0x0800cf51   Thumb Code    70  gc.o(i.gc_copy_array)
    gc_copy_buffer                           0x0800cf97   Thumb Code    56  gc.o(i.gc_copy_buffer)
    gc_copy_codes                            0x0800cfcf   Thumb Code    40  gc.o(i.gc_copy_codes)
    gc_copy_function                         0x0800cff7   Thumb Code    78  gc.o(i.gc_copy_function)
    gc_copy_keys                             0x0800d045   Thumb Code    60  gc.o(i.gc_copy_keys)
    gc_copy_object                           0x0800d081   Thumb Code    80  gc.o(i.gc_copy_object)
    gc_copy_string                           0x0800d0d1   Thumb Code   106  gc.o(i.gc_copy_string)
    gc_copy_vals                             0x0800d149   Thumb Code   414  gc.o(i.gc_copy_vals)
    gets                                     0x0800d301   Thumb Code    42  gets.o(i.gets)
    heap_alloc                               0x0800d331   Thumb Code    42  heap.o(i.heap_alloc)
    heap_clean                               0x0800d35b   Thumb Code    20  heap.o(i.heap_clean)
    heap_init                                0x0800d36f   Thumb Code    16  heap.o(i.heap_init)
    malloc                                   0x0800d381   Thumb Code    92  malloc.o(i.malloc)
    native_eval                              0x0800d3ed   Thumb Code   346  native.o(i.native_eval)
    native_gc                                0x0800d591   Thumb Code    26  native.o(i.native_gc)
    native_init                              0x0800d5b1   Thumb Code    82  native.o(i.native_init)
    native_input                             0x0800d645   Thumb Code   102  native.o(i.native_input)
    native_int                               0x0800d6ed   Thumb Code    84  native.o(i.native_int)
    native_print                             0x0800d76d   Thumb Code   628  native.o(i.native_print)
    native_show                              0x0800da71   Thumb Code    42  native.o(i.native_show)
    p_BIN                                    0x0800dac9   Thumb Code     6  parser.o(i.p_BIN)
    p_DECIMAL                                0x0800dad1   Thumb Code   264  parser.o(i.p_DECIMAL)
    p_HEX                                    0x0800dbdd   Thumb Code   160  parser.o(i.p_HEX)
    p_IMAG                                   0x0800dc7d   Thumb Code     6  parser.o(i.p_IMAG)
    p_INDENT                                 0x0800dc83   Thumb Code    30  parser.o(i.p_INDENT)
    p_NAME                                   0x0800dca1   Thumb Code   102  parser.o(i.p_NAME)
    p_NEWLINE                                0x0800dd09   Thumb Code   116  parser.o(i.p_NEWLINE)
    p_NUMBER                                 0x0800dd89   Thumb Code    88  parser.o(i.p_NUMBER)
    p_OCT                                    0x0800dde1   Thumb Code     6  parser.o(i.p_OCT)
    p_STRING                                 0x0800dde9   Thumb Code   194  parser.o(i.p_STRING)
    p_and_expr                               0x0800deb5   Thumb Code   110  parser.o(i.p_and_expr)
    p_and_test                               0x0800df29   Thumb Code   108  parser.o(i.p_and_test)
    p_arglist                                0x0800df99   Thumb Code   116  parser.o(i.p_arglist)
    p_argument                               0x0800e011   Thumb Code    20  parser.o(i.p_argument)
    p_arith_expr                             0x0800e025   Thumb Code   144  parser.o(i.p_arith_expr)
    p_atom                                   0x0800e0bd   Thumb Code   672  parser.o(i.p_atom)
    p_atom_expr                              0x0800e38d   Thumb Code   290  parser.o(i.p_atom_expr)
    p_augassign                              0x0800e4b1   Thumb Code   338  parser.o(i.p_augassign)
    p_break_stmt                             0x0800e631   Thumb Code    60  parser.o(i.p_break_stmt)
    p_classdef                               0x0800e68d   Thumb Code   658  parser.o(i.p_classdef)
    p_comp_for                               0x0800e94d   Thumb Code   134  parser.o(i.p_comp_for)
    p_comp_if                                0x0800e9dd   Thumb Code    74  parser.o(i.p_comp_if)
    p_comp_iter                              0x0800ea2d   Thumb Code    32  parser.o(i.p_comp_iter)
    p_comp_op                                0x0800ea4d   Thumb Code   152  parser.o(i.p_comp_op)
    p_comparison                             0x0800eafd   Thumb Code   180  parser.o(i.p_comparison)
    p_compound_stmt                          0x0800ebb1   Thumb Code   104  parser.o(i.p_compound_stmt)
    p_continue_stmt                          0x0800ec19   Thumb Code    32  parser.o(i.p_continue_stmt)
    p_dictorsetmaker                         0x0800ec45   Thumb Code   142  parser.o(i.p_dictorsetmaker)
    p_dotted_as_name                         0x0800ecdd   Thumb Code    80  parser.o(i.p_dotted_as_name)
    p_dotted_as_names                        0x0800ed31   Thumb Code    92  parser.o(i.p_dotted_as_names)
    p_dotted_name                            0x0800ed91   Thumb Code   230  parser.o(i.p_dotted_name)
    p_except_clause                          0x0800ee7d   Thumb Code   154  parser.o(i.p_except_clause)
    p_expr                                   0x0800ef25   Thumb Code   110  parser.o(i.p_expr)
    p_expr_stmt                              0x0800ef99   Thumb Code   150  parser.o(i.p_expr_stmt)
    p_exprlist                               0x0800f031   Thumb Code   112  parser.o(i.p_exprlist)
    p_factor                                 0x0800f0a5   Thumb Code   170  parser.o(i.p_factor)
    p_file_input                             0x0800f15d   Thumb Code   360  parser.o(i.p_file_input)
    p_flow_stmt                              0x0800f2c5   Thumb Code    56  parser.o(i.p_flow_stmt)
    p_for_stmt                               0x0800f2fd   Thumb Code   460  parser.o(i.p_for_stmt)
    p_funcdef                                0x0800f4dd   Thumb Code   462  parser.o(i.p_funcdef)
    p_global_stmt                            0x0800f6cd   Thumb Code   168  parser.o(i.p_global_stmt)
    p_if_stmt                                0x0800f77d   Thumb Code   732  parser.o(i.p_if_stmt)
    p_import_from                            0x0800fa71   Thumb Code     6  parser.o(i.p_import_from)
    p_import_name                            0x0800fa79   Thumb Code    86  parser.o(i.p_import_name)
    p_import_stmt                            0x0800fad9   Thumb Code    32  parser.o(i.p_import_stmt)
    p_nonlocal_stmt                          0x0800faf9   Thumb Code    60  parser.o(i.p_nonlocal_stmt)
    p_not_test                               0x0800fb41   Thumb Code    78  parser.o(i.p_not_test)
    p_or_test                                0x0800fb95   Thumb Code   108  parser.o(i.p_or_test)
    p_parameters                             0x0800fc05   Thumb Code    86  parser.o(i.p_parameters)
    p_pass_stmt                              0x0800fc65   Thumb Code    32  parser.o(i.p_pass_stmt)
    p_raise_stmt                             0x0800fc8d   Thumb Code    78  parser.o(i.p_raise_stmt)
    p_return_stmt                            0x0800fce5   Thumb Code    92  parser.o(i.p_return_stmt)
    p_shift_expr                             0x0800fd49   Thumb Code   144  parser.o(i.p_shift_expr)
    p_simple_stmt                            0x0800fde1   Thumb Code   158  parser.o(i.p_simple_stmt)
    p_sliceop                                0x0800fe85   Thumb Code    50  parser.o(i.p_sliceop)
    p_small_stmt                             0x0800febd   Thumb Code    80  parser.o(i.p_small_stmt)
    p_stmt                                   0x0800ff0d   Thumb Code    36  parser.o(i.p_stmt)
    p_subscript                              0x0800ff31   Thumb Code   162  parser.o(i.p_subscript)
    p_subscriptlist                          0x0800ffd9   Thumb Code   144  parser.o(i.p_subscriptlist)
    p_suite                                  0x0801006d   Thumb Code    92  parser.o(i.p_suite)
    p_term                                   0x080100dd   Thumb Code   202  parser.o(i.p_term)
    p_test                                   0x080101b5   Thumb Code    16  parser.o(i.p_test)
    p_test_nocond                            0x080101c5   Thumb Code    20  parser.o(i.p_test_nocond)
    p_testlist                               0x080101d9   Thumb Code   108  parser.o(i.p_testlist)
    p_testlist_comp                          0x08010249   Thumb Code   148  parser.o(i.p_testlist_comp)
    p_testlist_star_expr                     0x080102e1   Thumb Code    16  parser.o(i.p_testlist_star_expr)
    p_tfpdef                                 0x080102f1   Thumb Code    36  parser.o(i.p_tfpdef)
    p_trailer                                0x08010315   Thumb Code   336  parser.o(i.p_trailer)
    p_try_stmt                               0x08010479   Thumb Code   606  parser.o(i.p_try_stmt)
    p_typedargslist                          0x080106f9   Thumb Code   234  parser.o(i.p_typedargslist)
    p_while_stmt                             0x080107e9   Thumb Code   314  parser.o(i.p_while_stmt)
    p_xor_expr                               0x08010939   Thumb Code   110  parser.o(i.p_xor_expr)
    parser_Comment                           0x080109ad   Thumb Code    82  parser.o(i.parser_Comment)
    parser_EOF                               0x08010a05   Thumb Code    34  parser.o(i.parser_EOF)
    parser_LT                                0x08010a27   Thumb Code    60  parser.o(i.parser_LT)
    parser_LineComment                       0x08010a65   Thumb Code    82  parser.o(i.parser_LineComment)
    parser_add_item                          0x08010ac1   Thumb Code    98  parser.o(i.parser_add_item)
    parser_add_line_info                     0x08010b23   Thumb Code    24  parser.o(i.parser_add_line_info)
    parser_bc_add_double                     0x08010b3d   Thumb Code    68  parser.o(i.parser_bc_add_double)
    parser_bc_add_int                        0x08010b95   Thumb Code    60  parser.o(i.parser_bc_add_int)
    parser_bc_add_op                         0x08010be5   Thumb Code    52  parser.o(i.parser_bc_add_op)
    parser_bc_add_op_16                      0x08010c2d   Thumb Code    26  parser.o(i.parser_bc_add_op_16)
    parser_bc_add_op_32                      0x08010c47   Thumb Code    26  parser.o(i.parser_bc_add_op_32)
    parser_bc_add_op_8                       0x08010c61   Thumb Code    26  parser.o(i.parser_bc_add_op_8)
    parser_bc_add_op_double                  0x08010c7b   Thumb Code    34  parser.o(i.parser_bc_add_op_double)
    parser_bc_add_short                      0x08010c9d   Thumb Code    62  parser.o(i.parser_bc_add_short)
    parser_bc_replace_int                    0x08010cf1   Thumb Code    16  parser.o(i.parser_bc_replace_int)
    parser_bc_replace_op                     0x08010d01   Thumb Code     8  parser.o(i.parser_bc_replace_op)
    parser_create_class                      0x08010d09   Thumb Code    34  parser.o(i.parser_create_class)
    parser_create_fn                         0x08010d2b   Thumb Code    26  parser.o(i.parser_create_fn)
    parser_create_item                       0x08010d45   Thumb Code    10  parser.o(i.parser_create_item)
    parser_delete                            0x08010d4f   Thumb Code    22  parser.o(i.parser_delete)
    parser_eat_token                         0x08010d65   Thumb Code     8  parser.o(i.parser_eat_token)
    parser_get_item                          0x08010d6d   Thumb Code    40  parser.o(i.parser_get_item)
    parser_get_item_len                      0x08010d95   Thumb Code    18  parser.o(i.parser_get_item_len)
    parser_get_val_gen_pos                   0x08010da7   Thumb Code    68  parser.o(i.parser_get_val_gen_pos)
    parser_get_val_pos                       0x08010deb   Thumb Code    54  parser.o(i.parser_get_val_pos)
    parser_hex_to_int                        0x08010e21   Thumb Code   114  parser.o(i.parser_hex_to_int)
    parser_is_flag                           0x08010e93   Thumb Code    16  parser.o(i.parser_is_flag)
    parser_is_hex                            0x08010ea3   Thumb Code    60  parser.o(i.parser_is_hex)
    parser_is_preprocess                     0x08010edf   Thumb Code    14  parser.o(i.parser_is_preprocess)
    parser_next_ch                           0x08010eed   Thumb Code     8  parser.o(i.parser_next_ch)
    parser_put_string                        0x08010ef5   Thumb Code    18  parser.o(i.parser_put_string)
    parser_set_flag                          0x08010f07   Thumb Code     8  parser.o(i.parser_set_flag)
    parser_token                             0x08010f0f   Thumb Code   134  parser.o(i.parser_token)
    parser_token_id                          0x08010f95   Thumb Code    88  parser.o(i.parser_token_id)
    pyparser_run                             0x08010fed   Thumb Code    70  parser.o(i.pyparser_run)
    vm_boot                                  0x0801144d   Thumb Code   110  vm.o(i.vm_boot)
    vm_bytes_2_double                        0x080114c5   Thumb Code    18  vm.o(i.vm_bytes_2_double)
    vm_bytes_2_int                           0x080114d7   Thumb Code    12  vm.o(i.vm_bytes_2_int)
    vm_check_err                             0x080114e3   Thumb Code    48  vm.o(i.vm_check_err)
    vm_errcode_parse                         0x08011515   Thumb Code   146  vm.o(i.vm_errcode_parse)
    vm_init                                  0x08011669   Thumb Code    68  vm.o(i.vm_init)
    vm_load_module                           0x080116ad   Thumb Code   362  vm.o(i.vm_load_module)
    vm_op_aadd                               0x08011825   Thumb Code   250  vm.o(i.vm_op_aadd)
    vm_op_aand                               0x08011975   Thumb Code   114  vm.o(i.vm_op_aand)
    vm_op_add                                0x080119fd   Thumb Code   220  vm.o(i.vm_op_add)
    vm_op_adiv                               0x08011b19   Thumb Code   142  vm.o(i.vm_op_adiv)
    vm_op_alsh                               0x08011bd1   Thumb Code   120  vm.o(i.vm_op_alsh)
    vm_op_amod                               0x08011c5d   Thumb Code   132  vm.o(i.vm_op_amod)
    vm_op_amul                               0x08011d09   Thumb Code   112  vm.o(i.vm_op_amul)
    vm_op_and                                0x08011d8d   Thumb Code   232  vm.o(i.vm_op_and)
    vm_op_aor                                0x08011e89   Thumb Code   114  vm.o(i.vm_op_aor)
    vm_op_ap                                 0x08011f11   Thumb Code    98  vm.o(i.vm_op_ap)
    vm_op_arsh                               0x08011f75   Thumb Code   114  vm.o(i.vm_op_arsh)
    vm_op_asub                               0x08011ffd   Thumb Code   112  vm.o(i.vm_op_asub)
    vm_op_av                                 0x08012081   Thumb Code    86  vm.o(i.vm_op_av)
    vm_op_axor                               0x080120d9   Thumb Code   114  vm.o(i.vm_op_axor)
    vm_op_br                                 0x08012161   Thumb Code   236  vm.o(i.vm_op_br)
    vm_op_dec                                0x0801224d   Thumb Code   100  vm.o(i.vm_op_dec)
    vm_op_decp                               0x080122dd   Thumb Code   100  vm.o(i.vm_op_decp)
    vm_op_del                                0x0801236d   Thumb Code     6  vm.o(i.vm_op_del)
    vm_op_div                                0x08012375   Thumb Code   130  vm.o(i.vm_op_div)
    vm_op_duplicate_object                   0x08012421   Thumb Code   176  vm.o(i.vm_op_duplicate_object)
    vm_op_eq                                 0x080124e5   Thumb Code   240  vm.o(i.vm_op_eq)
    vm_op_get_val_from_parents               0x080125e9   Thumb Code    62  vm.o(i.vm_op_get_val_from_parents)
    vm_op_gt                                 0x08012629   Thumb Code    96  vm.o(i.vm_op_gt)
    vm_op_gteq                               0x0801269d   Thumb Code    96  vm.o(i.vm_op_gteq)
    vm_op_inc                                0x08012711   Thumb Code   100  vm.o(i.vm_op_inc)
    vm_op_incp                               0x080127a1   Thumb Code   100  vm.o(i.vm_op_incp)
    vm_op_list                               0x08012831   Thumb Code   118  vm.o(i.vm_op_list)
    vm_op_lnative                            0x080128ad   Thumb Code    56  vm.o(i.vm_op_lnative)
    vm_op_lp                                 0x080128f9   Thumb Code   152  vm.o(i.vm_op_lp)
    vm_op_lsh                                0x080129a1   Thumb Code    96  vm.o(i.vm_op_lsh)
    vm_op_lt                                 0x08012a15   Thumb Code    96  vm.o(i.vm_op_lt)
    vm_op_lteq                               0x08012a89   Thumb Code    96  vm.o(i.vm_op_lteq)
    vm_op_lv                                 0x08012afd   Thumb Code   108  vm.o(i.vm_op_lv)
    vm_op_mod                                0x08012b79   Thumb Code   100  vm.o(i.vm_op_mod)
    vm_op_mul                                0x08012bf1   Thumb Code   102  vm.o(i.vm_op_mul)
    vm_op_neq                                0x08012c6d   Thumb Code   158  vm.o(i.vm_op_neq)
    vm_op_or                                 0x08012d21   Thumb Code    96  vm.o(i.vm_op_or)
    vm_op_rsh                                0x08012d95   Thumb Code    96  vm.o(i.vm_op_rsh)
    vm_op_sub                                0x08012e09   Thumb Code   102  vm.o(i.vm_op_sub)
    vm_op_teq                                0x08012e85   Thumb Code    96  vm.o(i.vm_op_teq)
    vm_op_throw                              0x08012ee5   Thumb Code    52  vm.o(i.vm_op_throw)
    vm_op_tneq                               0x08012f19   Thumb Code    96  vm.o(i.vm_op_tneq)
    vm_op_xor                                0x08012f79   Thumb Code    96  vm.o(i.vm_op_xor)
    vm_print_exception                       0x08012fed   Thumb Code    32  vm.o(i.vm_print_exception)
    vm_run                                   0x08013035   Thumb Code  4568  vm.o(i.vm_run)
    MASS_DeviceDescriptor                    0x08014210   Data          18  usb_desc.o(.constdata)
    MASS_ConfigDescriptor                    0x08014222   Data          32  usb_desc.o(.constdata)
    MASS_StringLangID                        0x08014242   Data           4  usb_desc.o(.constdata)
    MASS_StringVendor                        0x08014246   Data          38  usb_desc.o(.constdata)
    MASS_StringProduct                       0x0801426c   Data          38  usb_desc.o(.constdata)
    MASS_StringInterface                     0x08014292   Data          16  usb_desc.o(.constdata)
    table_week                               0x08022c58   Data          12  rtc.o(.constdata)
    mon_table                                0x08022c64   Data          12  rtc.o(.constdata)
    __ctype_table                            0x08022c70   Data         129  ctype_o.o(.constdata)
    Region$$Table$$Base                      0x08022cf8   Number         0  anon$$obj.o(Region$$Table)
    Region$$Table$$Limit                     0x08022d18   Number         0  anon$$obj.o(Region$$Table)
    SystemCoreClock                          0x20000000   Data           4  system_stm32f10x.o(.data)
    AHBPrescTable                            0x20000004   Data          16  system_stm32f10x.o(.data)
    StatusInfo                               0x20000028   Data           2  usb_core.o(.data)
    Data_Mul_MaxPacketSize                   0x2000002a   Data           1  usb_core.o(.data)
    EPindex                                  0x2000002c   Data           1  usb_init.o(.data)
    pInformation                             0x20000030   Data           4  usb_init.o(.data)
    pProperty                                0x20000034   Data           4  usb_init.o(.data)
    SaveState                                0x20000038   Data           2  usb_init.o(.data)
    wInterrupt_Mask                          0x2000003a   Data           2  usb_init.o(.data)
    pUser_Standard_Requests                  0x2000003c   Data           4  usb_init.o(.data)
    SaveRState                               0x20000040   Data           2  usb_int.o(.data)
    SaveTState                               0x20000042   Data           2  usb_int.o(.data)
    Mass_Memory_Size                         0x20000044   Data           8  mass_mal.o(.data)
    Mass_Block_Size                          0x2000004c   Data           8  mass_mal.o(.data)
    Mass_Block_Count                         0x20000054   Data           8  mass_mal.o(.data)
    Status                                   0x2000005c   Data           4  mass_mal.o(.data)
    Block_Read_count                         0x20000060   Data           4  memory.o(.data)
    Block_offset                             0x20000064   Data           4  memory.o(.data)
    Counter                                  0x20000068   Data           4  memory.o(.data)
    Idx                                      0x2000006c   Data           4  memory.o(.data)
    TransferState                            0x20000070   Data           1  memory.o(.data)
    Page00_Inquiry_Data                      0x20000084   Data           5  scsi_data.o(.data)
    Standard_Inquiry_Data                    0x20000089   Data          36  scsi_data.o(.data)
    Standard_Inquiry_Data2                   0x200000ad   Data          36  scsi_data.o(.data)
    Mode_Sense6_data                         0x200000d1   Data           4  scsi_data.o(.data)
    Mode_Sense10_data                        0x200000d5   Data           8  scsi_data.o(.data)
    Scsi_Sense_Data                          0x200000dd   Data          18  scsi_data.o(.data)
    ReadCapacity10_Data                      0x200000ef   Data           8  scsi_data.o(.data)
    ReadFormatCapacity_Data                  0x200000f7   Data          12  scsi_data.o(.data)
    Bot_State                                0x20000104   Data           1  usb_bot.o(.data)
    Data_Len                                 0x20000106   Data           2  usb_bot.o(.data)
    SCSI_LBA                                 0x20000108   Data           4  usb_bot.o(.data)
    SCSI_BlkLen                              0x2000010c   Data           4  usb_bot.o(.data)
    MASS_StringSerial                        0x20000110   Data          26  usb_desc.o(.data)
    wIstr                                    0x2000012c   Data           2  usb_istr.o(.data)
    bIntPackSOF                              0x2000012e   Data           1  usb_istr.o(.data)
    pEpInt_IN                                0x20000130   Data          28  usb_istr.o(.data)
    pEpInt_OUT                               0x2000014c   Data          28  usb_istr.o(.data)
    Max_Lun                                  0x20000168   Data           4  usb_prop.o(.data)
    Device_Table                             0x2000016c   Data           2  usb_prop.o(.data)
    Device_Property                          0x20000170   Data          48  usb_prop.o(.data)
    User_Standard_Requests                   0x200001a0   Data          36  usb_prop.o(.data)
    Device_Descriptor                        0x200001c4   Data           8  usb_prop.o(.data)
    Config_Descriptor                        0x200001cc   Data           8  usb_prop.o(.data)
    String_Descriptor                        0x200001d4   Data          40  usb_prop.o(.data)
    bDeviceState                             0x200001fc   Data           4  usb_pwr.o(.data)
    fSuspendEnabled                          0x20000200   Data           1  usb_pwr.o(.data)
    ResumeS                                  0x20000201   Data           2  usb_pwr.o(.data)
    StopCondition                            0x2000020c   Data           4  bsp_sdio_sdcard.o(.data)
    TransferError                            0x20000210   Data           1  bsp_sdio_sdcard.o(.data)
    TransferEnd                              0x20000214   Data           4  bsp_sdio_sdcard.o(.data)
    ADC_ConvertedValue                       0x20000218   Data           2  bsp_adc.o(.data)
    __stdin                                  0x20000228   Data           4  stdin.o(.data)
    __stdout                                 0x2000022c   Data           4  stdout.o(.data)
    __microlib_freelist                      0x20000230   Data           4  mvars.o(.data)
    __microlib_freelist_initialised          0x20000234   Data           4  mvars.o(.data)
    Device_Info                              0x2000023c   Data          28  usb_init.o(.bss)
    Data_Buffer                              0x20000258   Data         512  memory.o(.bss)
    Bulk_Data_Buff                           0x20000458   Data          64  usb_bot.o(.bss)
    CBW                                      0x20000498   Data          32  usb_bot.o(.bss)
    CSW                                      0x200004b8   Data          16  usb_bot.o(.bss)
    fs                                       0x200004c8   Data         564  main.o(.bss)
    uart1_buffer                             0x200006fc   Data         518  bsp_usart.o(.bss)
    uart2_buffer                             0x20000902   Data         518  bsp_usart.o(.bss)
    uart3_buffer                             0x20000b08   Data         518  bsp_usart.o(.bss)
    uart4_buffer                             0x20000d0e   Data         518  bsp_usart.o(.bss)
    uart5_buffer                             0x20000f14   Data         518  bsp_usart.o(.bss)
    SDCardInfo                               0x20001150   Data          88  bsp_sdio_sdcard.o(.bss)
    SDIO_InitStructure                       0x200011a8   Data          24  bsp_sdio_sdcard.o(.bss)
    SDIO_CmdInitStructure                    0x200011c0   Data          20  bsp_sdio_sdcard.o(.bss)
    SDIO_DataInitStructure                   0x200011d4   Data          24  bsp_sdio_sdcard.o(.bss)
    calendar                                 0x200013ec   Data          10  rtc.o(.bss)
    input_buf                                0x200017f6   Data        2048  native.o(.bss)
    __heap_base                              0x20001ff8   Data           0  startup_stm32f10x_hd.o(HEAP)
    __heap_limit                             0x20009ff8   Data           0  startup_stm32f10x_hd.o(HEAP)
    __initial_sp                             0x2000aff8   Data           0  startup_stm32f10x_hd.o(STACK)



==============================================================================

Memory Map of the image

  Image Entry point : 0x08000131

  Load Region LR_IROM1 (Base: 0x08000000, Size: 0x00022f54, Max: 0x00080000, ABSOLUTE, COMPRESSED[0x00022de0])

    Execution Region ER_IROM1 (Base: 0x08000000, Size: 0x00022d18, Max: 0x00080000, ABSOLUTE)

    Base Addr    Size         Type   Attr      Idx    E Section Name        Object

    0x08000000   0x00000130   Data   RO            3    RESET               startup_stm32f10x_hd.o
    0x08000130   0x00000000   Code   RO         2833  * .ARM.Collect$$$$00000000  mc_w.l(entry.o)
    0x08000130   0x00000004   Code   RO         3201    .ARM.Collect$$$$00000001  mc_w.l(entry2.o)
    0x08000134   0x00000004   Code   RO         3204    .ARM.Collect$$$$00000004  mc_w.l(entry5.o)
    0x08000138   0x00000000   Code   RO         3206    .ARM.Collect$$$$00000008  mc_w.l(entry7b.o)
    0x08000138   0x00000000   Code   RO         3208    .ARM.Collect$$$$0000000A  mc_w.l(entry8b.o)
    0x08000138   0x00000008   Code   RO         3209    .ARM.Collect$$$$0000000B  mc_w.l(entry9a.o)
    0x08000140   0x00000000   Code   RO         3211    .ARM.Collect$$$$0000000D  mc_w.l(entry10a.o)
    0x08000140   0x00000000   Code   RO         3213    .ARM.Collect$$$$0000000F  mc_w.l(entry11a.o)
    0x08000140   0x00000004   Code   RO         3202    .ARM.Collect$$$$00002712  mc_w.l(entry2.o)
    0x08000144   0x00000024   Code   RO            4    .text               startup_stm32f10x_hd.o
    0x08000168   0x000001e0   Code   RO           24    .text               system_stm32f10x.o
    0x08000348   0x000000dc   Code   RO          121    .text               misc.o
    0x08000424   0x0000044e   Code   RO          137    .text               stm32f10x_adc.o
    0x08000872   0x00000002   PAD
    0x08000874   0x000000c4   Code   RO          149    .text               stm32f10x_bkp.o
    0x08000938   0x0000018c   Code   RO          197    .text               stm32f10x_dac.o
    0x08000ac4   0x00000254   Code   RO          221    .text               stm32f10x_dma.o
    0x08000d18   0x0000035c   Code   RO          269    .text               stm32f10x_gpio.o
    0x08001074   0x000000cc   Code   RO          305    .text               stm32f10x_pwr.o
    0x08001140   0x000003a4   Code   RO          317    .text               stm32f10x_rcc.o
    0x080014e4   0x00000148   Code   RO          331    .text               stm32f10x_rtc.o
    0x0800162c   0x000001d4   Code   RO          343    .text               stm32f10x_sdio.o
    0x08001800   0x00000408   Code   RO          379    .text               stm32f10x_usart.o
    0x08001c08   0x00000b50   Code   RO          403    .text               usb_core.o
    0x08002758   0x0000003c   Code   RO          454    .text               usb_init.o
    0x08002794   0x0000033c   Code   RO          477    .text               usb_int.o
    0x08002ad0   0x0000005c   Code   RO          501    .text               usb_mem.o
    0x08002b2c   0x00000808   Code   RO          513    .text               usb_regs.o
    0x08003334   0x00000080   Code   RO          525    .text               usb_sil.o
    0x080033b4   0x00000154   Code   RO          537    .text               hw_config.o
    0x08003508   0x00000164   Code   RO          569    .text               mass_mal.o
    0x0800366c   0x00000218   Code   RO          585    .text               memory.o
    0x08003884   0x0000044c   Code   RO          624    .text               usb_bot.o
    0x08003cd0   0x00000010   Code   RO          654    .text               usb_endp.o
    0x08003ce0   0x00000050   Code   RO          669    .text               usb_istr.o
    0x08003d30   0x00000268   Code   RO          687    .text               usb_prop.o
    0x08003f98   0x00000148   Code   RO          714    .text               usb_pwr.o
    0x080040e0   0x0000041c   Code   RO          732    .text               usb_scsi.o
    0x080044fc   0x00000128   Code   RO          745    .text               main.o
    0x08004624   0x00000032   Code   RO          836    .text               stm32f10x_it.o
    0x08004656   0x00000002   PAD
    0x08004658   0x00000068   Code   RO          848    .text               bsp_led.o
    0x080046c0   0x00000514   Code   RO          863    .text               bsp_usart.o
    0x08004bd4   0x000016f8   Code   RO          882    .text               bsp_sdio_sdcard.o
    0x080062cc   0x00000114   Code   RO          898    .text               bsp_adc.o
    0x080063e0   0x000000bc   Code   RO          916    .text               bsp_dac.o
    0x0800649c   0x000000d4   Code   RO          931    .text               delay.o
    0x08006570   0x0000022c   Code   RO          948    .text               diskio.o
    0x0800679c   0x00002502   Code   RO          970    .text               ff.o
    0x08008c9e   0x00000002   PAD
    0x08008ca0   0x00000188   Code   RO          998    .text               ffunicode.o
    0x08008e28   0x00000438   Code   RO         1027    .text               rtc.o
    0x08009260   0x00001d38   Code   RO         1047    .text               upy.o
    0x0800af98   0x00000062   Code   RO         2838    .text               mc_w.l(uldiv.o)
    0x0800affa   0x00000002   PAD
    0x0800affc   0x00000008   Code   RO         2840    .text               mc_w.l(ctype_o.o)
    0x0800b004   0x00000012   Code   RO         2862    .text               mc_w.l(isspace_o.o)
    0x0800b016   0x0000000c   Code   RO         2868    .text               mc_w.l(tolower.o)
    0x0800b022   0x00000024   Code   RO         2870    .text               mc_w.l(memcpya.o)
    0x0800b046   0x00000024   Code   RO         2872    .text               mc_w.l(memseta.o)
    0x0800b06a   0x00000024   Code   RO         2874    .text               mc_w.l(strstr.o)
    0x0800b08e   0x0000000e   Code   RO         2876    .text               mc_w.l(strlen.o)
    0x0800b09c   0x0000001c   Code   RO         2878    .text               mc_w.l(strcmp.o)
    0x0800b0b8   0x0000001a   Code   RO         3171    .text               mc_w.l(atoi.o)
    0x0800b0d2   0x00000064   Code   RO         3173    .text               mf_w.l(fmul.o)
    0x0800b136   0x0000007c   Code   RO         3175    .text               mf_w.l(fdiv.o)
    0x0800b1b2   0x0000014e   Code   RO         3177    .text               mf_w.l(dadd.o)
    0x0800b300   0x000000e4   Code   RO         3179    .text               mf_w.l(dmul.o)
    0x0800b3e4   0x000000de   Code   RO         3181    .text               mf_w.l(ddiv.o)
    0x0800b4c2   0x0000000a   Code   RO         3183    .text               mf_w.l(ffltui.o)
    0x0800b4cc   0x00000022   Code   RO         3185    .text               mf_w.l(dflti.o)
    0x0800b4ee   0x0000001a   Code   RO         3187    .text               mf_w.l(dfltui.o)
    0x0800b508   0x00000028   Code   RO         3189    .text               mf_w.l(ffixui.o)
    0x0800b530   0x00000032   Code   RO         3191    .text               mf_w.l(dfixui.o)
    0x0800b562   0x00000026   Code   RO         3193    .text               mf_w.l(f2d.o)
    0x0800b588   0x00000030   Code   RO         3195    .text               mf_w.l(cdcmple.o)
    0x0800b5b8   0x00000038   Code   RO         3197    .text               mf_w.l(d2f.o)
    0x0800b5f0   0x00000014   Code   RO         3199    .text               mf_w.l(cfcmple.o)
    0x0800b604   0x00000008   Code   RO         3215    .text               mc_w.l(fgetc.o)
    0x0800b60c   0x0000002c   Code   RO         3230    .text               mc_w.l(uidiv.o)
    0x0800b638   0x0000001e   Code   RO         3232    .text               mc_w.l(llshl.o)
    0x0800b656   0x00000020   Code   RO         3234    .text               mc_w.l(llushr.o)
    0x0800b676   0x00000024   Code   RO         3236    .text               mc_w.l(llsshr.o)
    0x0800b69a   0x00000002   PAD
    0x0800b69c   0x0000009c   Code   RO         3247    .text               mc_w.l(strtod.o)
    0x0800b738   0x00000070   Code   RO         3249    .text               mc_w.l(strtol.o)
    0x0800b7a8   0x00000000   Code   RO         3251    .text               mc_w.l(iusefp.o)
    0x0800b7a8   0x0000006e   Code   RO         3252    .text               mf_w.l(fepilogue.o)
    0x0800b816   0x000000ba   Code   RO         3254    .text               mf_w.l(depilogue.o)
    0x0800b8d0   0x00000030   Code   RO         3256    .text               mf_w.l(dfixul.o)
    0x0800b900   0x00000030   Code   RO         3258    .text               mf_w.l(cdrcmple.o)
    0x0800b930   0x00000024   Code   RO         3260    .text               mc_w.l(init.o)
    0x0800b954   0x00000000   Code   RO         3262    .text               mc_w.l(semi.o)
    0x0800b954   0x00000338   Code   RO         3265    .text               mc_w.l(scanf_fp.o)
    0x0800bc8c   0x00000040   Code   RO         3269    .text               mc_w.l(_sgetc.o)
    0x0800bccc   0x0000009e   Code   RO         3271    .text               mc_w.l(_strtoul.o)
    0x0800bd6a   0x00000000   Code   RO         3273    .text               mc_w.l(iusesemig.o)
    0x0800bd6a   0x00000000   Code   RO         3274    .text               mc_w.l(iusesemip.o)
    0x0800bd6a   0x0000001c   Code   RO         3278    .text               mc_w.l(_chval.o)
    0x0800bd86   0x00000018   Code   RO         3280    .text               mf_w.l(dfltul.o)
    0x0800bd9e   0x00000056   Code   RO         3290    .text               mc_w.l(__dczerorl2.o)
    0x0800bdf4   0x00000020   Code   RO         3115    i.__0printf         mc_w.l(printfa.o)
    0x0800be14   0x00000028   Code   RO         3117    i.__0sprintf        mc_w.l(printfa.o)
    0x0800be3c   0x0000002c   Code   RO         3120    i.__0vsnprintf      mc_w.l(printfa.o)
    0x0800be68   0x00000008   Code   RO         3240    i.__aeabi_errno_addr  mc_w.l(errno.o)
    0x0800be70   0x0000000c   Code   RO         3241    i.__read_errno      mc_w.l(errno.o)
    0x0800be7c   0x0000000e   Code   RO         3284    i.__scatterload_copy  mc_w.l(handlers.o)
    0x0800be8a   0x00000002   Code   RO         3285    i.__scatterload_null  mc_w.l(handlers.o)
    0x0800be8c   0x0000000e   Code   RO         3286    i.__scatterload_zeroinit  mc_w.l(handlers.o)
    0x0800be9a   0x00000002   PAD
    0x0800be9c   0x0000000c   Code   RO         3242    i.__set_errno       mc_w.l(errno.o)
    0x0800bea8   0x00000184   Code   RO         3122    i._fp_digits        mc_w.l(printfa.o)
    0x0800c02c   0x0000000e   Code   RO         3267    i._is_digit         mc_w.l(scanf_fp.o)
    0x0800c03a   0x00000002   PAD
    0x0800c03c   0x000006dc   Code   RO         3123    i._printf_core      mc_w.l(printfa.o)
    0x0800c718   0x00000024   Code   RO         3124    i._printf_post_padding  mc_w.l(printfa.o)
    0x0800c73c   0x0000002e   Code   RO         3125    i._printf_pre_padding  mc_w.l(printfa.o)
    0x0800c76a   0x00000016   Code   RO         3126    i._snputc           mc_w.l(printfa.o)
    0x0800c780   0x0000000a   Code   RO         3127    i._sputc            mc_w.l(printfa.o)
    0x0800c78a   0x0000002a   Code   RO         2830    i.atof              m_ws.l(atof.o)
    0x0800c7b4   0x0000003c   Code   RO         1810    i.console_log       upython.lib(console.o)
    0x0800c7f0   0x00000016   Code   RO         1812    i.console_output    upython.lib(console.o)
    0x0800c806   0x00000002   PAD
    0x0800c808   0x00000038   Code   RO         1087    i.env_check_arg_len  upython.lib(env.o)
    0x0800c840   0x00000028   Code   RO         1088    i.env_check_mem     upython.lib(env.o)
    0x0800c868   0x00000046   Code   RO         1090    i.env_create_class  upython.lib(env.o)
    0x0800c8ae   0x00000056   Code   RO         1092    i.env_create_module  upython.lib(env.o)
    0x0800c904   0x0000004c   Code   RO         1093    i.env_create_object  upython.lib(env.o)
    0x0800c950   0x0000000e   Code   RO         1094    i.env_free          upython.lib(env.o)
    0x0800c95e   0x00000030   Code   RO         1095    i.env_get_var       upython.lib(env.o)
    0x0800c98e   0x0000002c   Code   RO         1097    i.env_heap_alloc    upython.lib(env.o)
    0x0800c9ba   0x0000001e   Code   RO         1098    i.env_heap_gc       upython.lib(env.o)
    0x0800c9d8   0x000000f6   Code   RO         1100    i.env_init          upython.lib(env.o)
    0x0800cace   0x0000001a   Code   RO         1101    i.env_malloc        upython.lib(env.o)
    0x0800cae8   0x00000060   Code   RO         1102    i.env_module_add    upython.lib(env.o)
    0x0800cb48   0x00000040   Code   RO         1103    i.env_module_get    upython.lib(env.o)
    0x0800cb88   0x00000026   Code   RO         1104    i.env_native_add    upython.lib(env.o)
    0x0800cbae   0x00000036   Code   RO         2066    i.env_native_get    upython.lib(parser.o)
    0x0800cbe4   0x00000014   Code   RO         1105    i.env_native_index  upython.lib(env.o)
    0x0800cbf8   0x0000006c   Code   RO         1106    i.env_object_prop_append  upython.lib(env.o)
    0x0800cc64   0x00000056   Code   RO         1107    i.env_object_prop_get  upython.lib(env.o)
    0x0800ccba   0x0000003e   Code   RO         1109    i.env_object_prop_set  upython.lib(env.o)
    0x0800ccf8   0x00000030   Code   RO         1110    i.env_object_prop_set_value  upython.lib(env.o)
    0x0800cd28   0x00000010   Code   RO         2067    i.env_parser_alloc  upython.lib(parser.o)
    0x0800cd38   0x00000008   Code   RO         1112    i.env_scope_get_len  upython.lib(env.o)
    0x0800cd40   0x00000008   Code   RO         1113    i.env_scope_get_type  upython.lib(env.o)
    0x0800cd48   0x00000012   Code   RO         1114    i.env_scope_set_argc  upython.lib(env.o)
    0x0800cd5a   0x00000012   Code   RO         1115    i.env_scope_set_len  upython.lib(env.o)
    0x0800cd6c   0x00000012   Code   RO         1116    i.env_scope_set_type  upython.lib(env.o)
    0x0800cd7e   0x00000006   Code   RO         1117    i.env_set_err       upython.lib(env.o)
    0x0800cd84   0x000000ea   Code   RO         1118    i.env_string_add    upython.lib(env.o)
    0x0800ce6e   0x00000026   Code   RO         1119    i.env_string_get    upython.lib(env.o)
    0x0800ce94   0x00000012   Code   RO         3226    i.fputc             mc_w.l(fputc.o)
    0x0800cea6   0x00000002   PAD
    0x0800cea8   0x00000050   Code   RO         3143    i.free              mc_w.l(malloc.o)
    0x0800cef8   0x00000058   Code   RO         1854    i.gc_collect        upython.lib(gc.o)
    0x0800cf50   0x00000046   Code   RO         1855    i.gc_copy_array     upython.lib(gc.o)
    0x0800cf96   0x00000038   Code   RO         1856    i.gc_copy_buffer    upython.lib(gc.o)
    0x0800cfce   0x00000028   Code   RO         1857    i.gc_copy_codes     upython.lib(gc.o)
    0x0800cff6   0x0000004e   Code   RO         1858    i.gc_copy_function  upython.lib(gc.o)
    0x0800d044   0x0000003c   Code   RO         1859    i.gc_copy_keys      upython.lib(gc.o)
    0x0800d080   0x00000050   Code   RO         1860    i.gc_copy_object    upython.lib(gc.o)
    0x0800d0d0   0x00000078   Code   RO         1862    i.gc_copy_string    upython.lib(gc.o)
    0x0800d148   0x000001b8   Code   RO         1863    i.gc_copy_vals      upython.lib(gc.o)
    0x0800d300   0x00000030   Code   RO         2836    i.gets              mc_w.l(gets.o)
    0x0800d330   0x0000002a   Code   RO         1940    i.heap_alloc        upython.lib(heap.o)
    0x0800d35a   0x00000014   Code   RO         1941    i.heap_clean        upython.lib(heap.o)
    0x0800d36e   0x00000010   Code   RO         1942    i.heap_init         upython.lib(heap.o)
    0x0800d37e   0x00000002   PAD
    0x0800d380   0x0000006c   Code   RO         3144    i.malloc            mc_w.l(malloc.o)
    0x0800d3ec   0x000001a4   Code   RO         1967    i.native_eval       upython.lib(native.o)
    0x0800d590   0x00000020   Code   RO         1968    i.native_gc         upython.lib(native.o)
    0x0800d5b0   0x00000094   Code   RO         1969    i.native_init       upython.lib(native.o)
    0x0800d644   0x000000a8   Code   RO         1970    i.native_input      upython.lib(native.o)
    0x0800d6ec   0x00000080   Code   RO         1971    i.native_int        upython.lib(native.o)
    0x0800d76c   0x00000304   Code   RO         1972    i.native_print      upython.lib(native.o)
    0x0800da70   0x00000058   Code   RO         1973    i.native_show       upython.lib(native.o)
    0x0800dac8   0x00000006   Code   RO         2068    i.p_BIN             upython.lib(parser.o)
    0x0800dace   0x00000002   PAD
    0x0800dad0   0x0000010c   Code   RO         2069    i.p_DECIMAL         upython.lib(parser.o)
    0x0800dbdc   0x000000a0   Code   RO         2071    i.p_HEX             upython.lib(parser.o)
    0x0800dc7c   0x00000006   Code   RO         2072    i.p_IMAG            upython.lib(parser.o)
    0x0800dc82   0x0000001e   Code   RO         2073    i.p_INDENT          upython.lib(parser.o)
    0x0800dca0   0x00000066   Code   RO         2074    i.p_NAME            upython.lib(parser.o)
    0x0800dd06   0x00000002   PAD
    0x0800dd08   0x00000080   Code   RO         2075    i.p_NEWLINE         upython.lib(parser.o)
    0x0800dd88   0x00000058   Code   RO         2076    i.p_NUMBER          upython.lib(parser.o)
    0x0800dde0   0x00000006   Code   RO         2077    i.p_OCT             upython.lib(parser.o)
    0x0800dde6   0x00000002   PAD
    0x0800dde8   0x000000cc   Code   RO         2079    i.p_STRING          upython.lib(parser.o)
    0x0800deb4   0x00000074   Code   RO         2080    i.p_and_expr        upython.lib(parser.o)
    0x0800df28   0x00000070   Code   RO         2081    i.p_and_test        upython.lib(parser.o)
    0x0800df98   0x00000078   Code   RO         2082    i.p_arglist         upython.lib(parser.o)
    0x0800e010   0x00000014   Code   RO         2083    i.p_argument        upython.lib(parser.o)
    0x0800e024   0x00000098   Code   RO         2084    i.p_arith_expr      upython.lib(parser.o)
    0x0800e0bc   0x000002d0   Code   RO         2085    i.p_atom            upython.lib(parser.o)
    0x0800e38c   0x00000122   Code   RO         2086    i.p_atom_expr       upython.lib(parser.o)
    0x0800e4ae   0x00000002   PAD
    0x0800e4b0   0x00000180   Code   RO         2087    i.p_augassign       upython.lib(parser.o)
    0x0800e630   0x0000005c   Code   RO         2088    i.p_break_stmt      upython.lib(parser.o)
    0x0800e68c   0x000002c0   Code   RO         2089    i.p_classdef        upython.lib(parser.o)
    0x0800e94c   0x00000090   Code   RO         2090    i.p_comp_for        upython.lib(parser.o)
    0x0800e9dc   0x00000050   Code   RO         2091    i.p_comp_if         upython.lib(parser.o)
    0x0800ea2c   0x00000020   Code   RO         2092    i.p_comp_iter       upython.lib(parser.o)
    0x0800ea4c   0x000000b0   Code   RO         2093    i.p_comp_op         upython.lib(parser.o)
    0x0800eafc   0x000000b4   Code   RO         2094    i.p_comparison      upython.lib(parser.o)
    0x0800ebb0   0x00000068   Code   RO         2095    i.p_compound_stmt   upython.lib(parser.o)
    0x0800ec18   0x0000002c   Code   RO         2096    i.p_continue_stmt   upython.lib(parser.o)
    0x0800ec44   0x00000098   Code   RO         2097    i.p_dictorsetmaker  upython.lib(parser.o)
    0x0800ecdc   0x00000054   Code   RO         2098    i.p_dotted_as_name  upython.lib(parser.o)
    0x0800ed30   0x00000060   Code   RO         2099    i.p_dotted_as_names  upython.lib(parser.o)
    0x0800ed90   0x000000ec   Code   RO         2100    i.p_dotted_name     upython.lib(parser.o)
    0x0800ee7c   0x000000a8   Code   RO         2102    i.p_except_clause   upython.lib(parser.o)
    0x0800ef24   0x00000074   Code   RO         2103    i.p_expr            upython.lib(parser.o)
    0x0800ef98   0x00000096   Code   RO         2104    i.p_expr_stmt       upython.lib(parser.o)
    0x0800f02e   0x00000002   PAD
    0x0800f030   0x00000074   Code   RO         2105    i.p_exprlist        upython.lib(parser.o)
    0x0800f0a4   0x000000b8   Code   RO         2106    i.p_factor          upython.lib(parser.o)
    0x0800f15c   0x00000168   Code   RO         2107    i.p_file_input      upython.lib(parser.o)
    0x0800f2c4   0x00000038   Code   RO         2108    i.p_flow_stmt       upython.lib(parser.o)
    0x0800f2fc   0x000001e0   Code   RO         2109    i.p_for_stmt        upython.lib(parser.o)
    0x0800f4dc   0x000001f0   Code   RO         2110    i.p_funcdef         upython.lib(parser.o)
    0x0800f6cc   0x000000b0   Code   RO         2111    i.p_global_stmt     upython.lib(parser.o)
    0x0800f77c   0x000002f4   Code   RO         2112    i.p_if_stmt         upython.lib(parser.o)
    0x0800fa70   0x00000006   Code   RO         2115    i.p_import_from     upython.lib(parser.o)
    0x0800fa76   0x00000002   PAD
    0x0800fa78   0x00000060   Code   RO         2116    i.p_import_name     upython.lib(parser.o)
    0x0800fad8   0x00000020   Code   RO         2117    i.p_import_stmt     upython.lib(parser.o)
    0x0800faf8   0x00000048   Code   RO         2118    i.p_nonlocal_stmt   upython.lib(parser.o)
    0x0800fb40   0x00000054   Code   RO         2119    i.p_not_test        upython.lib(parser.o)
    0x0800fb94   0x00000070   Code   RO         2120    i.p_or_test         upython.lib(parser.o)
    0x0800fc04   0x00000060   Code   RO         2121    i.p_parameters      upython.lib(parser.o)
    0x0800fc64   0x00000028   Code   RO         2122    i.p_pass_stmt       upython.lib(parser.o)
    0x0800fc8c   0x00000058   Code   RO         2123    i.p_raise_stmt      upython.lib(parser.o)
    0x0800fce4   0x00000064   Code   RO         2124    i.p_return_stmt     upython.lib(parser.o)
    0x0800fd48   0x00000098   Code   RO         2125    i.p_shift_expr      upython.lib(parser.o)
    0x0800fde0   0x000000a4   Code   RO         2126    i.p_simple_stmt     upython.lib(parser.o)
    0x0800fe84   0x00000038   Code   RO         2127    i.p_sliceop         upython.lib(parser.o)
    0x0800febc   0x00000050   Code   RO         2128    i.p_small_stmt      upython.lib(parser.o)
    0x0800ff0c   0x00000024   Code   RO         2129    i.p_stmt            upython.lib(parser.o)
    0x0800ff30   0x000000a8   Code   RO         2130    i.p_subscript       upython.lib(parser.o)
    0x0800ffd8   0x00000094   Code   RO         2131    i.p_subscriptlist   upython.lib(parser.o)
    0x0801006c   0x00000070   Code   RO         2132    i.p_suite           upython.lib(parser.o)
    0x080100dc   0x000000d8   Code   RO         2133    i.p_term            upython.lib(parser.o)
    0x080101b4   0x00000010   Code   RO         2134    i.p_test            upython.lib(parser.o)
    0x080101c4   0x00000014   Code   RO         2135    i.p_test_nocond     upython.lib(parser.o)
    0x080101d8   0x00000070   Code   RO         2136    i.p_testlist        upython.lib(parser.o)
    0x08010248   0x00000098   Code   RO         2137    i.p_testlist_comp   upython.lib(parser.o)
    0x080102e0   0x00000010   Code   RO         2138    i.p_testlist_star_expr  upython.lib(parser.o)
    0x080102f0   0x00000024   Code   RO         2139    i.p_tfpdef          upython.lib(parser.o)
    0x08010314   0x00000164   Code   RO         2140    i.p_trailer         upython.lib(parser.o)
    0x08010478   0x00000280   Code   RO         2141    i.p_try_stmt        upython.lib(parser.o)
    0x080106f8   0x000000f0   Code   RO         2142    i.p_typedargslist   upython.lib(parser.o)
    0x080107e8   0x00000150   Code   RO         2143    i.p_while_stmt      upython.lib(parser.o)
    0x08010938   0x00000074   Code   RO         2144    i.p_xor_expr        upython.lib(parser.o)
    0x080109ac   0x00000058   Code   RO         2145    i.parser_Comment    upython.lib(parser.o)
    0x08010a04   0x00000022   Code   RO         2146    i.parser_EOF        upython.lib(parser.o)
    0x08010a26   0x0000003c   Code   RO         2147    i.parser_LT         upython.lib(parser.o)
    0x08010a62   0x00000002   PAD
    0x08010a64   0x0000005c   Code   RO         2150    i.parser_LineComment  upython.lib(parser.o)
    0x08010ac0   0x00000062   Code   RO         2151    i.parser_add_item   upython.lib(parser.o)
    0x08010b22   0x00000018   Code   RO         2152    i.parser_add_line_info  upython.lib(parser.o)
    0x08010b3a   0x00000002   PAD
    0x08010b3c   0x00000058   Code   RO         2154    i.parser_bc_add_double  upython.lib(parser.o)
    0x08010b94   0x00000050   Code   RO         2155    i.parser_bc_add_int  upython.lib(parser.o)
    0x08010be4   0x00000048   Code   RO         2156    i.parser_bc_add_op  upython.lib(parser.o)
    0x08010c2c   0x0000001a   Code   RO         2157    i.parser_bc_add_op_16  upython.lib(parser.o)
    0x08010c46   0x0000001a   Code   RO         2158    i.parser_bc_add_op_32  upython.lib(parser.o)
    0x08010c60   0x0000001a   Code   RO         2159    i.parser_bc_add_op_8  upython.lib(parser.o)
    0x08010c7a   0x00000022   Code   RO         2160    i.parser_bc_add_op_double  upython.lib(parser.o)
    0x08010c9c   0x00000054   Code   RO         2162    i.parser_bc_add_short  upython.lib(parser.o)
    0x08010cf0   0x00000010   Code   RO         2164    i.parser_bc_replace_int  upython.lib(parser.o)
    0x08010d00   0x00000008   Code   RO         2165    i.parser_bc_replace_op  upython.lib(parser.o)
    0x08010d08   0x00000022   Code   RO         2168    i.parser_create_class  upython.lib(parser.o)
    0x08010d2a   0x0000001a   Code   RO         2169    i.parser_create_fn  upython.lib(parser.o)
    0x08010d44   0x0000000a   Code   RO         2170    i.parser_create_item  upython.lib(parser.o)
    0x08010d4e   0x00000016   Code   RO         2171    i.parser_delete     upython.lib(parser.o)
    0x08010d64   0x00000008   Code   RO         2172    i.parser_eat_token  upython.lib(parser.o)
    0x08010d6c   0x00000028   Code   RO         2173    i.parser_get_item   upython.lib(parser.o)
    0x08010d94   0x00000012   Code   RO         2174    i.parser_get_item_len  upython.lib(parser.o)
    0x08010da6   0x00000044   Code   RO         2175    i.parser_get_val_gen_pos  upython.lib(parser.o)
    0x08010dea   0x00000036   Code   RO         2176    i.parser_get_val_pos  upython.lib(parser.o)
    0x08010e20   0x00000072   Code   RO         2177    i.parser_hex_to_int  upython.lib(parser.o)
    0x08010e92   0x00000010   Code   RO         2178    i.parser_is_flag    upython.lib(parser.o)
    0x08010ea2   0x0000003c   Code   RO         2179    i.parser_is_hex     upython.lib(parser.o)
    0x08010ede   0x0000000e   Code   RO         2180    i.parser_is_preprocess  upython.lib(parser.o)
    0x08010eec   0x00000008   Code   RO         2181    i.parser_next_ch    upython.lib(parser.o)
    0x08010ef4   0x00000012   Code   RO         2182    i.parser_put_string  upython.lib(parser.o)
    0x08010f06   0x00000008   Code   RO         2183    i.parser_set_flag   upython.lib(parser.o)
    0x08010f0e   0x00000086   Code   RO         2185    i.parser_token      upython.lib(parser.o)
    0x08010f94   0x00000058   Code   RO         2186    i.parser_token_id   upython.lib(parser.o)
    0x08010fec   0x00000046   Code   RO         2188    i.pyparser_run      upython.lib(parser.o)
    0x08011032   0x00000002   PAD
    0x08011034   0x00000048   Code   RO         1333    i.val_2_cstring     upython.lib(vm.o)
    0x0801107c   0x00000048   Code   RO         1974    i.val_2_cstring     upython.lib(native.o)
    0x080110c4   0x00000008   Code   RO         1334    i.val_2_double      upython.lib(vm.o)
    0x080110cc   0x00000008   Code   RO         1975    i.val_2_double      upython.lib(native.o)
    0x080110d4   0x00000010   Code   RO         1335    i.val_2_integer     upython.lib(vm.o)
    0x080110e4   0x00000010   Code   RO         1976    i.val_2_integer     upython.lib(native.o)
    0x080110f4   0x00000006   Code   RO         1336    i.val_2_intptr      upython.lib(vm.o)
    0x080110fa   0x00000006   Code   RO         1864    i.val_2_intptr      upython.lib(gc.o)
    0x08011100   0x00000006   Code   RO         1977    i.val_2_intptr      upython.lib(native.o)
    0x08011106   0x00000002   PAD
    0x08011108   0x00000028   Code   RO         1337    i.val_is_boolean    upython.lib(vm.o)
    0x08011130   0x00000024   Code   RO         1338    i.val_is_class      upython.lib(vm.o)
    0x08011154   0x00000020   Code   RO         1339    i.val_is_foreign    upython.lib(vm.o)
    0x08011174   0x00000028   Code   RO         1341    i.val_is_global     upython.lib(vm.o)
    0x0801119c   0x00000048   Code   RO         1342    i.val_is_integer    upython.lib(vm.o)
    0x080111e4   0x00000048   Code   RO         1978    i.val_is_integer    upython.lib(native.o)
    0x0801122c   0x00000028   Code   RO         1343    i.val_is_list       upython.lib(vm.o)
    0x08011254   0x00000028   Code   RO         1344    i.val_is_native     upython.lib(vm.o)
    0x0801127c   0x00000020   Code   RO         1345    i.val_is_number     upython.lib(vm.o)
    0x0801129c   0x00000020   Code   RO         1979    i.val_is_number     upython.lib(native.o)
    0x080112bc   0x00000028   Code   RO         1346    i.val_is_object     upython.lib(vm.o)
    0x080112e4   0x00000028   Code   RO         1347    i.val_is_script     upython.lib(vm.o)
    0x0801130c   0x00000050   Code   RO         1348    i.val_is_string     upython.lib(vm.o)
    0x0801135c   0x00000050   Code   RO         1980    i.val_is_string     upython.lib(native.o)
    0x080113ac   0x00000010   Code   RO         1349    i.val_mk_object     upython.lib(vm.o)
    0x080113bc   0x0000001c   Code   RO         1350    i.val_set_boolean   upython.lib(vm.o)
    0x080113d8   0x00000014   Code   RO         1351    i.val_set_foreign   upython.lib(vm.o)
    0x080113ec   0x00000014   Code   RO         1352    i.val_set_heap_string  upython.lib(vm.o)
    0x08011400   0x00000006   Code   RO         1353    i.val_set_number    upython.lib(vm.o)
    0x08011406   0x00000002   PAD
    0x08011408   0x00000014   Code   RO         1865    i.val_set_script    upython.lib(gc.o)
    0x0801141c   0x00000010   Code   RO         1354    i.val_set_undefined  upython.lib(vm.o)
    0x0801142c   0x0000001e   Code   RO         1355    i.val_type          upython.lib(vm.o)
    0x0801144a   0x00000002   PAD
    0x0801144c   0x00000078   Code   RO         1356    i.vm_boot           upython.lib(vm.o)
    0x080114c4   0x00000012   Code   RO         1357    i.vm_bytes_2_double  upython.lib(vm.o)
    0x080114d6   0x0000000c   Code   RO         1358    i.vm_bytes_2_int    upython.lib(vm.o)
    0x080114e2   0x00000030   Code   RO         1359    i.vm_check_err      upython.lib(vm.o)
    0x08011512   0x00000002   PAD
    0x08011514   0x00000154   Code   RO         1360    i.vm_errcode_parse  upython.lib(vm.o)
    0x08011668   0x00000044   Code   RO         1361    i.vm_init           upython.lib(vm.o)
    0x080116ac   0x00000178   Code   RO         1362    i.vm_load_module    upython.lib(vm.o)
    0x08011824   0x00000150   Code   RO         1363    i.vm_op_aadd        upython.lib(vm.o)
    0x08011974   0x00000088   Code   RO         1364    i.vm_op_aand        upython.lib(vm.o)
    0x080119fc   0x0000011c   Code   RO         1365    i.vm_op_add         upython.lib(vm.o)
    0x08011b18   0x000000b8   Code   RO         1366    i.vm_op_adiv        upython.lib(vm.o)
    0x08011bd0   0x0000008c   Code   RO         1367    i.vm_op_alsh        upython.lib(vm.o)
    0x08011c5c   0x000000ac   Code   RO         1368    i.vm_op_amod        upython.lib(vm.o)
    0x08011d08   0x00000084   Code   RO         1369    i.vm_op_amul        upython.lib(vm.o)
    0x08011d8c   0x000000fc   Code   RO         1370    i.vm_op_and         upython.lib(vm.o)
    0x08011e88   0x00000088   Code   RO         1371    i.vm_op_aor         upython.lib(vm.o)
    0x08011f10   0x00000062   Code   RO         1372    i.vm_op_ap          upython.lib(vm.o)
    0x08011f72   0x00000002   PAD
    0x08011f74   0x00000088   Code   RO         1373    i.vm_op_arsh        upython.lib(vm.o)
    0x08011ffc   0x00000084   Code   RO         1374    i.vm_op_asub        upython.lib(vm.o)
    0x08012080   0x00000056   Code   RO         1375    i.vm_op_av          upython.lib(vm.o)
    0x080120d6   0x00000002   PAD
    0x080120d8   0x00000088   Code   RO         1376    i.vm_op_axor        upython.lib(vm.o)
    0x08012160   0x000000ec   Code   RO         1377    i.vm_op_br          upython.lib(vm.o)
    0x0801224c   0x00000090   Code   RO         1378    i.vm_op_dec         upython.lib(vm.o)
    0x080122dc   0x00000090   Code   RO         1379    i.vm_op_decp        upython.lib(vm.o)
    0x0801236c   0x00000006   Code   RO         1380    i.vm_op_del         upython.lib(vm.o)
    0x08012372   0x00000002   PAD
    0x08012374   0x000000ac   Code   RO         1381    i.vm_op_div         upython.lib(vm.o)
    0x08012420   0x000000c4   Code   RO         1382    i.vm_op_duplicate_object  upython.lib(vm.o)
    0x080124e4   0x00000104   Code   RO         1383    i.vm_op_eq          upython.lib(vm.o)
    0x080125e8   0x0000003e   Code   RO         1384    i.vm_op_get_val_from_parents  upython.lib(vm.o)
    0x08012626   0x00000002   PAD
    0x08012628   0x00000074   Code   RO         1385    i.vm_op_gt          upython.lib(vm.o)
    0x0801269c   0x00000074   Code   RO         1386    i.vm_op_gteq        upython.lib(vm.o)
    0x08012710   0x00000090   Code   RO         1387    i.vm_op_inc         upython.lib(vm.o)
    0x080127a0   0x00000090   Code   RO         1388    i.vm_op_incp        upython.lib(vm.o)
    0x08012830   0x0000007c   Code   RO         1389    i.vm_op_list        upython.lib(vm.o)
    0x080128ac   0x0000004c   Code   RO         1390    i.vm_op_lnative     upython.lib(vm.o)
    0x080128f8   0x000000a8   Code   RO         1391    i.vm_op_lp          upython.lib(vm.o)
    0x080129a0   0x00000074   Code   RO         1392    i.vm_op_lsh         upython.lib(vm.o)
    0x08012a14   0x00000074   Code   RO         1393    i.vm_op_lt          upython.lib(vm.o)
    0x08012a88   0x00000074   Code   RO         1394    i.vm_op_lteq        upython.lib(vm.o)
    0x08012afc   0x0000007c   Code   RO         1395    i.vm_op_lv          upython.lib(vm.o)
    0x08012b78   0x00000078   Code   RO         1396    i.vm_op_mod         upython.lib(vm.o)
    0x08012bf0   0x0000007c   Code   RO         1397    i.vm_op_mul         upython.lib(vm.o)
    0x08012c6c   0x000000b4   Code   RO         1398    i.vm_op_neq         upython.lib(vm.o)
    0x08012d20   0x00000074   Code   RO         1399    i.vm_op_or          upython.lib(vm.o)
    0x08012d94   0x00000074   Code   RO         1400    i.vm_op_rsh         upython.lib(vm.o)
    0x08012e08   0x0000007c   Code   RO         1401    i.vm_op_sub         upython.lib(vm.o)
    0x08012e84   0x00000060   Code   RO         1402    i.vm_op_teq         upython.lib(vm.o)
    0x08012ee4   0x00000034   Code   RO         1403    i.vm_op_throw       upython.lib(vm.o)
    0x08012f18   0x00000060   Code   RO         1404    i.vm_op_tneq        upython.lib(vm.o)
    0x08012f78   0x00000074   Code   RO         1405    i.vm_op_xor         upython.lib(vm.o)
    0x08012fec   0x00000048   Code   RO         1406    i.vm_print_exception  upython.lib(vm.o)
    0x08013034   0x000011dc   Code   RO         1408    i.vm_run            upython.lib(vm.o)
    0x08014210   0x00000092   Data   RO          641    .constdata          usb_desc.o
    0x080142a2   0x00000017   Data   RO          972    .constdata          ff.o
    0x080142b9   0x00000001   PAD
    0x080142ba   0x0000e99e   Data   RO          999    .constdata          ffunicode.o
    0x08022c58   0x00000018   Data   RO         1029    .constdata          rtc.o
    0x08022c70   0x00000081   Data   RO         2841    .constdata          mc_w.l(ctype_o.o)
    0x08022cf1   0x00000003   PAD
    0x08022cf4   0x00000004   Data   RO         2842    .constdata          mc_w.l(ctype_o.o)
    0x08022cf8   0x00000020   Data   RO         3282    Region$$Table       anon$$obj.o


    Execution Region RW_IRAM1 (Base: 0x20000000, Size: 0x0000aff8, Max: 0x00010000, ABSOLUTE, COMPRESSED[0x000000c8])

    Base Addr    Size         Type   Attr      Idx    E Section Name        Object

    0x20000000   0x00000014   Data   RW           25    .data               system_stm32f10x.o
    0x20000014   0x00000014   Data   RW          318    .data               stm32f10x_rcc.o
    0x20000028   0x00000003   Data   RW          404    .data               usb_core.o
    0x2000002b   0x00000001   PAD
    0x2000002c   0x00000014   Data   RW          456    .data               usb_init.o
    0x20000040   0x00000004   Data   RW          478    .data               usb_int.o
    0x20000044   0x0000001c   Data   RW          570    .data               mass_mal.o
    0x20000060   0x00000024   Data   RW          587    .data               memory.o
    0x20000084   0x0000007f   Data   RW          612    .data               scsi_data.o
    0x20000103   0x00000001   PAD
    0x20000104   0x0000000c   Data   RW          626    .data               usb_bot.o
    0x20000110   0x0000001a   Data   RW          642    .data               usb_desc.o
    0x2000012a   0x00000002   PAD
    0x2000012c   0x0000003c   Data   RW          670    .data               usb_istr.o
    0x20000168   0x00000094   Data   RW          688    .data               usb_prop.o
    0x200001fc   0x00000007   Data   RW          715    .data               usb_pwr.o
    0x20000203   0x00000001   PAD
    0x20000204   0x00000014   Data   RW          884    .data               bsp_sdio_sdcard.o
    0x20000218   0x00000002   Data   RW          899    .data               bsp_adc.o
    0x2000021a   0x00000004   Data   RW          932    .data               delay.o
    0x2000021e   0x00000002   PAD
    0x20000220   0x00000006   Data   RW          973    .data               ff.o
    0x20000226   0x00000002   Data   RW         1030    .data               rtc.o
    0x20000228   0x00000004   Data   RW         3228    .data               mc_w.l(stdin.o)
    0x2000022c   0x00000004   Data   RW         3229    .data               mc_w.l(stdout.o)
    0x20000230   0x00000004   Data   RW         3238    .data               mc_w.l(mvars.o)
    0x20000234   0x00000004   Data   RW         3239    .data               mc_w.l(mvars.o)
    0x20000238   0x00000004   Data   RW         3243    .data               mc_w.l(errno.o)
    0x2000023c   0x0000001c   Zero   RW          455    .bss                usb_init.o
    0x20000258   0x00000200   Zero   RW          586    .bss                memory.o
    0x20000458   0x00000070   Zero   RW          625    .bss                usb_bot.o
    0x200004c8   0x00000234   Zero   RW          746    .bss                main.o
    0x200006fc   0x00000a1e   Zero   RW          864    .bss                bsp_usart.o
    0x2000111a   0x00000006   PAD
    0x20001120   0x000000cc   Zero   RW          883    .bss                bsp_sdio_sdcard.o
    0x200011ec   0x00000200   Zero   RW          971    .bss                ff.o
    0x200013ec   0x0000000a   Zero   RW         1028    .bss                rtc.o
    0x200013f6   0x00000400   Zero   RW         1813    .bss                upython.lib(console.o)
    0x200017f6   0x00000800   Zero   RW         1981    .bss                upython.lib(native.o)
    0x20001ff6   0x00000002   PAD
    0x20001ff8   0x00008000   Zero   RW            2    HEAP                startup_stm32f10x_hd.o
    0x20009ff8   0x00001000   Zero   RW            1    STACK               startup_stm32f10x_hd.o


==============================================================================

Image component sizes


      Code (inc. data)   RO Data    RW Data    ZI Data      Debug   Object Name

       276         14          0          2          0       1879   bsp_adc.o
       188         14          0          0          0        825   bsp_dac.o
       104          4          0          0          0       1172   bsp_led.o
      5880        212          0         20        204      17655   bsp_sdio_sdcard.o
      1300        122          0          0       2590       5034   bsp_usart.o
         0          0          0          0          0       4508   core_cm3.o
       212         18          0          4          0       1095   delay.o
       556         10          0          0          0       4831   diskio.o
      9474         82         23          6        512      45024   ff.o
       392         28      59806          0          0       2452   ffunicode.o
       340         20          0          0          0       8728   hw_config.o
       296         22          0          0        564      14870   main.o
       356         22          0         28          0       2900   mass_mal.o
       536         60          0         36        512       3634   memory.o
       220         22          0          0          0       2001   misc.o
      1080         30         24          2         10       4574   rtc.o
         0          0          0        127          0       1262   scsi_data.o
        36          8        304          0      36864        896   startup_stm32f10x_hd.o
      1102         26          0          0          0      11237   stm32f10x_adc.o
       196          8          0          0          0       3700   stm32f10x_bkp.o
       396          6          0          0          0       3862   stm32f10x_dac.o
       596          8          0          0          0       4562   stm32f10x_dma.o
       860         38          0          0          0       5929   stm32f10x_gpio.o
        50          0          0          0          0       1711   stm32f10x_it.o
       204         14          0          0          0       1987   stm32f10x_pwr.o
       932         36          0         20          0       9136   stm32f10x_rcc.o
       328          4          0          0          0       2762   stm32f10x_rtc.o
       468         22          0          0          0       7316   stm32f10x_sdio.o
      1032         22          0          0          0       8656   stm32f10x_usart.o
       480         38          0         20          0     263287   system_stm32f10x.o
      7480        634          0          0          0      27903   upy.o
      1100         60          0         12        112       3097   usb_bot.o
      2896        114          0          3          0      20451   usb_core.o
         0          0        146         26          0       1164   usb_desc.o
        16          0          0          0          0        631   usb_endp.o
        60         24          0         20         28       4406   usb_init.o
       828         34          0          4          0       2183   usb_int.o
        80         18          0         60          0       1576   usb_istr.o
        92          6          0          0          0       1634   usb_mem.o
       616         48          0        148          0       7396   usb_prop.o
       328         22          0          7          0       2949   usb_pwr.o
      2056         20          0          0          0      12213   usb_regs.o
      1052         48          0          0          0       5258   usb_scsi.o
       128          8          0          0          0       1706   usb_sil.o

    ----------------------------------------------------------------------
     44628       1946      60336        552      41402     540052   Object Totals
         0          0         32          0          0          0   (incl. Generated)
         6          0          1          7          6          0   (incl. Padding)

    ----------------------------------------------------------------------

      Code (inc. data)   RO Data    RW Data    ZI Data      Debug   Library Member Name

        42          0          0          0          0         84   atof.o
        86          0          0          0          0          0   __dczerorl2.o
        28          0          0          0          0         68   _chval.o
        64          0          0          0          0         84   _sgetc.o
       158          0          0          0          0         92   _strtoul.o
        26          0          0          0          0         80   atoi.o
         8          4        133          0          0         68   ctype_o.o
         0          0          0          0          0          0   entry.o
         0          0          0          0          0          0   entry10a.o
         0          0          0          0          0          0   entry11a.o
         8          4          0          0          0          0   entry2.o
         4          0          0          0          0          0   entry5.o
         0          0          0          0          0          0   entry7b.o
         0          0          0          0          0          0   entry8b.o
         8          4          0          0          0          0   entry9a.o
        32         16          0          4          0        204   errno.o
         8          0          0          0          0         68   fgetc.o
        18          0          0          0          0         80   fputc.o
        48          6          0          0          0         80   gets.o
        30          0          0          0          0          0   handlers.o
        36          8          0          0          0         68   init.o
        18          0          0          0          0         76   isspace_o.o
         0          0          0          0          0          0   iusefp.o
         0          0          0          0          0          0   iusesemig.o
         0          0          0          0          0          0   iusesemip.o
        30          0          0          0          0         68   llshl.o
        36          0          0          0          0         68   llsshr.o
        32          0          0          0          0         68   llushr.o
       188         20          0          0          0        160   malloc.o
        36          0          0          0          0         68   memcpya.o
        36          0          0          0          0        108   memseta.o
         0          0          0          8          0          0   mvars.o
      2374        100          0          0          0        752   printfa.o
       838         12          0          0          0        216   scanf_fp.o
         0          0          0          0          0          0   semi.o
         0          0          0          4          0          0   stdin.o
         0          0          0          4          0          0   stdout.o
        28          0          0          0          0         76   strcmp.o
        14          0          0          0          0         68   strlen.o
        36          0          0          0          0         80   strstr.o
       156         12          0          0          0        120   strtod.o
       112          0          0          0          0         88   strtol.o
        12          0          0          0          0         68   tolower.o
        44          0          0          0          0         80   uidiv.o
        98          0          0          0          0         92   uldiv.o
        48          0          0          0          0         68   cdcmple.o
        48          0          0          0          0         68   cdrcmple.o
        20          0          0          0          0         68   cfcmple.o
        56          0          0          0          0         88   d2f.o
       334          0          0          0          0        148   dadd.o
       222          0          0          0          0        100   ddiv.o
       186          0          0          0          0        176   depilogue.o
        50          0          0          0          0         76   dfixui.o
        48          0          0          0          0         68   dfixul.o
        34          0          0          0          0         76   dflti.o
        26          0          0          0          0         76   dfltui.o
        24          0          0          0          0         76   dfltul.o
       228          0          0          0          0         96   dmul.o
        38          0          0          0          0         68   f2d.o
       124          0          0          0          0         88   fdiv.o
       110          0          0          0          0        168   fepilogue.o
        40          0          0          0          0         68   ffixui.o
        10          0          0          0          0         68   ffltui.o
       100          0          0          0          0         76   fmul.o
        82          6          0          0       1024       2363   console.o
      1606         82          0          0          0      22801   env.o
      1058         46          0          0          0      13497   gc.o
        78          0          0          0          0       2046   heap.o
      2042        474          0          0       2048      17173   native.o
     13728        754          0          0          0      79187   parser.o
     12436       1632          0          0          0      58631   vm.o

    ----------------------------------------------------------------------
     37516       3180        136         20       3074     200650   Library Totals
        48          0          3          0          2          0   (incl. Padding)

    ----------------------------------------------------------------------

      Code (inc. data)   RO Data    RW Data    ZI Data      Debug   Library Name

        42          0          0          0          0         84   m_ws.l
      4650        186        133         20          0       3148   mc_w.l
      1746          0          0          0          0       1720   mf_w.l
     31030       2994          0          0       3072     195698   upython.lib

    ----------------------------------------------------------------------
     37516       3180        136         20       3074     200650   Library Totals

    ----------------------------------------------------------------------

==============================================================================


      Code (inc. data)   RO Data    RW Data    ZI Data      Debug   

     82144       5126      60472        572      44476     721434   Grand Totals
     82144       5126      60472        200      44476     721434   ELF Image Totals (compressed)
     82144       5126      60472        200          0          0   ROM Totals

==============================================================================

    Total RO  Size (Code + RO Data)               142616 ( 139.27kB)
    Total RW  Size (RW Data + ZI Data)             45048 (  43.99kB)
    Total ROM Size (Code + RO Data + RW Data)     142816 ( 139.47kB)

==============================================================================

